[2025-03-03T14:01:06.199-0600][gc] Using G1
[2025-03-03T14:01:06.203-0600][gc,init] Version: 17.0.10+11-LTS-240 (release)
[2025-03-03T14:01:06.203-0600][gc,init] CPUs: 12 total, 12 available
[2025-03-03T14:01:06.203-0600][gc,init] Memory: 16291M
[2025-03-03T14:01:06.203-0600][gc,init] Large Page Support: Disabled
[2025-03-03T14:01:06.203-0600][gc,init] NUMA Support: Disabled
[2025-03-03T14:01:06.203-0600][gc,init] Compressed Oops: Enabled (32-bit)
[2025-03-03T14:01:06.203-0600][gc,init] Heap Region Size: 1M
[2025-03-03T14:01:06.203-0600][gc,init] Heap Min Capacity: 1G
[2025-03-03T14:01:06.203-0600][gc,init] Heap Initial Capacity: 1G
[2025-03-03T14:01:06.204-0600][gc,init] Heap Max Capacity: 1G
[2025-03-03T14:01:06.204-0600][gc,init] Pre-touch: Disabled
[2025-03-03T14:01:06.204-0600][gc,init] Parallel Workers: 10
[2025-03-03T14:01:06.204-0600][gc,init] Concurrent Workers: 3
[2025-03-03T14:01:06.204-0600][gc,init] Concurrent Refinement Workers: 10
[2025-03-03T14:01:06.204-0600][gc,init] Periodic GC: Disabled
[2025-03-03T14:01:06.207-0600][gc,metaspace] CDS archive(s) mapped at: [0x000001e146000000-0x000001e146bd0000-0x000001e146bd0000), size 12386304, SharedBaseAddress: 0x000001e146000000, ArchiveRelocationMode: 1.
[2025-03-03T14:01:06.207-0600][gc,metaspace] Compressed class space mapped at: 0x000001e147000000-0x000001e187000000, reserved size: 1073741824
[2025-03-03T14:01:06.207-0600][gc,metaspace] Narrow klass base: 0x000001e146000000, Narrow klass shift: 0, Narrow klass range: 0x100000000
[2025-03-03T14:01:06.868-0600][gc,start    ] GC(0) Pause Young (Normal) (G1 Evacuation Pause)
[2025-03-03T14:01:06.869-0600][gc,task     ] GC(0) Using 10 workers of 10 for evacuation
[2025-03-03T14:01:06.872-0600][gc,phases   ] GC(0)   Pre Evacuate Collection Set: 0.1ms
[2025-03-03T14:01:06.872-0600][gc,phases   ] GC(0)   Merge Heap Roots: 0.0ms
[2025-03-03T14:01:06.872-0600][gc,phases   ] GC(0)   Evacuate Collection Set: 2.7ms
[2025-03-03T14:01:06.872-0600][gc,phases   ] GC(0)   Post Evacuate Collection Set: 0.3ms
[2025-03-03T14:01:06.872-0600][gc,phases   ] GC(0)   Other: 0.4ms
[2025-03-03T14:01:06.872-0600][gc,heap     ] GC(0) Eden regions: 51->0(44)
[2025-03-03T14:01:06.872-0600][gc,heap     ] GC(0) Survivor regions: 0->7(7)
[2025-03-03T14:01:06.872-0600][gc,heap     ] GC(0) Old regions: 0->3
[2025-03-03T14:01:06.872-0600][gc,heap     ] GC(0) Archive regions: 0->0
[2025-03-03T14:01:06.872-0600][gc,heap     ] GC(0) Humongous regions: 0->0
[2025-03-03T14:01:06.872-0600][gc,metaspace] GC(0) Metaspace: 17376K(17600K)->17376K(17600K) NonClass: 15429K(15552K)->15429K(15552K) Class: 1947K(2048K)->1947K(2048K)
[2025-03-03T14:01:06.872-0600][gc          ] GC(0) Pause Young (Normal) (G1 Evacuation Pause) 51M->9M(1024M) 3.621ms
[2025-03-03T14:01:06.872-0600][gc,cpu      ] GC(0) User=0.00s Sys=0.00s Real=0.00s
[2025-03-03T14:01:06.971-0600][gc,start    ] GC(1) Pause Young (Concurrent Start) (Metadata GC Threshold)
[2025-03-03T14:01:06.971-0600][gc,task     ] GC(1) Using 10 workers of 10 for evacuation
[2025-03-03T14:01:06.973-0600][gc,phases   ] GC(1)   Pre Evacuate Collection Set: 0.0ms
[2025-03-03T14:01:06.973-0600][gc,phases   ] GC(1)   Merge Heap Roots: 0.0ms
[2025-03-03T14:01:06.973-0600][gc,phases   ] GC(1)   Evacuate Collection Set: 2.0ms
[2025-03-03T14:01:06.973-0600][gc,phases   ] GC(1)   Post Evacuate Collection Set: 0.2ms
[2025-03-03T14:01:06.973-0600][gc,phases   ] GC(1)   Other: 0.2ms
[2025-03-03T14:01:06.973-0600][gc,heap     ] GC(1) Eden regions: 14->0(49)
[2025-03-03T14:01:06.973-0600][gc,heap     ] GC(1) Survivor regions: 7->2(7)
[2025-03-03T14:01:06.973-0600][gc,heap     ] GC(1) Old regions: 3->9
[2025-03-03T14:01:06.973-0600][gc,heap     ] GC(1) Archive regions: 0->0
[2025-03-03T14:01:06.973-0600][gc,heap     ] GC(1) Humongous regions: 0->0
[2025-03-03T14:01:06.973-0600][gc,metaspace] GC(1) Metaspace: 21332K(21504K)->21332K(21504K) NonClass: 19032K(19136K)->19032K(19136K) Class: 2299K(2368K)->2299K(2368K)
[2025-03-03T14:01:06.973-0600][gc          ] GC(1) Pause Young (Concurrent Start) (Metadata GC Threshold) 22M->10M(1024M) 2.467ms
[2025-03-03T14:01:06.973-0600][gc,cpu      ] GC(1) User=0.12s Sys=0.05s Real=0.00s
[2025-03-03T14:01:06.973-0600][gc          ] GC(2) Concurrent Mark Cycle
[2025-03-03T14:01:06.973-0600][gc,marking  ] GC(2) Concurrent Clear Claimed Marks
[2025-03-03T14:01:06.973-0600][gc,marking  ] GC(2) Concurrent Clear Claimed Marks 0.013ms
[2025-03-03T14:01:06.973-0600][gc,marking  ] GC(2) Concurrent Scan Root Regions
[2025-03-03T14:01:06.974-0600][gc,marking  ] GC(2) Concurrent Scan Root Regions 0.771ms
[2025-03-03T14:01:06.974-0600][gc,marking  ] GC(2) Concurrent Mark
[2025-03-03T14:01:06.974-0600][gc,marking  ] GC(2) Concurrent Mark From Roots
[2025-03-03T14:01:06.974-0600][gc,task     ] GC(2) Using 3 workers of 3 for marking
[2025-03-03T14:01:06.975-0600][gc,marking  ] GC(2) Concurrent Mark From Roots 0.901ms
[2025-03-03T14:01:06.975-0600][gc,marking  ] GC(2) Concurrent Preclean
[2025-03-03T14:01:06.975-0600][gc,marking  ] GC(2) Concurrent Preclean 0.052ms
[2025-03-03T14:01:06.975-0600][gc,start    ] GC(2) Pause Remark
[2025-03-03T14:01:06.975-0600][gc          ] GC(2) Pause Remark 10M->10M(1024M) 0.649ms
[2025-03-03T14:01:06.975-0600][gc,cpu      ] GC(2) User=0.00s Sys=0.00s Real=0.00s
[2025-03-03T14:01:06.975-0600][gc,marking  ] GC(2) Concurrent Mark 1.709ms
[2025-03-03T14:01:06.975-0600][gc,marking  ] GC(2) Concurrent Rebuild Remembered Sets
[2025-03-03T14:01:06.975-0600][gc,marking  ] GC(2) Concurrent Rebuild Remembered Sets 0.010ms
[2025-03-03T14:01:06.976-0600][gc,start    ] GC(2) Pause Cleanup
[2025-03-03T14:01:06.976-0600][gc          ] GC(2) Pause Cleanup 10M->10M(1024M) 0.018ms
[2025-03-03T14:01:06.976-0600][gc,cpu      ] GC(2) User=0.00s Sys=0.00s Real=0.00s
[2025-03-03T14:01:06.976-0600][gc,marking  ] GC(2) Concurrent Cleanup for Next Mark
[2025-03-03T14:01:06.977-0600][gc,marking  ] GC(2) Concurrent Cleanup for Next Mark 1.136ms
[2025-03-03T14:01:06.977-0600][gc          ] GC(2) Concurrent Mark Cycle 3.815ms
[2025-03-03T14:01:07.484-0600][gc,start    ] GC(3) Pause Young (Normal) (G1 Evacuation Pause)
[2025-03-03T14:01:07.484-0600][gc,task     ] GC(3) Using 10 workers of 10 for evacuation
[2025-03-03T14:01:07.487-0600][gc,phases   ] GC(3)   Pre Evacuate Collection Set: 0.1ms
[2025-03-03T14:01:07.487-0600][gc,phases   ] GC(3)   Merge Heap Roots: 0.0ms
[2025-03-03T14:01:07.487-0600][gc,phases   ] GC(3)   Evacuate Collection Set: 1.5ms
[2025-03-03T14:01:07.487-0600][gc,phases   ] GC(3)   Post Evacuate Collection Set: 0.2ms
[2025-03-03T14:01:07.487-0600][gc,phases   ] GC(3)   Other: 0.1ms
[2025-03-03T14:01:07.487-0600][gc,heap     ] GC(3) Eden regions: 49->0(47)
[2025-03-03T14:01:07.487-0600][gc,heap     ] GC(3) Survivor regions: 2->4(7)
[2025-03-03T14:01:07.487-0600][gc,heap     ] GC(3) Old regions: 9->9
[2025-03-03T14:01:07.487-0600][gc,heap     ] GC(3) Archive regions: 0->0
[2025-03-03T14:01:07.487-0600][gc,heap     ] GC(3) Humongous regions: 11->11
[2025-03-03T14:01:07.487-0600][gc,metaspace] GC(3) Metaspace: 31297K(31680K)->31297K(31680K) NonClass: 27779K(27968K)->27779K(27968K) Class: 3517K(3712K)->3517K(3712K)
[2025-03-03T14:01:07.487-0600][gc          ] GC(3) Pause Young (Normal) (G1 Evacuation Pause) 70M->23M(1024M) 1.993ms
[2025-03-03T14:01:07.487-0600][gc,cpu      ] GC(3) User=0.00s Sys=0.00s Real=0.00s
[2025-03-03T14:01:07.668-0600][gc,start    ] GC(4) Pause Young (Concurrent Start) (Metadata GC Threshold)
[2025-03-03T14:01:07.668-0600][gc,task     ] GC(4) Using 10 workers of 10 for evacuation
[2025-03-03T14:01:07.670-0600][gc,phases   ] GC(4)   Pre Evacuate Collection Set: 0.1ms
[2025-03-03T14:01:07.670-0600][gc,phases   ] GC(4)   Merge Heap Roots: 0.0ms
[2025-03-03T14:01:07.670-0600][gc,phases   ] GC(4)   Evacuate Collection Set: 2.2ms
[2025-03-03T14:01:07.670-0600][gc,phases   ] GC(4)   Post Evacuate Collection Set: 0.2ms
[2025-03-03T14:01:07.670-0600][gc,phases   ] GC(4)   Other: 0.1ms
[2025-03-03T14:01:07.670-0600][gc,heap     ] GC(4) Eden regions: 46->0(44)
[2025-03-03T14:01:07.670-0600][gc,heap     ] GC(4) Survivor regions: 4->7(7)
[2025-03-03T14:01:07.670-0600][gc,heap     ] GC(4) Old regions: 9->10
[2025-03-03T14:01:07.670-0600][gc,heap     ] GC(4) Archive regions: 0->0
[2025-03-03T14:01:07.670-0600][gc,heap     ] GC(4) Humongous regions: 12->10
[2025-03-03T14:01:07.670-0600][gc,metaspace] GC(4) Metaspace: 35691K(35968K)->35691K(35968K) NonClass: 31709K(31872K)->31709K(31872K) Class: 3981K(4096K)->3981K(4096K)
[2025-03-03T14:01:07.670-0600][gc          ] GC(4) Pause Young (Concurrent Start) (Metadata GC Threshold) 70M->26M(1024M) 2.811ms
[2025-03-03T14:01:07.670-0600][gc,cpu      ] GC(4) User=0.00s Sys=0.00s Real=0.00s
[2025-03-03T14:01:07.670-0600][gc          ] GC(5) Concurrent Mark Cycle
[2025-03-03T14:01:07.670-0600][gc,marking  ] GC(5) Concurrent Clear Claimed Marks
[2025-03-03T14:01:07.670-0600][gc,marking  ] GC(5) Concurrent Clear Claimed Marks 0.019ms
[2025-03-03T14:01:07.670-0600][gc,marking  ] GC(5) Concurrent Scan Root Regions
[2025-03-03T14:01:07.672-0600][gc,marking  ] GC(5) Concurrent Scan Root Regions 1.785ms
[2025-03-03T14:01:07.672-0600][gc,marking  ] GC(5) Concurrent Mark
[2025-03-03T14:01:07.672-0600][gc,marking  ] GC(5) Concurrent Mark From Roots
[2025-03-03T14:01:07.672-0600][gc,task     ] GC(5) Using 3 workers of 3 for marking
[2025-03-03T14:01:07.675-0600][gc,marking  ] GC(5) Concurrent Mark From Roots 2.958ms
[2025-03-03T14:01:07.675-0600][gc,marking  ] GC(5) Concurrent Preclean
[2025-03-03T14:01:07.675-0600][gc,marking  ] GC(5) Concurrent Preclean 0.066ms
[2025-03-03T14:01:07.675-0600][gc,start    ] GC(5) Pause Remark
[2025-03-03T14:01:07.676-0600][gc          ] GC(5) Pause Remark 27M->27M(1024M) 0.808ms
[2025-03-03T14:01:07.676-0600][gc,cpu      ] GC(5) User=0.00s Sys=0.00s Real=0.00s
[2025-03-03T14:01:07.676-0600][gc,marking  ] GC(5) Concurrent Mark 4.168ms
[2025-03-03T14:01:07.676-0600][gc,marking  ] GC(5) Concurrent Rebuild Remembered Sets
[2025-03-03T14:01:07.678-0600][gc,marking  ] GC(5) Concurrent Rebuild Remembered Sets 1.260ms
[2025-03-03T14:01:07.678-0600][gc,start    ] GC(5) Pause Cleanup
[2025-03-03T14:01:07.678-0600][gc          ] GC(5) Pause Cleanup 27M->27M(1024M) 0.058ms
[2025-03-03T14:01:07.678-0600][gc,cpu      ] GC(5) User=0.00s Sys=0.00s Real=0.00s
[2025-03-03T14:01:07.678-0600][gc,marking  ] GC(5) Concurrent Cleanup for Next Mark
[2025-03-03T14:01:07.679-0600][gc,marking  ] GC(5) Concurrent Cleanup for Next Mark 1.133ms
[2025-03-03T14:01:07.679-0600][gc          ] GC(5) Concurrent Mark Cycle 8.665ms
[2025-03-03T14:01:28.681-0600][gc,start    ] GC(6) Pause Young (Prepare Mixed) (G1 Evacuation Pause)
[2025-03-03T14:01:28.681-0600][gc,task     ] GC(6) Using 10 workers of 10 for evacuation
[2025-03-03T14:01:28.684-0600][gc,phases   ] GC(6)   Pre Evacuate Collection Set: 0.1ms
[2025-03-03T14:01:28.684-0600][gc,phases   ] GC(6)   Merge Heap Roots: 0.0ms
[2025-03-03T14:01:28.684-0600][gc,phases   ] GC(6)   Evacuate Collection Set: 2.3ms
[2025-03-03T14:01:28.684-0600][gc,phases   ] GC(6)   Post Evacuate Collection Set: 0.2ms
[2025-03-03T14:01:28.684-0600][gc,phases   ] GC(6)   Other: 0.1ms
[2025-03-03T14:01:28.684-0600][gc,heap     ] GC(6) Eden regions: 44->0(44)
[2025-03-03T14:01:28.684-0600][gc,heap     ] GC(6) Survivor regions: 7->7(7)
[2025-03-03T14:01:28.684-0600][gc,heap     ] GC(6) Old regions: 10->13
[2025-03-03T14:01:28.684-0600][gc,heap     ] GC(6) Archive regions: 0->0
[2025-03-03T14:01:28.684-0600][gc,heap     ] GC(6) Humongous regions: 151->139
[2025-03-03T14:01:28.684-0600][gc,metaspace] GC(6) Metaspace: 41484K(42048K)->41484K(42048K) NonClass: 36764K(37056K)->36764K(37056K) Class: 4719K(4992K)->4719K(4992K)
[2025-03-03T14:01:28.684-0600][gc          ] GC(6) Pause Young (Prepare Mixed) (G1 Evacuation Pause) 211M->158M(1024M) 2.843ms
[2025-03-03T14:01:28.684-0600][gc,cpu      ] GC(6) User=0.00s Sys=0.00s Real=0.00s
[2025-03-03T14:02:12.007-0600][gc,heap,exit] Heap
[2025-03-03T14:02:12.008-0600][gc,heap,exit]  garbage-first heap   total 1048576K, used 187247K [0x00000000c0000000, 0x0000000100000000)
[2025-03-03T14:02:12.008-0600][gc,heap,exit]   region size 1024K, 32 young (32768K), 7 survivors (7168K)
[2025-03-03T14:02:12.008-0600][gc,heap,exit]  Metaspace       used 43152K, committed 43712K, reserved 1114112K
[2025-03-03T14:02:12.008-0600][gc,heap,exit]   class space    used 5029K, committed 5312K, reserved 1048576K
