[2025-03-03T13:57:16.375-0600][gc] Using G1
[2025-03-03T13:57:16.380-0600][gc,init] Version: 17.0.10+11-LTS-240 (release)
[2025-03-03T13:57:16.380-0600][gc,init] CPUs: 12 total, 12 available
[2025-03-03T13:57:16.380-0600][gc,init] Memory: 16291M
[2025-03-03T13:57:16.380-0600][gc,init] Large Page Support: Disabled
[2025-03-03T13:57:16.380-0600][gc,init] NUMA Support: Disabled
[2025-03-03T13:57:16.380-0600][gc,init] Compressed Oops: Enabled (32-bit)
[2025-03-03T13:57:16.380-0600][gc,init] Heap Region Size: 1M
[2025-03-03T13:57:16.380-0600][gc,init] Heap Min Capacity: 1G
[2025-03-03T13:57:16.380-0600][gc,init] Heap Initial Capacity: 1G
[2025-03-03T13:57:16.381-0600][gc,init] Heap Max Capacity: 1G
[2025-03-03T13:57:16.381-0600][gc,init] Pre-touch: Disabled
[2025-03-03T13:57:16.381-0600][gc,init] Parallel Workers: 10
[2025-03-03T13:57:16.381-0600][gc,init] Concurrent Workers: 3
[2025-03-03T13:57:16.381-0600][gc,init] Concurrent Refinement Workers: 10
[2025-03-03T13:57:16.381-0600][gc,init] Periodic GC: Disabled
[2025-03-03T13:57:16.385-0600][gc,metaspace] CDS archive(s) mapped at: [0x000001ba0f000000-0x000001ba0fbd0000-0x000001ba0fbd0000), size 12386304, SharedBaseAddress: 0x000001ba0f000000, ArchiveRelocationMode: 1.
[2025-03-03T13:57:16.385-0600][gc,metaspace] Compressed class space mapped at: 0x000001ba10000000-0x000001ba50000000, reserved size: 1073741824
[2025-03-03T13:57:16.385-0600][gc,metaspace] Narrow klass base: 0x000001ba0f000000, Narrow klass shift: 0, Narrow klass range: 0x100000000
[2025-03-03T13:57:17.039-0600][gc,start    ] GC(0) Pause Young (Normal) (G1 Evacuation Pause)
[2025-03-03T13:57:17.039-0600][gc,task     ] GC(0) Using 10 workers of 10 for evacuation
[2025-03-03T13:57:17.042-0600][gc,phases   ] GC(0)   Pre Evacuate Collection Set: 0.1ms
[2025-03-03T13:57:17.042-0600][gc,phases   ] GC(0)   Merge Heap Roots: 0.0ms
[2025-03-03T13:57:17.042-0600][gc,phases   ] GC(0)   Evacuate Collection Set: 3.0ms
[2025-03-03T13:57:17.042-0600][gc,phases   ] GC(0)   Post Evacuate Collection Set: 0.2ms
[2025-03-03T13:57:17.042-0600][gc,phases   ] GC(0)   Other: 0.4ms
[2025-03-03T13:57:17.042-0600][gc,heap     ] GC(0) Eden regions: 51->0(44)
[2025-03-03T13:57:17.042-0600][gc,heap     ] GC(0) Survivor regions: 0->7(7)
[2025-03-03T13:57:17.042-0600][gc,heap     ] GC(0) Old regions: 0->2
[2025-03-03T13:57:17.042-0600][gc,heap     ] GC(0) Archive regions: 0->0
[2025-03-03T13:57:17.042-0600][gc,heap     ] GC(0) Humongous regions: 0->0
[2025-03-03T13:57:17.042-0600][gc,metaspace] GC(0) Metaspace: 17371K(17536K)->17371K(17536K) NonClass: 15424K(15488K)->15424K(15488K) Class: 1947K(2048K)->1947K(2048K)
[2025-03-03T13:57:17.042-0600][gc          ] GC(0) Pause Young (Normal) (G1 Evacuation Pause) 51M->8M(1024M) 3.850ms
[2025-03-03T13:57:17.042-0600][gc,cpu      ] GC(0) User=0.00s Sys=0.00s Real=0.00s
[2025-03-03T13:57:17.142-0600][gc,start    ] GC(1) Pause Young (Concurrent Start) (Metadata GC Threshold)
[2025-03-03T13:57:17.142-0600][gc,task     ] GC(1) Using 10 workers of 10 for evacuation
[2025-03-03T13:57:17.144-0600][gc,phases   ] GC(1)   Pre Evacuate Collection Set: 0.0ms
[2025-03-03T13:57:17.144-0600][gc,phases   ] GC(1)   Merge Heap Roots: 0.0ms
[2025-03-03T13:57:17.144-0600][gc,phases   ] GC(1)   Evacuate Collection Set: 1.9ms
[2025-03-03T13:57:17.144-0600][gc,phases   ] GC(1)   Post Evacuate Collection Set: 0.1ms
[2025-03-03T13:57:17.144-0600][gc,phases   ] GC(1)   Other: 0.2ms
[2025-03-03T13:57:17.144-0600][gc,heap     ] GC(1) Eden regions: 14->0(49)
[2025-03-03T13:57:17.144-0600][gc,heap     ] GC(1) Survivor regions: 7->2(7)
[2025-03-03T13:57:17.144-0600][gc,heap     ] GC(1) Old regions: 2->10
[2025-03-03T13:57:17.144-0600][gc,heap     ] GC(1) Archive regions: 0->0
[2025-03-03T13:57:17.144-0600][gc,heap     ] GC(1) Humongous regions: 0->0
[2025-03-03T13:57:17.144-0600][gc,metaspace] GC(1) Metaspace: 21326K(21504K)->21326K(21504K) NonClass: 19027K(19136K)->19027K(19136K) Class: 2299K(2368K)->2299K(2368K)
[2025-03-03T13:57:17.144-0600][gc          ] GC(1) Pause Young (Concurrent Start) (Metadata GC Threshold) 22M->10M(1024M) 2.411ms
[2025-03-03T13:57:17.144-0600][gc,cpu      ] GC(1) User=0.05s Sys=0.11s Real=0.00s
[2025-03-03T13:57:17.144-0600][gc          ] GC(2) Concurrent Mark Cycle
[2025-03-03T13:57:17.144-0600][gc,marking  ] GC(2) Concurrent Clear Claimed Marks
[2025-03-03T13:57:17.144-0600][gc,marking  ] GC(2) Concurrent Clear Claimed Marks 0.017ms
[2025-03-03T13:57:17.144-0600][gc,marking  ] GC(2) Concurrent Scan Root Regions
[2025-03-03T13:57:17.145-0600][gc,marking  ] GC(2) Concurrent Scan Root Regions 0.765ms
[2025-03-03T13:57:17.145-0600][gc,marking  ] GC(2) Concurrent Mark
[2025-03-03T13:57:17.145-0600][gc,marking  ] GC(2) Concurrent Mark From Roots
[2025-03-03T13:57:17.145-0600][gc,task     ] GC(2) Using 3 workers of 3 for marking
[2025-03-03T13:57:17.145-0600][gc,marking  ] GC(2) Concurrent Mark From Roots 0.893ms
[2025-03-03T13:57:17.145-0600][gc,marking  ] GC(2) Concurrent Preclean
[2025-03-03T13:57:17.145-0600][gc,marking  ] GC(2) Concurrent Preclean 0.052ms
[2025-03-03T13:57:17.145-0600][gc,start    ] GC(2) Pause Remark
[2025-03-03T13:57:17.147-0600][gc          ] GC(2) Pause Remark 11M->11M(1024M) 0.619ms
[2025-03-03T13:57:17.147-0600][gc,cpu      ] GC(2) User=0.00s Sys=0.00s Real=0.00s
[2025-03-03T13:57:17.147-0600][gc,marking  ] GC(2) Concurrent Mark 1.680ms
[2025-03-03T13:57:17.147-0600][gc,marking  ] GC(2) Concurrent Rebuild Remembered Sets
[2025-03-03T13:57:17.148-0600][gc,marking  ] GC(2) Concurrent Rebuild Remembered Sets 0.939ms
[2025-03-03T13:57:17.148-0600][gc,start    ] GC(2) Pause Cleanup
[2025-03-03T13:57:17.148-0600][gc          ] GC(2) Pause Cleanup 11M->11M(1024M) 0.061ms
[2025-03-03T13:57:17.148-0600][gc,cpu      ] GC(2) User=0.00s Sys=0.00s Real=0.00s
[2025-03-03T13:57:17.148-0600][gc,marking  ] GC(2) Concurrent Cleanup for Next Mark
[2025-03-03T13:57:17.149-0600][gc,marking  ] GC(2) Concurrent Cleanup for Next Mark 1.124ms
[2025-03-03T13:57:17.149-0600][gc          ] GC(2) Concurrent Mark Cycle 4.771ms
[2025-03-03T13:57:17.669-0600][gc,start    ] GC(3) Pause Young (Normal) (G1 Evacuation Pause)
[2025-03-03T13:57:17.669-0600][gc,task     ] GC(3) Using 10 workers of 10 for evacuation
[2025-03-03T13:57:17.670-0600][gc,phases   ] GC(3)   Pre Evacuate Collection Set: 0.1ms
[2025-03-03T13:57:17.670-0600][gc,phases   ] GC(3)   Merge Heap Roots: 0.0ms
[2025-03-03T13:57:17.670-0600][gc,phases   ] GC(3)   Evacuate Collection Set: 1.5ms
[2025-03-03T13:57:17.670-0600][gc,phases   ] GC(3)   Post Evacuate Collection Set: 0.2ms
[2025-03-03T13:57:17.670-0600][gc,phases   ] GC(3)   Other: 0.1ms
[2025-03-03T13:57:17.670-0600][gc,heap     ] GC(3) Eden regions: 49->0(47)
[2025-03-03T13:57:17.670-0600][gc,heap     ] GC(3) Survivor regions: 2->4(7)
[2025-03-03T13:57:17.670-0600][gc,heap     ] GC(3) Old regions: 10->10
[2025-03-03T13:57:17.670-0600][gc,heap     ] GC(3) Archive regions: 0->0
[2025-03-03T13:57:17.670-0600][gc,heap     ] GC(3) Humongous regions: 11->11
[2025-03-03T13:57:17.670-0600][gc,metaspace] GC(3) Metaspace: 31390K(31744K)->31390K(31744K) NonClass: 27858K(28032K)->27858K(28032K) Class: 3532K(3712K)->3532K(3712K)
[2025-03-03T13:57:17.670-0600][gc          ] GC(3) Pause Young (Normal) (G1 Evacuation Pause) 70M->24M(1024M) 2.013ms
[2025-03-03T13:57:17.670-0600][gc,cpu      ] GC(3) User=0.00s Sys=0.00s Real=0.00s
[2025-03-03T13:57:17.852-0600][gc,start    ] GC(4) Pause Young (Concurrent Start) (Metadata GC Threshold)
[2025-03-03T13:57:17.852-0600][gc,task     ] GC(4) Using 10 workers of 10 for evacuation
[2025-03-03T13:57:17.854-0600][gc,phases   ] GC(4)   Pre Evacuate Collection Set: 0.1ms
[2025-03-03T13:57:17.854-0600][gc,phases   ] GC(4)   Merge Heap Roots: 0.0ms
[2025-03-03T13:57:17.854-0600][gc,phases   ] GC(4)   Evacuate Collection Set: 2.1ms
[2025-03-03T13:57:17.854-0600][gc,phases   ] GC(4)   Post Evacuate Collection Set: 0.2ms
[2025-03-03T13:57:17.854-0600][gc,phases   ] GC(4)   Other: 0.1ms
[2025-03-03T13:57:17.854-0600][gc,heap     ] GC(4) Eden regions: 45->0(44)
[2025-03-03T13:57:17.854-0600][gc,heap     ] GC(4) Survivor regions: 4->7(7)
[2025-03-03T13:57:17.854-0600][gc,heap     ] GC(4) Old regions: 10->10
[2025-03-03T13:57:17.854-0600][gc,heap     ] GC(4) Archive regions: 0->0
[2025-03-03T13:57:17.854-0600][gc,heap     ] GC(4) Humongous regions: 12->10
[2025-03-03T13:57:17.854-0600][gc,metaspace] GC(4) Metaspace: 35788K(36096K)->35788K(36096K) NonClass: 31793K(31936K)->31793K(31936K) Class: 3994K(4160K)->3994K(4160K)
[2025-03-03T13:57:17.854-0600][gc          ] GC(4) Pause Young (Concurrent Start) (Metadata GC Threshold) 70M->26M(1024M) 2.744ms
[2025-03-03T13:57:17.854-0600][gc,cpu      ] GC(4) User=0.00s Sys=0.00s Real=0.00s
[2025-03-03T13:57:17.854-0600][gc          ] GC(5) Concurrent Mark Cycle
[2025-03-03T13:57:17.854-0600][gc,marking  ] GC(5) Concurrent Clear Claimed Marks
[2025-03-03T13:57:17.854-0600][gc,marking  ] GC(5) Concurrent Clear Claimed Marks 0.019ms
[2025-03-03T13:57:17.854-0600][gc,marking  ] GC(5) Concurrent Scan Root Regions
[2025-03-03T13:57:17.855-0600][gc,marking  ] GC(5) Concurrent Scan Root Regions 1.738ms
[2025-03-03T13:57:17.855-0600][gc,marking  ] GC(5) Concurrent Mark
[2025-03-03T13:57:17.855-0600][gc,marking  ] GC(5) Concurrent Mark From Roots
[2025-03-03T13:57:17.855-0600][gc,task     ] GC(5) Using 3 workers of 3 for marking
[2025-03-03T13:57:17.860-0600][gc,marking  ] GC(5) Concurrent Mark From Roots 3.571ms
[2025-03-03T13:57:17.860-0600][gc,marking  ] GC(5) Concurrent Preclean
[2025-03-03T13:57:17.860-0600][gc,marking  ] GC(5) Concurrent Preclean 0.073ms
[2025-03-03T13:57:17.870-0600][gc,start    ] GC(5) Pause Remark
[2025-03-03T13:57:17.871-0600][gc          ] GC(5) Pause Remark 27M->27M(1024M) 1.307ms
[2025-03-03T13:57:17.871-0600][gc,cpu      ] GC(5) User=0.00s Sys=0.00s Real=0.00s
[2025-03-03T13:57:17.871-0600][gc,marking  ] GC(5) Concurrent Mark 15.238ms
[2025-03-03T13:57:17.871-0600][gc,marking  ] GC(5) Concurrent Rebuild Remembered Sets
[2025-03-03T13:57:17.872-0600][gc,marking  ] GC(5) Concurrent Rebuild Remembered Sets 1.626ms
[2025-03-03T13:57:17.872-0600][gc,start    ] GC(5) Pause Cleanup
[2025-03-03T13:57:17.872-0600][gc          ] GC(5) Pause Cleanup 27M->27M(1024M) 0.105ms
[2025-03-03T13:57:17.872-0600][gc,cpu      ] GC(5) User=0.00s Sys=0.00s Real=0.00s
[2025-03-03T13:57:17.872-0600][gc,marking  ] GC(5) Concurrent Cleanup for Next Mark
[2025-03-03T13:57:17.877-0600][gc,marking  ] GC(5) Concurrent Cleanup for Next Mark 3.928ms
[2025-03-03T13:57:17.877-0600][gc          ] GC(5) Concurrent Mark Cycle 22.957ms
[2025-03-03T13:57:55.067-0600][gc,start    ] GC(6) Pause Young (Normal) (G1 Evacuation Pause)
[2025-03-03T13:57:55.067-0600][gc,task     ] GC(6) Using 10 workers of 10 for evacuation
[2025-03-03T13:57:55.070-0600][gc,phases   ] GC(6)   Pre Evacuate Collection Set: 0.1ms
[2025-03-03T13:57:55.070-0600][gc,phases   ] GC(6)   Merge Heap Roots: 0.0ms
[2025-03-03T13:57:55.070-0600][gc,phases   ] GC(6)   Evacuate Collection Set: 2.4ms
[2025-03-03T13:57:55.070-0600][gc,phases   ] GC(6)   Post Evacuate Collection Set: 0.3ms
[2025-03-03T13:57:55.070-0600][gc,phases   ] GC(6)   Other: 0.1ms
[2025-03-03T13:57:55.070-0600][gc,heap     ] GC(6) Eden regions: 44->0(44)
[2025-03-03T13:57:55.070-0600][gc,heap     ] GC(6) Survivor regions: 7->7(7)
[2025-03-03T13:57:55.070-0600][gc,heap     ] GC(6) Old regions: 10->13
[2025-03-03T13:57:55.070-0600][gc,heap     ] GC(6) Archive regions: 0->0
[2025-03-03T13:57:55.070-0600][gc,heap     ] GC(6) Humongous regions: 151->139
[2025-03-03T13:57:55.070-0600][gc,metaspace] GC(6) Metaspace: 41422K(41792K)->41422K(41792K) NonClass: 36730K(36928K)->36730K(36928K) Class: 4691K(4864K)->4691K(4864K)
[2025-03-03T13:57:55.070-0600][gc          ] GC(6) Pause Young (Normal) (G1 Evacuation Pause) 211M->158M(1024M) 2.934ms
[2025-03-03T13:57:55.070-0600][gc,cpu      ] GC(6) User=0.00s Sys=0.00s Real=0.00s
[2025-03-03T13:59:19.063-0600][gc,heap,exit] Heap
[2025-03-03T13:59:19.063-0600][gc,heap,exit]  garbage-first heap   total 1048576K, used 188218K [0x00000000c0000000, 0x0000000100000000)
[2025-03-03T13:59:19.063-0600][gc,heap,exit]   region size 1024K, 32 young (32768K), 7 survivors (7168K)
[2025-03-03T13:59:19.063-0600][gc,heap,exit]  Metaspace       used 42787K, committed 43264K, reserved 1114112K
[2025-03-03T13:59:19.063-0600][gc,heap,exit]   class space    used 4934K, committed 5184K, reserved 1048576K
