[2025-03-03T14:03:16.257-0600][gc] Using G1
[2025-03-03T14:03:16.262-0600][gc,init] Version: 17.0.10+11-LTS-240 (release)
[2025-03-03T14:03:16.262-0600][gc,init] CPUs: 12 total, 12 available
[2025-03-03T14:03:16.262-0600][gc,init] Memory: 16291M
[2025-03-03T14:03:16.262-0600][gc,init] Large Page Support: Disabled
[2025-03-03T14:03:16.262-0600][gc,init] NUMA Support: Disabled
[2025-03-03T14:03:16.262-0600][gc,init] Compressed Oops: Enabled (32-bit)
[2025-03-03T14:03:16.262-0600][gc,init] Heap Region Size: 1M
[2025-03-03T14:03:16.262-0600][gc,init] Heap Min Capacity: 1G
[2025-03-03T14:03:16.262-0600][gc,init] Heap Initial Capacity: 1G
[2025-03-03T14:03:16.262-0600][gc,init] Heap Max Capacity: 1G
[2025-03-03T14:03:16.262-0600][gc,init] Pre-touch: Disabled
[2025-03-03T14:03:16.262-0600][gc,init] Parallel Workers: 10
[2025-03-03T14:03:16.262-0600][gc,init] Concurrent Workers: 3
[2025-03-03T14:03:16.262-0600][gc,init] Concurrent Refinement Workers: 10
[2025-03-03T14:03:16.262-0600][gc,init] Periodic GC: Disabled
[2025-03-03T14:03:16.267-0600][gc,metaspace] CDS archive(s) mapped at: [0x000001a100000000-0x000001a100bd0000-0x000001a100bd0000), size 12386304, SharedBaseAddress: 0x000001a100000000, ArchiveRelocationMode: 1.
[2025-03-03T14:03:16.267-0600][gc,metaspace] Compressed class space mapped at: 0x000001a101000000-0x000001a141000000, reserved size: 1073741824
[2025-03-03T14:03:16.267-0600][gc,metaspace] Narrow klass base: 0x000001a100000000, Narrow klass shift: 0, Narrow klass range: 0x100000000
[2025-03-03T14:03:16.929-0600][gc,start    ] GC(0) Pause Young (Normal) (G1 Evacuation Pause)
[2025-03-03T14:03:16.929-0600][gc,task     ] GC(0) Using 10 workers of 10 for evacuation
[2025-03-03T14:03:16.932-0600][gc,phases   ] GC(0)   Pre Evacuate Collection Set: 0.1ms
[2025-03-03T14:03:16.932-0600][gc,phases   ] GC(0)   Merge Heap Roots: 0.0ms
[2025-03-03T14:03:16.932-0600][gc,phases   ] GC(0)   Evacuate Collection Set: 2.8ms
[2025-03-03T14:03:16.932-0600][gc,phases   ] GC(0)   Post Evacuate Collection Set: 0.3ms
[2025-03-03T14:03:16.932-0600][gc,phases   ] GC(0)   Other: 0.3ms
[2025-03-03T14:03:16.932-0600][gc,heap     ] GC(0) Eden regions: 51->0(44)
[2025-03-03T14:03:16.932-0600][gc,heap     ] GC(0) Survivor regions: 0->7(7)
[2025-03-03T14:03:16.932-0600][gc,heap     ] GC(0) Old regions: 0->3
[2025-03-03T14:03:16.932-0600][gc,heap     ] GC(0) Archive regions: 0->0
[2025-03-03T14:03:16.932-0600][gc,heap     ] GC(0) Humongous regions: 0->0
[2025-03-03T14:03:16.932-0600][gc,metaspace] GC(0) Metaspace: 17355K(17600K)->17355K(17600K) NonClass: 15409K(15552K)->15409K(15552K) Class: 1946K(2048K)->1946K(2048K)
[2025-03-03T14:03:16.932-0600][gc          ] GC(0) Pause Young (Normal) (G1 Evacuation Pause) 51M->9M(1024M) 3.708ms
[2025-03-03T14:03:16.932-0600][gc,cpu      ] GC(0) User=0.00s Sys=0.00s Real=0.00s
[2025-03-03T14:03:17.030-0600][gc,start    ] GC(1) Pause Young (Concurrent Start) (Metadata GC Threshold)
[2025-03-03T14:03:17.030-0600][gc,task     ] GC(1) Using 10 workers of 10 for evacuation
[2025-03-03T14:03:17.032-0600][gc,phases   ] GC(1)   Pre Evacuate Collection Set: 0.0ms
[2025-03-03T14:03:17.032-0600][gc,phases   ] GC(1)   Merge Heap Roots: 0.0ms
[2025-03-03T14:03:17.032-0600][gc,phases   ] GC(1)   Evacuate Collection Set: 2.0ms
[2025-03-03T14:03:17.032-0600][gc,phases   ] GC(1)   Post Evacuate Collection Set: 0.1ms
[2025-03-03T14:03:17.032-0600][gc,phases   ] GC(1)   Other: 0.1ms
[2025-03-03T14:03:17.033-0600][gc,heap     ] GC(1) Eden regions: 14->0(49)
[2025-03-03T14:03:17.033-0600][gc,heap     ] GC(1) Survivor regions: 7->2(7)
[2025-03-03T14:03:17.033-0600][gc,heap     ] GC(1) Old regions: 3->10
[2025-03-03T14:03:17.033-0600][gc,heap     ] GC(1) Archive regions: 0->0
[2025-03-03T14:03:17.033-0600][gc,heap     ] GC(1) Humongous regions: 0->0
[2025-03-03T14:03:17.033-0600][gc,metaspace] GC(1) Metaspace: 21332K(21504K)->21332K(21504K) NonClass: 19032K(19136K)->19032K(19136K) Class: 2299K(2368K)->2299K(2368K)
[2025-03-03T14:03:17.033-0600][gc          ] GC(1) Pause Young (Concurrent Start) (Metadata GC Threshold) 22M->10M(1024M) 2.438ms
[2025-03-03T14:03:17.033-0600][gc,cpu      ] GC(1) User=0.00s Sys=0.00s Real=0.00s
[2025-03-03T14:03:17.033-0600][gc          ] GC(2) Concurrent Mark Cycle
[2025-03-03T14:03:17.033-0600][gc,marking  ] GC(2) Concurrent Clear Claimed Marks
[2025-03-03T14:03:17.033-0600][gc,marking  ] GC(2) Concurrent Clear Claimed Marks 0.012ms
[2025-03-03T14:03:17.033-0600][gc,marking  ] GC(2) Concurrent Scan Root Regions
[2025-03-03T14:03:17.033-0600][gc,marking  ] GC(2) Concurrent Scan Root Regions 0.696ms
[2025-03-03T14:03:17.033-0600][gc,marking  ] GC(2) Concurrent Mark
[2025-03-03T14:03:17.033-0600][gc,marking  ] GC(2) Concurrent Mark From Roots
[2025-03-03T14:03:17.033-0600][gc,task     ] GC(2) Using 3 workers of 3 for marking
[2025-03-03T14:03:17.034-0600][gc,marking  ] GC(2) Concurrent Mark From Roots 0.891ms
[2025-03-03T14:03:17.034-0600][gc,marking  ] GC(2) Concurrent Preclean
[2025-03-03T14:03:17.034-0600][gc,marking  ] GC(2) Concurrent Preclean 0.053ms
[2025-03-03T14:03:17.034-0600][gc,start    ] GC(2) Pause Remark
[2025-03-03T14:03:17.035-0600][gc          ] GC(2) Pause Remark 11M->11M(1024M) 0.672ms
[2025-03-03T14:03:17.035-0600][gc,cpu      ] GC(2) User=0.00s Sys=0.00s Real=0.00s
[2025-03-03T14:03:17.035-0600][gc,marking  ] GC(2) Concurrent Mark 1.723ms
[2025-03-03T14:03:17.035-0600][gc,marking  ] GC(2) Concurrent Rebuild Remembered Sets
[2025-03-03T14:03:17.036-0600][gc,marking  ] GC(2) Concurrent Rebuild Remembered Sets 0.847ms
[2025-03-03T14:03:17.036-0600][gc,start    ] GC(2) Pause Cleanup
[2025-03-03T14:03:17.036-0600][gc          ] GC(2) Pause Cleanup 11M->11M(1024M) 0.055ms
[2025-03-03T14:03:17.036-0600][gc,cpu      ] GC(2) User=0.00s Sys=0.00s Real=0.00s
[2025-03-03T14:03:17.036-0600][gc,marking  ] GC(2) Concurrent Cleanup for Next Mark
[2025-03-03T14:03:17.037-0600][gc,marking  ] GC(2) Concurrent Cleanup for Next Mark 0.996ms
[2025-03-03T14:03:17.037-0600][gc          ] GC(2) Concurrent Mark Cycle 4.524ms
[2025-03-03T14:03:17.565-0600][gc,start    ] GC(3) Pause Young (Normal) (G1 Evacuation Pause)
[2025-03-03T14:03:17.565-0600][gc,task     ] GC(3) Using 10 workers of 10 for evacuation
[2025-03-03T14:03:17.567-0600][gc,phases   ] GC(3)   Pre Evacuate Collection Set: 0.1ms
[2025-03-03T14:03:17.567-0600][gc,phases   ] GC(3)   Merge Heap Roots: 0.0ms
[2025-03-03T14:03:17.567-0600][gc,phases   ] GC(3)   Evacuate Collection Set: 1.5ms
[2025-03-03T14:03:17.567-0600][gc,phases   ] GC(3)   Post Evacuate Collection Set: 0.2ms
[2025-03-03T14:03:17.567-0600][gc,phases   ] GC(3)   Other: 0.1ms
[2025-03-03T14:03:17.567-0600][gc,heap     ] GC(3) Eden regions: 49->0(47)
[2025-03-03T14:03:17.567-0600][gc,heap     ] GC(3) Survivor regions: 2->4(7)
[2025-03-03T14:03:17.567-0600][gc,heap     ] GC(3) Old regions: 10->10
[2025-03-03T14:03:17.567-0600][gc,heap     ] GC(3) Archive regions: 0->0
[2025-03-03T14:03:17.567-0600][gc,heap     ] GC(3) Humongous regions: 11->11
[2025-03-03T14:03:17.567-0600][gc,metaspace] GC(3) Metaspace: 31339K(31680K)->31339K(31680K) NonClass: 27816K(27968K)->27816K(27968K) Class: 3522K(3712K)->3522K(3712K)
[2025-03-03T14:03:17.567-0600][gc          ] GC(3) Pause Young (Normal) (G1 Evacuation Pause) 70M->24M(1024M) 1.960ms
[2025-03-03T14:03:17.567-0600][gc,cpu      ] GC(3) User=0.00s Sys=0.00s Real=0.00s
[2025-03-03T14:03:17.751-0600][gc,start    ] GC(4) Pause Young (Concurrent Start) (Metadata GC Threshold)
[2025-03-03T14:03:17.751-0600][gc,task     ] GC(4) Using 10 workers of 10 for evacuation
[2025-03-03T14:03:17.754-0600][gc,phases   ] GC(4)   Pre Evacuate Collection Set: 0.1ms
[2025-03-03T14:03:17.754-0600][gc,phases   ] GC(4)   Merge Heap Roots: 0.0ms
[2025-03-03T14:03:17.754-0600][gc,phases   ] GC(4)   Evacuate Collection Set: 2.3ms
[2025-03-03T14:03:17.754-0600][gc,phases   ] GC(4)   Post Evacuate Collection Set: 0.3ms
[2025-03-03T14:03:17.754-0600][gc,phases   ] GC(4)   Other: 0.1ms
[2025-03-03T14:03:17.754-0600][gc,heap     ] GC(4) Eden regions: 46->0(44)
[2025-03-03T14:03:17.754-0600][gc,heap     ] GC(4) Survivor regions: 4->7(7)
[2025-03-03T14:03:17.754-0600][gc,heap     ] GC(4) Old regions: 10->11
[2025-03-03T14:03:17.754-0600][gc,heap     ] GC(4) Archive regions: 0->0
[2025-03-03T14:03:17.754-0600][gc,heap     ] GC(4) Humongous regions: 12->10
[2025-03-03T14:03:17.754-0600][gc,metaspace] GC(4) Metaspace: 35728K(35968K)->35728K(35968K) NonClass: 31745K(31872K)->31745K(31872K) Class: 3983K(4096K)->3983K(4096K)
[2025-03-03T14:03:17.754-0600][gc          ] GC(4) Pause Young (Concurrent Start) (Metadata GC Threshold) 71M->27M(1024M) 3.005ms
[2025-03-03T14:03:17.754-0600][gc,cpu      ] GC(4) User=0.03s Sys=0.14s Real=0.00s
[2025-03-03T14:03:17.754-0600][gc          ] GC(5) Concurrent Mark Cycle
[2025-03-03T14:03:17.754-0600][gc,marking  ] GC(5) Concurrent Clear Claimed Marks
[2025-03-03T14:03:17.754-0600][gc,marking  ] GC(5) Concurrent Clear Claimed Marks 0.023ms
[2025-03-03T14:03:17.754-0600][gc,marking  ] GC(5) Concurrent Scan Root Regions
[2025-03-03T14:03:17.755-0600][gc,marking  ] GC(5) Concurrent Scan Root Regions 1.206ms
[2025-03-03T14:03:17.755-0600][gc,marking  ] GC(5) Concurrent Mark
[2025-03-03T14:03:17.755-0600][gc,marking  ] GC(5) Concurrent Mark From Roots
[2025-03-03T14:03:17.755-0600][gc,task     ] GC(5) Using 3 workers of 3 for marking
[2025-03-03T14:03:17.758-0600][gc,marking  ] GC(5) Concurrent Mark From Roots 3.017ms
[2025-03-03T14:03:17.758-0600][gc,marking  ] GC(5) Concurrent Preclean
[2025-03-03T14:03:17.758-0600][gc,marking  ] GC(5) Concurrent Preclean 0.073ms
[2025-03-03T14:03:17.758-0600][gc,start    ] GC(5) Pause Remark
[2025-03-03T14:03:17.759-0600][gc          ] GC(5) Pause Remark 27M->27M(1024M) 0.887ms
[2025-03-03T14:03:17.759-0600][gc,cpu      ] GC(5) User=0.00s Sys=0.00s Real=0.00s
[2025-03-03T14:03:17.759-0600][gc,marking  ] GC(5) Concurrent Mark 4.117ms
[2025-03-03T14:03:17.759-0600][gc,marking  ] GC(5) Concurrent Rebuild Remembered Sets
[2025-03-03T14:03:17.761-0600][gc,marking  ] GC(5) Concurrent Rebuild Remembered Sets 1.346ms
[2025-03-03T14:03:17.761-0600][gc,start    ] GC(5) Pause Cleanup
[2025-03-03T14:03:17.761-0600][gc          ] GC(5) Pause Cleanup 27M->27M(1024M) 0.067ms
[2025-03-03T14:03:17.761-0600][gc,cpu      ] GC(5) User=0.00s Sys=0.00s Real=0.00s
[2025-03-03T14:03:17.761-0600][gc,marking  ] GC(5) Concurrent Cleanup for Next Mark
[2025-03-03T14:03:17.762-0600][gc,marking  ] GC(5) Concurrent Cleanup for Next Mark 1.075ms
[2025-03-03T14:03:17.762-0600][gc          ] GC(5) Concurrent Mark Cycle 8.030ms
[2025-03-03T14:03:19.883-0600][gc,start    ] GC(6) Pause Young (Normal) (G1 Evacuation Pause)
[2025-03-03T14:03:19.883-0600][gc,task     ] GC(6) Using 10 workers of 10 for evacuation
[2025-03-03T14:03:19.885-0600][gc,phases   ] GC(6)   Pre Evacuate Collection Set: 0.0ms
[2025-03-03T14:03:19.885-0600][gc,phases   ] GC(6)   Merge Heap Roots: 0.0ms
[2025-03-03T14:03:19.885-0600][gc,phases   ] GC(6)   Evacuate Collection Set: 2.1ms
[2025-03-03T14:03:19.885-0600][gc,phases   ] GC(6)   Post Evacuate Collection Set: 0.2ms
[2025-03-03T14:03:19.885-0600][gc,phases   ] GC(6)   Other: 0.1ms
[2025-03-03T14:03:19.885-0600][gc,heap     ] GC(6) Eden regions: 44->0(44)
[2025-03-03T14:03:19.885-0600][gc,heap     ] GC(6) Survivor regions: 7->7(7)
[2025-03-03T14:03:19.885-0600][gc,heap     ] GC(6) Old regions: 11->14
[2025-03-03T14:03:19.885-0600][gc,heap     ] GC(6) Archive regions: 0->0
[2025-03-03T14:03:19.885-0600][gc,heap     ] GC(6) Humongous regions: 151->139
[2025-03-03T14:03:19.885-0600][gc,metaspace] GC(6) Metaspace: 41204K(41728K)->41204K(41728K) NonClass: 36518K(36800K)->36518K(36800K) Class: 4685K(4928K)->4685K(4928K)
[2025-03-03T14:03:19.885-0600][gc          ] GC(6) Pause Young (Normal) (G1 Evacuation Pause) 212M->158M(1024M) 2.554ms
[2025-03-03T14:03:19.885-0600][gc,cpu      ] GC(6) User=0.00s Sys=0.00s Real=0.00s
[2025-03-03T14:03:20.224-0600][gc,heap,exit] Heap
[2025-03-03T14:03:20.224-0600][gc,heap,exit]  garbage-first heap   total 1048576K, used 184669K [0x00000000c0000000, 0x0000000100000000)
[2025-03-03T14:03:20.224-0600][gc,heap,exit]   region size 1024K, 21 young (21504K), 7 survivors (7168K)
[2025-03-03T14:03:20.224-0600][gc,heap,exit]  Metaspace       used 41867K, committed 42304K, reserved 1114112K
[2025-03-03T14:03:20.224-0600][gc,heap,exit]   class space    used 4852K, committed 5056K, reserved 1048576K
