[2025-03-03T15:51:28.275-0600][gc] Using G1
[2025-03-03T15:51:28.280-0600][gc,init] Version: 17.0.10+11-LTS-240 (release)
[2025-03-03T15:51:28.280-0600][gc,init] CPUs: 12 total, 12 available
[2025-03-03T15:51:28.280-0600][gc,init] Memory: 16291M
[2025-03-03T15:51:28.280-0600][gc,init] Large Page Support: Disabled
[2025-03-03T15:51:28.280-0600][gc,init] NUMA Support: Disabled
[2025-03-03T15:51:28.280-0600][gc,init] Compressed Oops: Enabled (32-bit)
[2025-03-03T15:51:28.280-0600][gc,init] Heap Region Size: 1M
[2025-03-03T15:51:28.280-0600][gc,init] Heap Min Capacity: 1G
[2025-03-03T15:51:28.280-0600][gc,init] Heap Initial Capacity: 1G
[2025-03-03T15:51:28.280-0600][gc,init] Heap Max Capacity: 1G
[2025-03-03T15:51:28.280-0600][gc,init] Pre-touch: Disabled
[2025-03-03T15:51:28.280-0600][gc,init] Parallel Workers: 10
[2025-03-03T15:51:28.280-0600][gc,init] Concurrent Workers: 3
[2025-03-03T15:51:28.280-0600][gc,init] Concurrent Refinement Workers: 10
[2025-03-03T15:51:28.280-0600][gc,init] Periodic GC: Disabled
[2025-03-03T15:51:28.284-0600][gc,metaspace] CDS archive(s) mapped at: [0x0000020780000000-0x0000020780bd0000-0x0000020780bd0000), size 12386304, SharedBaseAddress: 0x0000020780000000, ArchiveRelocationMode: 1.
[2025-03-03T15:51:28.284-0600][gc,metaspace] Compressed class space mapped at: 0x0000020781000000-0x00000207c1000000, reserved size: 1073741824
[2025-03-03T15:51:28.284-0600][gc,metaspace] Narrow klass base: 0x0000020780000000, Narrow klass shift: 0, Narrow klass range: 0x100000000
[2025-03-03T15:51:29.013-0600][gc,start    ] GC(0) Pause Young (Normal) (G1 Evacuation Pause)
[2025-03-03T15:51:29.013-0600][gc,task     ] GC(0) Using 10 workers of 10 for evacuation
[2025-03-03T15:51:29.016-0600][gc,phases   ] GC(0)   Pre Evacuate Collection Set: 0.1ms
[2025-03-03T15:51:29.016-0600][gc,phases   ] GC(0)   Merge Heap Roots: 0.0ms
[2025-03-03T15:51:29.016-0600][gc,phases   ] GC(0)   Evacuate Collection Set: 2.6ms
[2025-03-03T15:51:29.016-0600][gc,phases   ] GC(0)   Post Evacuate Collection Set: 0.2ms
[2025-03-03T15:51:29.016-0600][gc,phases   ] GC(0)   Other: 0.4ms
[2025-03-03T15:51:29.016-0600][gc,heap     ] GC(0) Eden regions: 51->0(44)
[2025-03-03T15:51:29.016-0600][gc,heap     ] GC(0) Survivor regions: 0->7(7)
[2025-03-03T15:51:29.016-0600][gc,heap     ] GC(0) Old regions: 0->3
[2025-03-03T15:51:29.016-0600][gc,heap     ] GC(0) Archive regions: 0->0
[2025-03-03T15:51:29.016-0600][gc,heap     ] GC(0) Humongous regions: 0->0
[2025-03-03T15:51:29.016-0600][gc,metaspace] GC(0) Metaspace: 17267K(17472K)->17267K(17472K) NonClass: 15328K(15424K)->15328K(15424K) Class: 1939K(2048K)->1939K(2048K)
[2025-03-03T15:51:29.016-0600][gc          ] GC(0) Pause Young (Normal) (G1 Evacuation Pause) 51M->9M(1024M) 3.419ms
[2025-03-03T15:51:29.016-0600][gc,cpu      ] GC(0) User=0.00s Sys=0.00s Real=0.00s
[2025-03-03T15:51:29.123-0600][gc,start    ] GC(1) Pause Young (Concurrent Start) (Metadata GC Threshold)
[2025-03-03T15:51:29.123-0600][gc,task     ] GC(1) Using 10 workers of 10 for evacuation
[2025-03-03T15:51:29.126-0600][gc,phases   ] GC(1)   Pre Evacuate Collection Set: 0.1ms
[2025-03-03T15:51:29.126-0600][gc,phases   ] GC(1)   Merge Heap Roots: 0.0ms
[2025-03-03T15:51:29.126-0600][gc,phases   ] GC(1)   Evacuate Collection Set: 2.2ms
[2025-03-03T15:51:29.126-0600][gc,phases   ] GC(1)   Post Evacuate Collection Set: 0.3ms
[2025-03-03T15:51:29.126-0600][gc,phases   ] GC(1)   Other: 0.2ms
[2025-03-03T15:51:29.126-0600][gc,heap     ] GC(1) Eden regions: 14->0(50)
[2025-03-03T15:51:29.126-0600][gc,heap     ] GC(1) Survivor regions: 7->1(7)
[2025-03-03T15:51:29.126-0600][gc,heap     ] GC(1) Old regions: 3->9
[2025-03-03T15:51:29.126-0600][gc,heap     ] GC(1) Archive regions: 0->0
[2025-03-03T15:51:29.126-0600][gc,heap     ] GC(1) Humongous regions: 0->0
[2025-03-03T15:51:29.126-0600][gc,metaspace] GC(1) Metaspace: 21323K(21504K)->21323K(21504K) NonClass: 19024K(19136K)->19024K(19136K) Class: 2299K(2368K)->2299K(2368K)
[2025-03-03T15:51:29.126-0600][gc          ] GC(1) Pause Young (Concurrent Start) (Metadata GC Threshold) 23M->9M(1024M) 2.821ms
[2025-03-03T15:51:29.126-0600][gc,cpu      ] GC(1) User=0.00s Sys=0.00s Real=0.00s
[2025-03-03T15:51:29.126-0600][gc          ] GC(2) Concurrent Mark Cycle
[2025-03-03T15:51:29.126-0600][gc,marking  ] GC(2) Concurrent Clear Claimed Marks
[2025-03-03T15:51:29.126-0600][gc,marking  ] GC(2) Concurrent Clear Claimed Marks 0.014ms
[2025-03-03T15:51:29.126-0600][gc,marking  ] GC(2) Concurrent Scan Root Regions
[2025-03-03T15:51:29.127-0600][gc,marking  ] GC(2) Concurrent Scan Root Regions 1.019ms
[2025-03-03T15:51:29.127-0600][gc,marking  ] GC(2) Concurrent Mark
[2025-03-03T15:51:29.127-0600][gc,marking  ] GC(2) Concurrent Mark From Roots
[2025-03-03T15:51:29.127-0600][gc,task     ] GC(2) Using 3 workers of 3 for marking
[2025-03-03T15:51:29.128-0600][gc,marking  ] GC(2) Concurrent Mark From Roots 0.943ms
[2025-03-03T15:51:29.128-0600][gc,marking  ] GC(2) Concurrent Preclean
[2025-03-03T15:51:29.128-0600][gc,marking  ] GC(2) Concurrent Preclean 0.060ms
[2025-03-03T15:51:29.128-0600][gc,start    ] GC(2) Pause Remark
[2025-03-03T15:51:29.129-0600][gc          ] GC(2) Pause Remark 10M->10M(1024M) 0.722ms
[2025-03-03T15:51:29.129-0600][gc,cpu      ] GC(2) User=0.00s Sys=0.00s Real=0.00s
[2025-03-03T15:51:29.129-0600][gc,marking  ] GC(2) Concurrent Mark 1.855ms
[2025-03-03T15:51:29.129-0600][gc,marking  ] GC(2) Concurrent Rebuild Remembered Sets
[2025-03-03T15:51:29.129-0600][gc,marking  ] GC(2) Concurrent Rebuild Remembered Sets 0.009ms
[2025-03-03T15:51:29.129-0600][gc,start    ] GC(2) Pause Cleanup
[2025-03-03T15:51:29.129-0600][gc          ] GC(2) Pause Cleanup 10M->10M(1024M) 0.013ms
[2025-03-03T15:51:29.129-0600][gc,cpu      ] GC(2) User=0.00s Sys=0.00s Real=0.00s
[2025-03-03T15:51:29.129-0600][gc,marking  ] GC(2) Concurrent Cleanup for Next Mark
[2025-03-03T15:51:29.130-0600][gc,marking  ] GC(2) Concurrent Cleanup for Next Mark 1.007ms
[2025-03-03T15:51:29.130-0600][gc          ] GC(2) Concurrent Mark Cycle 4.086ms
[2025-03-03T15:51:29.688-0600][gc,start    ] GC(3) Pause Young (Normal) (G1 Evacuation Pause)
[2025-03-03T15:51:29.688-0600][gc,task     ] GC(3) Using 10 workers of 10 for evacuation
[2025-03-03T15:51:29.690-0600][gc,phases   ] GC(3)   Pre Evacuate Collection Set: 0.0ms
[2025-03-03T15:51:29.690-0600][gc,phases   ] GC(3)   Merge Heap Roots: 0.0ms
[2025-03-03T15:51:29.690-0600][gc,phases   ] GC(3)   Evacuate Collection Set: 1.6ms
[2025-03-03T15:51:29.690-0600][gc,phases   ] GC(3)   Post Evacuate Collection Set: 0.3ms
[2025-03-03T15:51:29.690-0600][gc,phases   ] GC(3)   Other: 0.1ms
[2025-03-03T15:51:29.690-0600][gc,heap     ] GC(3) Eden regions: 50->0(47)
[2025-03-03T15:51:29.690-0600][gc,heap     ] GC(3) Survivor regions: 1->4(7)
[2025-03-03T15:51:29.690-0600][gc,heap     ] GC(3) Old regions: 9->9
[2025-03-03T15:51:29.690-0600][gc,heap     ] GC(3) Archive regions: 0->0
[2025-03-03T15:51:29.690-0600][gc,heap     ] GC(3) Humongous regions: 11->11
[2025-03-03T15:51:29.690-0600][gc,metaspace] GC(3) Metaspace: 30618K(30912K)->30618K(30912K) NonClass: 27191K(27328K)->27191K(27328K) Class: 3427K(3584K)->3427K(3584K)
[2025-03-03T15:51:29.690-0600][gc          ] GC(3) Pause Young (Normal) (G1 Evacuation Pause) 70M->23M(1024M) 2.145ms
[2025-03-03T15:51:29.690-0600][gc,cpu      ] GC(3) User=0.05s Sys=0.09s Real=0.00s
[2025-03-03T15:51:29.856-0600][gc,start    ] GC(4) Pause Young (Normal) (G1 Evacuation Pause)
[2025-03-03T15:51:29.856-0600][gc,task     ] GC(4) Using 10 workers of 10 for evacuation
[2025-03-03T15:51:29.858-0600][gc,phases   ] GC(4)   Pre Evacuate Collection Set: 0.1ms
[2025-03-03T15:51:29.858-0600][gc,phases   ] GC(4)   Merge Heap Roots: 0.0ms
[2025-03-03T15:51:29.858-0600][gc,phases   ] GC(4)   Evacuate Collection Set: 2.0ms
[2025-03-03T15:51:29.858-0600][gc,phases   ] GC(4)   Post Evacuate Collection Set: 0.3ms
[2025-03-03T15:51:29.858-0600][gc,phases   ] GC(4)   Other: 0.1ms
[2025-03-03T15:51:29.858-0600][gc,heap     ] GC(4) Eden regions: 47->0(46)
[2025-03-03T15:51:29.858-0600][gc,heap     ] GC(4) Survivor regions: 4->5(7)
[2025-03-03T15:51:29.858-0600][gc,heap     ] GC(4) Old regions: 9->10
[2025-03-03T15:51:29.858-0600][gc,heap     ] GC(4) Archive regions: 0->0
[2025-03-03T15:51:29.858-0600][gc,heap     ] GC(4) Humongous regions: 15->11
[2025-03-03T15:51:29.858-0600][gc,metaspace] GC(4) Metaspace: 34713K(35072K)->34713K(35072K) NonClass: 30819K(31040K)->30819K(31040K) Class: 3894K(4032K)->3894K(4032K)
[2025-03-03T15:51:29.858-0600][gc          ] GC(4) Pause Young (Normal) (G1 Evacuation Pause) 74M->25M(1024M) 2.734ms
[2025-03-03T15:51:29.858-0600][gc,cpu      ] GC(4) User=0.00s Sys=0.00s Real=0.00s
[2025-03-03T15:51:29.920-0600][gc,start    ] GC(5) Pause Young (Concurrent Start) (Metadata GC Threshold)
[2025-03-03T15:51:29.920-0600][gc,task     ] GC(5) Using 10 workers of 10 for evacuation
[2025-03-03T15:51:29.923-0600][gc,phases   ] GC(5)   Pre Evacuate Collection Set: 0.1ms
[2025-03-03T15:51:29.923-0600][gc,phases   ] GC(5)   Merge Heap Roots: 0.0ms
[2025-03-03T15:51:29.923-0600][gc,phases   ] GC(5)   Evacuate Collection Set: 2.2ms
[2025-03-03T15:51:29.923-0600][gc,phases   ] GC(5)   Post Evacuate Collection Set: 0.3ms
[2025-03-03T15:51:29.923-0600][gc,phases   ] GC(5)   Other: 0.1ms
[2025-03-03T15:51:29.923-0600][gc,heap     ] GC(5) Eden regions: 12->0(46)
[2025-03-03T15:51:29.923-0600][gc,heap     ] GC(5) Survivor regions: 5->5(7)
[2025-03-03T15:51:29.923-0600][gc,heap     ] GC(5) Old regions: 10->13
[2025-03-03T15:51:29.923-0600][gc,heap     ] GC(5) Archive regions: 0->0
[2025-03-03T15:51:29.923-0600][gc,heap     ] GC(5) Humongous regions: 11->11
[2025-03-03T15:51:29.923-0600][gc,metaspace] GC(5) Metaspace: 35763K(36096K)->35763K(36096K) NonClass: 31771K(31936K)->31771K(31936K) Class: 3992K(4160K)->3992K(4160K)
[2025-03-03T15:51:29.923-0600][gc          ] GC(5) Pause Young (Concurrent Start) (Metadata GC Threshold) 37M->27M(1024M) 2.859ms
[2025-03-03T15:51:29.923-0600][gc,cpu      ] GC(5) User=0.00s Sys=0.00s Real=0.00s
[2025-03-03T15:51:29.923-0600][gc          ] GC(6) Concurrent Mark Cycle
[2025-03-03T15:51:29.923-0600][gc,marking  ] GC(6) Concurrent Clear Claimed Marks
[2025-03-03T15:51:29.923-0600][gc,marking  ] GC(6) Concurrent Clear Claimed Marks 0.019ms
[2025-03-03T15:51:29.923-0600][gc,marking  ] GC(6) Concurrent Scan Root Regions
[2025-03-03T15:51:29.924-0600][gc,marking  ] GC(6) Concurrent Scan Root Regions 1.858ms
[2025-03-03T15:51:29.924-0600][gc,marking  ] GC(6) Concurrent Mark
[2025-03-03T15:51:29.924-0600][gc,marking  ] GC(6) Concurrent Mark From Roots
[2025-03-03T15:51:29.924-0600][gc,task     ] GC(6) Using 3 workers of 3 for marking
[2025-03-03T15:51:29.927-0600][gc,marking  ] GC(6) Concurrent Mark From Roots 3.108ms
[2025-03-03T15:51:29.927-0600][gc,marking  ] GC(6) Concurrent Preclean
[2025-03-03T15:51:29.927-0600][gc,marking  ] GC(6) Concurrent Preclean 0.081ms
[2025-03-03T15:51:29.929-0600][gc,start    ] GC(6) Pause Remark
[2025-03-03T15:51:29.930-0600][gc          ] GC(6) Pause Remark 28M->28M(1024M) 1.093ms
[2025-03-03T15:51:29.930-0600][gc,cpu      ] GC(6) User=0.00s Sys=0.00s Real=0.00s
[2025-03-03T15:51:29.930-0600][gc,marking  ] GC(6) Concurrent Mark 4.449ms
[2025-03-03T15:51:29.930-0600][gc,marking  ] GC(6) Concurrent Rebuild Remembered Sets
[2025-03-03T15:51:29.932-0600][gc,marking  ] GC(6) Concurrent Rebuild Remembered Sets 2.051ms
[2025-03-03T15:51:29.932-0600][gc,start    ] GC(6) Pause Cleanup
[2025-03-03T15:51:29.932-0600][gc          ] GC(6) Pause Cleanup 28M->28M(1024M) 0.080ms
[2025-03-03T15:51:29.932-0600][gc,cpu      ] GC(6) User=0.00s Sys=0.00s Real=0.00s
[2025-03-03T15:51:29.932-0600][gc,marking  ] GC(6) Concurrent Cleanup for Next Mark
[2025-03-03T15:51:29.933-0600][gc,marking  ] GC(6) Concurrent Cleanup for Next Mark 0.939ms
[2025-03-03T15:51:29.933-0600][gc          ] GC(6) Concurrent Mark Cycle 10.071ms
[2025-03-03T15:51:59.928-0600][gc,start    ] GC(7) Pause Young (Prepare Mixed) (G1 Evacuation Pause)
[2025-03-03T15:51:59.928-0600][gc,task     ] GC(7) Using 10 workers of 10 for evacuation
[2025-03-03T15:51:59.931-0600][gc,phases   ] GC(7)   Pre Evacuate Collection Set: 0.1ms
[2025-03-03T15:51:59.931-0600][gc,phases   ] GC(7)   Merge Heap Roots: 0.0ms
[2025-03-03T15:51:59.931-0600][gc,phases   ] GC(7)   Evacuate Collection Set: 2.4ms
[2025-03-03T15:51:59.931-0600][gc,phases   ] GC(7)   Post Evacuate Collection Set: 0.4ms
[2025-03-03T15:51:59.931-0600][gc,phases   ] GC(7)   Other: 0.1ms
[2025-03-03T15:51:59.931-0600][gc,heap     ] GC(7) Eden regions: 46->0(45)
[2025-03-03T15:51:59.931-0600][gc,heap     ] GC(7) Survivor regions: 5->6(7)
[2025-03-03T15:51:59.931-0600][gc,heap     ] GC(7) Old regions: 13->15
[2025-03-03T15:51:59.931-0600][gc,heap     ] GC(7) Archive regions: 0->0
[2025-03-03T15:51:59.931-0600][gc,heap     ] GC(7) Humongous regions: 152->140
[2025-03-03T15:51:59.931-0600][gc,metaspace] GC(7) Metaspace: 41414K(41920K)->41414K(41920K) NonClass: 36719K(36992K)->36719K(36992K) Class: 4695K(4928K)->4695K(4928K)
[2025-03-03T15:51:59.931-0600][gc          ] GC(7) Pause Young (Prepare Mixed) (G1 Evacuation Pause) 214M->159M(1024M) 3.169ms
[2025-03-03T15:51:59.931-0600][gc,cpu      ] GC(7) User=0.00s Sys=0.00s Real=0.00s
[2025-03-03T15:52:00.141-0600][gc,heap,exit] Heap
[2025-03-03T15:52:00.141-0600][gc,heap,exit]  garbage-first heap   total 1048576K, used 176929K [0x00000000c0000000, 0x0000000100000000)
[2025-03-03T15:52:00.141-0600][gc,heap,exit]   region size 1024K, 20 young (20480K), 6 survivors (6144K)
[2025-03-03T15:52:00.141-0600][gc,heap,exit]  Metaspace       used 42085K, committed 42624K, reserved 1114112K
[2025-03-03T15:52:00.141-0600][gc,heap,exit]   class space    used 4858K, committed 5120K, reserved 1048576K
