[2025-04-15T18:45:52.262-0500][gc] Using G1
[2025-04-15T18:45:52.267-0500][gc,init] Version: 17.0.10+11-LTS-240 (release)
[2025-04-15T18:45:52.267-0500][gc,init] CPUs: 12 total, 12 available
[2025-04-15T18:45:52.267-0500][gc,init] Memory: 16291M
[2025-04-15T18:45:52.267-0500][gc,init] Large Page Support: Disabled
[2025-04-15T18:45:52.267-0500][gc,init] NUMA Support: Disabled
[2025-04-15T18:45:52.267-0500][gc,init] Compressed Oops: Enabled (32-bit)
[2025-04-15T18:45:52.267-0500][gc,init] Heap Region Size: 1M
[2025-04-15T18:45:52.267-0500][gc,init] Heap Min Capacity: 1G
[2025-04-15T18:45:52.267-0500][gc,init] Heap Initial Capacity: 1G
[2025-04-15T18:45:52.267-0500][gc,init] Heap Max Capacity: 1G
[2025-04-15T18:45:52.267-0500][gc,init] Pre-touch: Disabled
[2025-04-15T18:45:52.268-0500][gc,init] Parallel Workers: 10
[2025-04-15T18:45:52.268-0500][gc,init] Concurrent Workers: 3
[2025-04-15T18:45:52.268-0500][gc,init] Concurrent Refinement Workers: 10
[2025-04-15T18:45:52.268-0500][gc,init] Periodic GC: Disabled
[2025-04-15T18:45:52.272-0500][gc,metaspace] CDS archive(s) mapped at: [0x0000015380000000-0x0000015380bd0000-0x0000015380bd0000), size 12386304, SharedBaseAddress: 0x0000015380000000, ArchiveRelocationMode: 1.
[2025-04-15T18:45:52.272-0500][gc,metaspace] Compressed class space mapped at: 0x0000015381000000-0x00000153c1000000, reserved size: 1073741824
[2025-04-15T18:45:52.272-0500][gc,metaspace] Narrow klass base: 0x0000015380000000, Narrow klass shift: 0, Narrow klass range: 0x100000000
[2025-04-15T18:45:52.958-0500][gc,start    ] GC(0) Pause Young (Normal) (G1 Evacuation Pause)
[2025-04-15T18:45:52.959-0500][gc,task     ] GC(0) Using 10 workers of 10 for evacuation
[2025-04-15T18:45:52.962-0500][gc,phases   ] GC(0)   Pre Evacuate Collection Set: 0.1ms
[2025-04-15T18:45:52.962-0500][gc,phases   ] GC(0)   Merge Heap Roots: 0.0ms
[2025-04-15T18:45:52.962-0500][gc,phases   ] GC(0)   Evacuate Collection Set: 2.7ms
[2025-04-15T18:45:52.962-0500][gc,phases   ] GC(0)   Post Evacuate Collection Set: 0.2ms
[2025-04-15T18:45:52.962-0500][gc,phases   ] GC(0)   Other: 0.3ms
[2025-04-15T18:45:52.962-0500][gc,heap     ] GC(0) Eden regions: 51->0(44)
[2025-04-15T18:45:52.962-0500][gc,heap     ] GC(0) Survivor regions: 0->7(7)
[2025-04-15T18:45:52.962-0500][gc,heap     ] GC(0) Old regions: 0->2
[2025-04-15T18:45:52.962-0500][gc,heap     ] GC(0) Archive regions: 0->0
[2025-04-15T18:45:52.962-0500][gc,heap     ] GC(0) Humongous regions: 0->0
[2025-04-15T18:45:52.962-0500][gc,metaspace] GC(0) Metaspace: 17261K(17472K)->17261K(17472K) NonClass: 15321K(15424K)->15321K(15424K) Class: 1940K(2048K)->1940K(2048K)
[2025-04-15T18:45:52.962-0500][gc          ] GC(0) Pause Young (Normal) (G1 Evacuation Pause) 51M->8M(1024M) 3.506ms
[2025-04-15T18:45:52.962-0500][gc,cpu      ] GC(0) User=0.00s Sys=0.00s Real=0.00s
[2025-04-15T18:45:53.064-0500][gc,start    ] GC(1) Pause Young (Concurrent Start) (Metadata GC Threshold)
[2025-04-15T18:45:53.064-0500][gc,task     ] GC(1) Using 10 workers of 10 for evacuation
[2025-04-15T18:45:53.067-0500][gc,phases   ] GC(1)   Pre Evacuate Collection Set: 0.0ms
[2025-04-15T18:45:53.067-0500][gc,phases   ] GC(1)   Merge Heap Roots: 0.0ms
[2025-04-15T18:45:53.067-0500][gc,phases   ] GC(1)   Evacuate Collection Set: 1.9ms
[2025-04-15T18:45:53.067-0500][gc,phases   ] GC(1)   Post Evacuate Collection Set: 0.2ms
[2025-04-15T18:45:53.067-0500][gc,phases   ] GC(1)   Other: 0.1ms
[2025-04-15T18:45:53.067-0500][gc,heap     ] GC(1) Eden regions: 14->0(49)
[2025-04-15T18:45:53.067-0500][gc,heap     ] GC(1) Survivor regions: 7->2(7)
[2025-04-15T18:45:53.067-0500][gc,heap     ] GC(1) Old regions: 2->9
[2025-04-15T18:45:53.067-0500][gc,heap     ] GC(1) Archive regions: 0->0
[2025-04-15T18:45:53.067-0500][gc,heap     ] GC(1) Humongous regions: 0->0
[2025-04-15T18:45:53.067-0500][gc,metaspace] GC(1) Metaspace: 21319K(21504K)->21319K(21504K) NonClass: 19019K(19136K)->19019K(19136K) Class: 2299K(2368K)->2299K(2368K)
[2025-04-15T18:45:53.067-0500][gc          ] GC(1) Pause Young (Concurrent Start) (Metadata GC Threshold) 22M->10M(1024M) 2.439ms
[2025-04-15T18:45:53.067-0500][gc,cpu      ] GC(1) User=0.00s Sys=0.00s Real=0.00s
[2025-04-15T18:45:53.067-0500][gc          ] GC(2) Concurrent Mark Cycle
[2025-04-15T18:45:53.067-0500][gc,marking  ] GC(2) Concurrent Clear Claimed Marks
[2025-04-15T18:45:53.067-0500][gc,marking  ] GC(2) Concurrent Clear Claimed Marks 0.011ms
[2025-04-15T18:45:53.067-0500][gc,marking  ] GC(2) Concurrent Scan Root Regions
[2025-04-15T18:45:53.067-0500][gc,marking  ] GC(2) Concurrent Scan Root Regions 0.735ms
[2025-04-15T18:45:53.067-0500][gc,marking  ] GC(2) Concurrent Mark
[2025-04-15T18:45:53.067-0500][gc,marking  ] GC(2) Concurrent Mark From Roots
[2025-04-15T18:45:53.067-0500][gc,task     ] GC(2) Using 3 workers of 3 for marking
[2025-04-15T18:45:53.068-0500][gc,marking  ] GC(2) Concurrent Mark From Roots 0.816ms
[2025-04-15T18:45:53.068-0500][gc,marking  ] GC(2) Concurrent Preclean
[2025-04-15T18:45:53.068-0500][gc,marking  ] GC(2) Concurrent Preclean 0.053ms
[2025-04-15T18:45:53.068-0500][gc,start    ] GC(2) Pause Remark
[2025-04-15T18:45:53.069-0500][gc          ] GC(2) Pause Remark 10M->10M(1024M) 0.675ms
[2025-04-15T18:45:53.069-0500][gc,cpu      ] GC(2) User=0.00s Sys=0.00s Real=0.00s
[2025-04-15T18:45:53.069-0500][gc,marking  ] GC(2) Concurrent Mark 1.673ms
[2025-04-15T18:45:53.069-0500][gc,marking  ] GC(2) Concurrent Rebuild Remembered Sets
[2025-04-15T18:45:53.069-0500][gc,marking  ] GC(2) Concurrent Rebuild Remembered Sets 0.009ms
[2025-04-15T18:45:53.069-0500][gc,start    ] GC(2) Pause Cleanup
[2025-04-15T18:45:53.069-0500][gc          ] GC(2) Pause Cleanup 10M->10M(1024M) 0.013ms
[2025-04-15T18:45:53.069-0500][gc,cpu      ] GC(2) User=0.00s Sys=0.00s Real=0.00s
[2025-04-15T18:45:53.069-0500][gc,marking  ] GC(2) Concurrent Cleanup for Next Mark
[2025-04-15T18:45:53.071-0500][gc,marking  ] GC(2) Concurrent Cleanup for Next Mark 1.023ms
[2025-04-15T18:45:53.071-0500][gc          ] GC(2) Concurrent Mark Cycle 3.640ms
[2025-04-15T18:45:53.689-0500][gc,start    ] GC(3) Pause Young (Normal) (G1 Evacuation Pause)
[2025-04-15T18:45:53.689-0500][gc,task     ] GC(3) Using 10 workers of 10 for evacuation
[2025-04-15T18:45:53.691-0500][gc,phases   ] GC(3)   Pre Evacuate Collection Set: 0.1ms
[2025-04-15T18:45:53.691-0500][gc,phases   ] GC(3)   Merge Heap Roots: 0.0ms
[2025-04-15T18:45:53.691-0500][gc,phases   ] GC(3)   Evacuate Collection Set: 1.5ms
[2025-04-15T18:45:53.691-0500][gc,phases   ] GC(3)   Post Evacuate Collection Set: 0.2ms
[2025-04-15T18:45:53.691-0500][gc,phases   ] GC(3)   Other: 0.1ms
[2025-04-15T18:45:53.691-0500][gc,heap     ] GC(3) Eden regions: 49->0(47)
[2025-04-15T18:45:53.691-0500][gc,heap     ] GC(3) Survivor regions: 2->4(7)
[2025-04-15T18:45:53.691-0500][gc,heap     ] GC(3) Old regions: 9->9
[2025-04-15T18:45:53.691-0500][gc,heap     ] GC(3) Archive regions: 0->0
[2025-04-15T18:45:53.691-0500][gc,heap     ] GC(3) Humongous regions: 1->1
[2025-04-15T18:45:53.691-0500][gc,metaspace] GC(3) Metaspace: 28942K(29248K)->28942K(29248K) NonClass: 25726K(25856K)->25726K(25856K) Class: 3215K(3392K)->3215K(3392K)
[2025-04-15T18:45:53.691-0500][gc          ] GC(3) Pause Young (Normal) (G1 Evacuation Pause) 60M->13M(1024M) 2.076ms
[2025-04-15T18:45:53.691-0500][gc,cpu      ] GC(3) User=0.00s Sys=0.00s Real=0.00s
[2025-04-15T18:45:53.896-0500][gc,start    ] GC(4) Pause Young (Normal) (G1 Evacuation Pause)
[2025-04-15T18:45:53.896-0500][gc,task     ] GC(4) Using 10 workers of 10 for evacuation
[2025-04-15T18:45:53.898-0500][gc,phases   ] GC(4)   Pre Evacuate Collection Set: 0.1ms
[2025-04-15T18:45:53.898-0500][gc,phases   ] GC(4)   Merge Heap Roots: 0.0ms
[2025-04-15T18:45:53.898-0500][gc,phases   ] GC(4)   Evacuate Collection Set: 1.6ms
[2025-04-15T18:45:53.898-0500][gc,phases   ] GC(4)   Post Evacuate Collection Set: 0.2ms
[2025-04-15T18:45:53.898-0500][gc,phases   ] GC(4)   Other: 0.1ms
[2025-04-15T18:45:53.898-0500][gc,heap     ] GC(4) Eden regions: 47->0(46)
[2025-04-15T18:45:53.898-0500][gc,heap     ] GC(4) Survivor regions: 4->5(7)
[2025-04-15T18:45:53.898-0500][gc,heap     ] GC(4) Old regions: 9->9
[2025-04-15T18:45:53.898-0500][gc,heap     ] GC(4) Archive regions: 0->0
[2025-04-15T18:45:53.898-0500][gc,heap     ] GC(4) Humongous regions: 12->10
[2025-04-15T18:45:53.898-0500][gc,metaspace] GC(4) Metaspace: 34483K(34880K)->34483K(34880K) NonClass: 30617K(30848K)->30617K(30848K) Class: 3866K(4032K)->3866K(4032K)
[2025-04-15T18:45:53.898-0500][gc          ] GC(4) Pause Young (Normal) (G1 Evacuation Pause) 71M->23M(1024M) 2.169ms
[2025-04-15T18:45:53.898-0500][gc,cpu      ] GC(4) User=0.00s Sys=0.00s Real=0.00s
[2025-04-15T18:45:53.967-0500][gc,start    ] GC(5) Pause Young (Concurrent Start) (Metadata GC Threshold)
[2025-04-15T18:45:53.967-0500][gc,task     ] GC(5) Using 10 workers of 10 for evacuation
[2025-04-15T18:45:53.971-0500][gc,phases   ] GC(5)   Pre Evacuate Collection Set: 0.1ms
[2025-04-15T18:45:53.971-0500][gc,phases   ] GC(5)   Merge Heap Roots: 0.0ms
[2025-04-15T18:45:53.971-0500][gc,phases   ] GC(5)   Evacuate Collection Set: 2.9ms
[2025-04-15T18:45:53.971-0500][gc,phases   ] GC(5)   Post Evacuate Collection Set: 0.3ms
[2025-04-15T18:45:53.971-0500][gc,phases   ] GC(5)   Other: 0.1ms
[2025-04-15T18:45:53.971-0500][gc,heap     ] GC(5) Eden regions: 14->0(46)
[2025-04-15T18:45:53.971-0500][gc,heap     ] GC(5) Survivor regions: 5->5(7)
[2025-04-15T18:45:53.971-0500][gc,heap     ] GC(5) Old regions: 9->13
[2025-04-15T18:45:53.971-0500][gc,heap     ] GC(5) Archive regions: 0->0
[2025-04-15T18:45:53.971-0500][gc,heap     ] GC(5) Humongous regions: 10->10
[2025-04-15T18:45:53.971-0500][gc,metaspace] GC(5) Metaspace: 35703K(35968K)->35703K(35968K) NonClass: 31719K(31872K)->31719K(31872K) Class: 3983K(4096K)->3983K(4096K)
[2025-04-15T18:45:53.971-0500][gc          ] GC(5) Pause Young (Concurrent Start) (Metadata GC Threshold) 37M->26M(1024M) 3.605ms
[2025-04-15T18:45:53.971-0500][gc,cpu      ] GC(5) User=0.00s Sys=0.00s Real=0.00s
[2025-04-15T18:45:53.972-0500][gc          ] GC(6) Concurrent Mark Cycle
[2025-04-15T18:45:53.972-0500][gc,marking  ] GC(6) Concurrent Clear Claimed Marks
[2025-04-15T18:45:53.972-0500][gc,marking  ] GC(6) Concurrent Clear Claimed Marks 0.027ms
[2025-04-15T18:45:53.972-0500][gc,marking  ] GC(6) Concurrent Scan Root Regions
[2025-04-15T18:45:53.973-0500][gc,marking  ] GC(6) Concurrent Scan Root Regions 1.562ms
[2025-04-15T18:45:53.973-0500][gc,marking  ] GC(6) Concurrent Mark
[2025-04-15T18:45:53.973-0500][gc,marking  ] GC(6) Concurrent Mark From Roots
[2025-04-15T18:45:53.973-0500][gc,task     ] GC(6) Using 3 workers of 3 for marking
[2025-04-15T18:45:53.976-0500][gc,marking  ] GC(6) Concurrent Mark From Roots 3.122ms
[2025-04-15T18:45:53.976-0500][gc,marking  ] GC(6) Concurrent Preclean
[2025-04-15T18:45:53.976-0500][gc,marking  ] GC(6) Concurrent Preclean 0.074ms
[2025-04-15T18:45:53.986-0500][gc,start    ] GC(6) Pause Remark
[2025-04-15T18:45:53.987-0500][gc          ] GC(6) Pause Remark 27M->27M(1024M) 1.021ms
[2025-04-15T18:45:53.987-0500][gc,cpu      ] GC(6) User=0.00s Sys=0.00s Real=0.00s
[2025-04-15T18:45:53.987-0500][gc,marking  ] GC(6) Concurrent Mark 13.674ms
[2025-04-15T18:45:53.987-0500][gc,marking  ] GC(6) Concurrent Rebuild Remembered Sets
[2025-04-15T18:45:53.989-0500][gc,marking  ] GC(6) Concurrent Rebuild Remembered Sets 2.055ms
[2025-04-15T18:45:53.989-0500][gc,start    ] GC(6) Pause Cleanup
[2025-04-15T18:45:53.989-0500][gc          ] GC(6) Pause Cleanup 27M->27M(1024M) 0.059ms
[2025-04-15T18:45:53.989-0500][gc,cpu      ] GC(6) User=0.00s Sys=0.00s Real=0.00s
[2025-04-15T18:45:53.989-0500][gc,marking  ] GC(6) Concurrent Cleanup for Next Mark
[2025-04-15T18:45:53.991-0500][gc,marking  ] GC(6) Concurrent Cleanup for Next Mark 1.589ms
[2025-04-15T18:45:53.991-0500][gc          ] GC(6) Concurrent Mark Cycle 19.228ms
[2025-04-15T18:46:01.930-0500][gc,start    ] GC(7) Pause Young (Prepare Mixed) (G1 Evacuation Pause)
[2025-04-15T18:46:01.930-0500][gc,task     ] GC(7) Using 10 workers of 10 for evacuation
[2025-04-15T18:46:01.932-0500][gc,phases   ] GC(7)   Pre Evacuate Collection Set: 0.1ms
[2025-04-15T18:46:01.932-0500][gc,phases   ] GC(7)   Merge Heap Roots: 0.0ms
[2025-04-15T18:46:01.932-0500][gc,phases   ] GC(7)   Evacuate Collection Set: 1.9ms
[2025-04-15T18:46:01.932-0500][gc,phases   ] GC(7)   Post Evacuate Collection Set: 0.2ms
[2025-04-15T18:46:01.932-0500][gc,phases   ] GC(7)   Other: 0.1ms
[2025-04-15T18:46:01.932-0500][gc,heap     ] GC(7) Eden regions: 46->0(44)
[2025-04-15T18:46:01.932-0500][gc,heap     ] GC(7) Survivor regions: 5->7(7)
[2025-04-15T18:46:01.932-0500][gc,heap     ] GC(7) Old regions: 13->14
[2025-04-15T18:46:01.932-0500][gc,heap     ] GC(7) Archive regions: 0->0
[2025-04-15T18:46:01.932-0500][gc,heap     ] GC(7) Humongous regions: 205->139
[2025-04-15T18:46:01.932-0500][gc,metaspace] GC(7) Metaspace: 41947K(42432K)->41947K(42432K) NonClass: 37120K(37376K)->37120K(37376K) Class: 4827K(5056K)->4827K(5056K)
[2025-04-15T18:46:01.932-0500][gc          ] GC(7) Pause Young (Prepare Mixed) (G1 Evacuation Pause) 267M->159M(1024M) 2.483ms
[2025-04-15T18:46:01.932-0500][gc,cpu      ] GC(7) User=0.06s Sys=0.09s Real=0.00s
[2025-04-15T18:48:11.581-0500][gc,start    ] GC(8) Pause Young (Mixed) (G1 Evacuation Pause)
[2025-04-15T18:48:11.581-0500][gc,task     ] GC(8) Using 10 workers of 10 for evacuation
[2025-04-15T18:48:11.585-0500][gc,phases   ] GC(8)   Pre Evacuate Collection Set: 0.1ms
[2025-04-15T18:48:11.585-0500][gc,phases   ] GC(8)   Merge Heap Roots: 0.0ms
[2025-04-15T18:48:11.585-0500][gc,phases   ] GC(8)   Evacuate Collection Set: 3.1ms
[2025-04-15T18:48:11.585-0500][gc,phases   ] GC(8)   Post Evacuate Collection Set: 0.5ms
[2025-04-15T18:48:11.585-0500][gc,phases   ] GC(8)   Other: 0.2ms
[2025-04-15T18:48:11.585-0500][gc,heap     ] GC(8) Eden regions: 44->0(45)
[2025-04-15T18:48:11.585-0500][gc,heap     ] GC(8) Survivor regions: 7->6(7)
[2025-04-15T18:48:11.585-0500][gc,heap     ] GC(8) Old regions: 14->17
[2025-04-15T18:48:11.585-0500][gc,heap     ] GC(8) Archive regions: 0->0
[2025-04-15T18:48:11.585-0500][gc,heap     ] GC(8) Humongous regions: 139->139
[2025-04-15T18:48:11.585-0500][gc,metaspace] GC(8) Metaspace: 44510K(45056K)->44510K(45056K) NonClass: 39448K(39744K)->39448K(39744K) Class: 5061K(5312K)->5061K(5312K)
[2025-04-15T18:48:11.585-0500][gc          ] GC(8) Pause Young (Mixed) (G1 Evacuation Pause) 203M->161M(1024M) 4.138ms
[2025-04-15T18:48:11.585-0500][gc,cpu      ] GC(8) User=0.00s Sys=0.00s Real=0.00s
[2025-04-15T18:51:35.753-0500][gc,start    ] GC(9) Pause Young (Normal) (G1 Evacuation Pause)
[2025-04-15T18:51:35.753-0500][gc,task     ] GC(9) Using 10 workers of 10 for evacuation
[2025-04-15T18:51:35.755-0500][gc,phases   ] GC(9)   Pre Evacuate Collection Set: 0.1ms
[2025-04-15T18:51:35.755-0500][gc,phases   ] GC(9)   Merge Heap Roots: 0.0ms
[2025-04-15T18:51:35.755-0500][gc,phases   ] GC(9)   Evacuate Collection Set: 2.2ms
[2025-04-15T18:51:35.755-0500][gc,phases   ] GC(9)   Post Evacuate Collection Set: 0.2ms
[2025-04-15T18:51:35.755-0500][gc,phases   ] GC(9)   Other: 0.1ms
[2025-04-15T18:51:35.755-0500][gc,heap     ] GC(9) Eden regions: 45->0(46)
[2025-04-15T18:51:35.755-0500][gc,heap     ] GC(9) Survivor regions: 6->5(7)
[2025-04-15T18:51:35.755-0500][gc,heap     ] GC(9) Old regions: 17->20
[2025-04-15T18:51:35.755-0500][gc,heap     ] GC(9) Archive regions: 0->0
[2025-04-15T18:51:35.755-0500][gc,heap     ] GC(9) Humongous regions: 139->139
[2025-04-15T18:51:35.755-0500][gc,metaspace] GC(9) Metaspace: 44860K(45440K)->44860K(45440K) NonClass: 39792K(40064K)->39792K(40064K) Class: 5067K(5376K)->5067K(5376K)
[2025-04-15T18:51:35.755-0500][gc          ] GC(9) Pause Young (Normal) (G1 Evacuation Pause) 206M->162M(1024M) 2.735ms
[2025-04-15T18:51:35.755-0500][gc,cpu      ] GC(9) User=0.00s Sys=0.00s Real=0.00s
[2025-04-15T18:55:54.552-0500][gc,start    ] GC(10) Pause Young (Normal) (G1 Evacuation Pause)
[2025-04-15T18:55:54.552-0500][gc,task     ] GC(10) Using 10 workers of 10 for evacuation
[2025-04-15T18:55:54.554-0500][gc,phases   ] GC(10)   Pre Evacuate Collection Set: 0.1ms
[2025-04-15T18:55:54.554-0500][gc,phases   ] GC(10)   Merge Heap Roots: 0.0ms
[2025-04-15T18:55:54.554-0500][gc,phases   ] GC(10)   Evacuate Collection Set: 1.7ms
[2025-04-15T18:55:54.554-0500][gc,phases   ] GC(10)   Post Evacuate Collection Set: 0.2ms
[2025-04-15T18:55:54.554-0500][gc,phases   ] GC(10)   Other: 0.1ms
[2025-04-15T18:55:54.554-0500][gc,heap     ] GC(10) Eden regions: 46->0(71)
[2025-04-15T18:55:54.554-0500][gc,heap     ] GC(10) Survivor regions: 5->4(7)
[2025-04-15T18:55:54.554-0500][gc,heap     ] GC(10) Old regions: 20->21
[2025-04-15T18:55:54.554-0500][gc,heap     ] GC(10) Archive regions: 0->0
[2025-04-15T18:55:54.554-0500][gc,heap     ] GC(10) Humongous regions: 139->139
[2025-04-15T18:55:54.554-0500][gc,metaspace] GC(10) Metaspace: 44999K(45632K)->44999K(45632K) NonClass: 39924K(40256K)->39924K(40256K) Class: 5075K(5376K)->5075K(5376K)
[2025-04-15T18:55:54.554-0500][gc          ] GC(10) Pause Young (Normal) (G1 Evacuation Pause) 208M->163M(1024M) 2.282ms
[2025-04-15T18:55:54.554-0500][gc,cpu      ] GC(10) User=0.00s Sys=0.00s Real=0.00s
[2025-04-15T18:59:35.785-0500][gc,start    ] GC(11) Pause Young (Normal) (G1 Evacuation Pause)
[2025-04-15T18:59:35.785-0500][gc,task     ] GC(11) Using 10 workers of 10 for evacuation
[2025-04-15T18:59:35.788-0500][gc,phases   ] GC(11)   Pre Evacuate Collection Set: 0.1ms
[2025-04-15T18:59:35.788-0500][gc,phases   ] GC(11)   Merge Heap Roots: 0.0ms
[2025-04-15T18:59:35.788-0500][gc,phases   ] GC(11)   Evacuate Collection Set: 3.0ms
[2025-04-15T18:59:35.788-0500][gc,phases   ] GC(11)   Post Evacuate Collection Set: 0.2ms
[2025-04-15T18:59:35.788-0500][gc,phases   ] GC(11)   Other: 0.1ms
[2025-04-15T18:59:35.788-0500][gc,heap     ] GC(11) Eden regions: 71->0(89)
[2025-04-15T18:59:35.788-0500][gc,heap     ] GC(11) Survivor regions: 4->8(10)
[2025-04-15T18:59:35.788-0500][gc,heap     ] GC(11) Old regions: 21->21
[2025-04-15T18:59:35.788-0500][gc,heap     ] GC(11) Archive regions: 0->0
[2025-04-15T18:59:35.788-0500][gc,heap     ] GC(11) Humongous regions: 139->139
[2025-04-15T18:59:35.788-0500][gc,metaspace] GC(11) Metaspace: 45315K(45888K)->45315K(45888K) NonClass: 40219K(40512K)->40219K(40512K) Class: 5095K(5376K)->5095K(5376K)
[2025-04-15T18:59:35.788-0500][gc          ] GC(11) Pause Young (Normal) (G1 Evacuation Pause) 234M->167M(1024M) 3.464ms
[2025-04-15T18:59:35.788-0500][gc,cpu      ] GC(11) User=0.00s Sys=0.00s Real=0.00s
[2025-04-15T19:08:37.486-0500][gc,start    ] GC(12) Pause Young (Normal) (G1 Evacuation Pause)
[2025-04-15T19:08:37.486-0500][gc,task     ] GC(12) Using 10 workers of 10 for evacuation
[2025-04-15T19:08:37.490-0500][gc,phases   ] GC(12)   Pre Evacuate Collection Set: 0.1ms
[2025-04-15T19:08:37.490-0500][gc,phases   ] GC(12)   Merge Heap Roots: 0.0ms
[2025-04-15T19:08:37.490-0500][gc,phases   ] GC(12)   Evacuate Collection Set: 4.0ms
[2025-04-15T19:08:37.490-0500][gc,phases   ] GC(12)   Post Evacuate Collection Set: 0.2ms
[2025-04-15T19:08:37.490-0500][gc,phases   ] GC(12)   Other: 0.2ms
[2025-04-15T19:08:37.490-0500][gc,heap     ] GC(12) Eden regions: 89->0(108)
[2025-04-15T19:08:37.490-0500][gc,heap     ] GC(12) Survivor regions: 8->12(13)
[2025-04-15T19:08:37.490-0500][gc,heap     ] GC(12) Old regions: 21->22
[2025-04-15T19:08:37.490-0500][gc,heap     ] GC(12) Archive regions: 0->0
[2025-04-15T19:08:37.490-0500][gc,heap     ] GC(12) Humongous regions: 139->139
[2025-04-15T19:08:37.490-0500][gc,metaspace] GC(12) Metaspace: 45423K(46016K)->45423K(46016K) NonClass: 40327K(40640K)->40327K(40640K) Class: 5096K(5376K)->5096K(5376K)
[2025-04-15T19:08:37.490-0500][gc          ] GC(12) Pause Young (Normal) (G1 Evacuation Pause) 256M->172M(1024M) 4.696ms
[2025-04-15T19:08:37.490-0500][gc,cpu      ] GC(12) User=0.00s Sys=0.00s Real=0.00s
[2025-04-15T19:17:50.540-0500][gc,start    ] GC(13) Pause Young (Normal) (G1 Evacuation Pause)
[2025-04-15T19:17:50.540-0500][gc,task     ] GC(13) Using 10 workers of 10 for evacuation
[2025-04-15T19:17:50.548-0500][gc,phases   ] GC(13)   Pre Evacuate Collection Set: 0.1ms
[2025-04-15T19:17:50.548-0500][gc,phases   ] GC(13)   Merge Heap Roots: 0.1ms
[2025-04-15T19:17:50.548-0500][gc,phases   ] GC(13)   Evacuate Collection Set: 6.7ms
[2025-04-15T19:17:50.548-0500][gc,phases   ] GC(13)   Post Evacuate Collection Set: 0.3ms
[2025-04-15T19:17:50.548-0500][gc,phases   ] GC(13)   Other: 0.2ms
[2025-04-15T19:17:50.548-0500][gc,heap     ] GC(13) Eden regions: 104->0(86)
[2025-04-15T19:17:50.548-0500][gc,heap     ] GC(13) Survivor regions: 12->14(15)
[2025-04-15T19:17:50.548-0500][gc,heap     ] GC(13) Old regions: 22->28
[2025-04-15T19:17:50.548-0500][gc,heap     ] GC(13) Archive regions: 0->0
[2025-04-15T19:17:50.548-0500][gc,heap     ] GC(13) Humongous regions: 139->139
[2025-04-15T19:17:50.548-0500][gc,metaspace] GC(13) Metaspace: 45473K(46080K)->45473K(46080K) NonClass: 40377K(40704K)->40377K(40704K) Class: 5096K(5376K)->5096K(5376K)
[2025-04-15T19:17:50.548-0500][gc          ] GC(13) Pause Young (Normal) (G1 Evacuation Pause) 276M->179M(1024M) 7.391ms
[2025-04-15T19:17:50.548-0500][gc,cpu      ] GC(13) User=0.00s Sys=0.16s Real=0.01s
[2025-04-15T19:22:10.050-0500][gc,start    ] GC(14) Pause Young (Normal) (G1 Evacuation Pause)
[2025-04-15T19:22:10.050-0500][gc,task     ] GC(14) Using 10 workers of 10 for evacuation
[2025-04-15T19:22:10.056-0500][gc,phases   ] GC(14)   Pre Evacuate Collection Set: 0.1ms
[2025-04-15T19:22:10.056-0500][gc,phases   ] GC(14)   Merge Heap Roots: 0.0ms
[2025-04-15T19:22:10.056-0500][gc,phases   ] GC(14)   Evacuate Collection Set: 6.0ms
[2025-04-15T19:22:10.056-0500][gc,phases   ] GC(14)   Post Evacuate Collection Set: 0.4ms
[2025-04-15T19:22:10.056-0500][gc,phases   ] GC(14)   Other: 0.2ms
[2025-04-15T19:22:10.056-0500][gc,heap     ] GC(14) Eden regions: 84->0(180)
[2025-04-15T19:22:10.056-0500][gc,heap     ] GC(14) Survivor regions: 14->7(13)
[2025-04-15T19:22:10.056-0500][gc,heap     ] GC(14) Old regions: 28->39
[2025-04-15T19:22:10.056-0500][gc,heap     ] GC(14) Archive regions: 0->0
[2025-04-15T19:22:10.056-0500][gc,heap     ] GC(14) Humongous regions: 139->139
[2025-04-15T19:22:10.056-0500][gc,metaspace] GC(14) Metaspace: 45500K(46080K)->45500K(46080K) NonClass: 40403K(40704K)->40403K(40704K) Class: 5096K(5376K)->5096K(5376K)
[2025-04-15T19:22:10.056-0500][gc          ] GC(14) Pause Young (Normal) (G1 Evacuation Pause) 263M->184M(1024M) 6.877ms
[2025-04-15T19:22:10.056-0500][gc,cpu      ] GC(14) User=0.00s Sys=0.00s Real=0.01s
[2025-04-15T19:40:38.485-0500][gc,start    ] GC(15) Pause Young (Normal) (G1 Evacuation Pause)
[2025-04-15T19:40:38.485-0500][gc,task     ] GC(15) Using 10 workers of 10 for evacuation
[2025-04-15T19:40:38.492-0500][gc,phases   ] GC(15)   Pre Evacuate Collection Set: 0.1ms
[2025-04-15T19:40:38.492-0500][gc,phases   ] GC(15)   Merge Heap Roots: 0.1ms
[2025-04-15T19:40:38.492-0500][gc,phases   ] GC(15)   Evacuate Collection Set: 6.5ms
[2025-04-15T19:40:38.492-0500][gc,phases   ] GC(15)   Post Evacuate Collection Set: 0.2ms
[2025-04-15T19:40:38.492-0500][gc,phases   ] GC(15)   Other: 0.2ms
[2025-04-15T19:40:38.492-0500][gc,heap     ] GC(15) Eden regions: 177->0(126)
[2025-04-15T19:40:38.492-0500][gc,heap     ] GC(15) Survivor regions: 7->18(23)
[2025-04-15T19:40:38.492-0500][gc,heap     ] GC(15) Old regions: 39->39
[2025-04-15T19:40:38.492-0500][gc,heap     ] GC(15) Archive regions: 0->0
[2025-04-15T19:40:38.492-0500][gc,heap     ] GC(15) Humongous regions: 139->139
[2025-04-15T19:40:38.492-0500][gc,metaspace] GC(15) Metaspace: 45548K(46144K)->45548K(46144K) NonClass: 40451K(40768K)->40451K(40768K) Class: 5097K(5376K)->5097K(5376K)
[2025-04-15T19:40:38.492-0500][gc          ] GC(15) Pause Young (Normal) (G1 Evacuation Pause) 361M->195M(1024M) 7.274ms
[2025-04-15T19:40:38.492-0500][gc,cpu      ] GC(15) User=0.00s Sys=0.00s Real=0.01s
[2025-04-15T19:52:52.527-0500][gc,start    ] GC(16) Pause Young (Normal) (G1 Evacuation Pause)
[2025-04-15T19:52:52.527-0500][gc,task     ] GC(16) Using 10 workers of 10 for evacuation
[2025-04-15T19:52:52.534-0500][gc,phases   ] GC(16)   Pre Evacuate Collection Set: 0.1ms
[2025-04-15T19:52:52.534-0500][gc,phases   ] GC(16)   Merge Heap Roots: 0.1ms
[2025-04-15T19:52:52.534-0500][gc,phases   ] GC(16)   Evacuate Collection Set: 6.4ms
[2025-04-15T19:52:52.534-0500][gc,phases   ] GC(16)   Post Evacuate Collection Set: 0.3ms
[2025-04-15T19:52:52.534-0500][gc,phases   ] GC(16)   Other: 0.2ms
[2025-04-15T19:52:52.534-0500][gc,heap     ] GC(16) Eden regions: 121->0(185)
[2025-04-15T19:52:52.534-0500][gc,heap     ] GC(16) Survivor regions: 18->10(18)
[2025-04-15T19:52:52.534-0500][gc,heap     ] GC(16) Old regions: 39->56
[2025-04-15T19:52:52.534-0500][gc,heap     ] GC(16) Archive regions: 0->0
[2025-04-15T19:52:52.534-0500][gc,heap     ] GC(16) Humongous regions: 148->148
[2025-04-15T19:52:52.534-0500][gc,metaspace] GC(16) Metaspace: 45781K(46336K)->45781K(46336K) NonClass: 40641K(40896K)->40641K(40896K) Class: 5139K(5440K)->5139K(5440K)
[2025-04-15T19:52:52.534-0500][gc          ] GC(16) Pause Young (Normal) (G1 Evacuation Pause) 325M->212M(1024M) 7.167ms
[2025-04-15T19:52:52.534-0500][gc,cpu      ] GC(16) User=0.00s Sys=0.00s Real=0.01s
[2025-04-15T19:59:32.431-0500][gc,heap,exit] Heap
[2025-04-15T19:59:32.431-0500][gc,heap,exit]  garbage-first heap   total 1048576K, used 304898K [0x00000000c0000000, 0x0000000100000000)
[2025-04-15T19:59:32.431-0500][gc,heap,exit]   region size 1024K, 95 young (97280K), 10 survivors (10240K)
[2025-04-15T19:59:32.431-0500][gc,heap,exit]  Metaspace       used 46647K, committed 47232K, reserved 1114112K
[2025-04-15T19:59:32.431-0500][gc,heap,exit]   class space    used 5342K, committed 5632K, reserved 1048576K
