[2025-04-17T18:06:14.780-0500][gc] Using G1
[2025-04-17T18:06:14.785-0500][gc,init] Version: 17.0.10+11-LTS-240 (release)
[2025-04-17T18:06:14.785-0500][gc,init] CPUs: 12 total, 12 available
[2025-04-17T18:06:14.785-0500][gc,init] Memory: 16291M
[2025-04-17T18:06:14.785-0500][gc,init] Large Page Support: Disabled
[2025-04-17T18:06:14.785-0500][gc,init] NUMA Support: Disabled
[2025-04-17T18:06:14.785-0500][gc,init] Compressed Oops: Enabled (32-bit)
[2025-04-17T18:06:14.785-0500][gc,init] Heap Region Size: 1M
[2025-04-17T18:06:14.785-0500][gc,init] Heap Min Capacity: 1G
[2025-04-17T18:06:14.785-0500][gc,init] Heap Initial Capacity: 1G
[2025-04-17T18:06:14.785-0500][gc,init] Heap Max Capacity: 1G
[2025-04-17T18:06:14.785-0500][gc,init] Pre-touch: Disabled
[2025-04-17T18:06:14.785-0500][gc,init] Parallel Workers: 10
[2025-04-17T18:06:14.785-0500][gc,init] Concurrent Workers: 3
[2025-04-17T18:06:14.785-0500][gc,init] Concurrent Refinement Workers: 10
[2025-04-17T18:06:14.785-0500][gc,init] Periodic GC: Disabled
[2025-04-17T18:06:14.791-0500][gc,metaspace] CDS archive(s) mapped at: [0x0000025abb000000-0x0000025abbbd0000-0x0000025abbbd0000), size 12386304, SharedBaseAddress: 0x0000025abb000000, ArchiveRelocationMode: 1.
[2025-04-17T18:06:14.791-0500][gc,metaspace] Compressed class space mapped at: 0x0000025abc000000-0x0000025afc000000, reserved size: 1073741824
[2025-04-17T18:06:14.791-0500][gc,metaspace] Narrow klass base: 0x0000025abb000000, Narrow klass shift: 0, Narrow klass range: 0x100000000
[2025-04-17T18:06:15.864-0500][gc,start    ] GC(0) Pause Young (Normal) (G1 Evacuation Pause)
[2025-04-17T18:06:15.865-0500][gc,task     ] GC(0) Using 10 workers of 10 for evacuation
[2025-04-17T18:06:15.869-0500][gc,phases   ] GC(0)   Pre Evacuate Collection Set: 0.1ms
[2025-04-17T18:06:15.869-0500][gc,phases   ] GC(0)   Merge Heap Roots: 0.1ms
[2025-04-17T18:06:15.869-0500][gc,phases   ] GC(0)   Evacuate Collection Set: 3.3ms
[2025-04-17T18:06:15.869-0500][gc,phases   ] GC(0)   Post Evacuate Collection Set: 0.2ms
[2025-04-17T18:06:15.869-0500][gc,phases   ] GC(0)   Other: 0.4ms
[2025-04-17T18:06:15.869-0500][gc,heap     ] GC(0) Eden regions: 51->0(44)
[2025-04-17T18:06:15.869-0500][gc,heap     ] GC(0) Survivor regions: 0->7(7)
[2025-04-17T18:06:15.869-0500][gc,heap     ] GC(0) Old regions: 0->2
[2025-04-17T18:06:15.869-0500][gc,heap     ] GC(0) Archive regions: 0->0
[2025-04-17T18:06:15.869-0500][gc,heap     ] GC(0) Humongous regions: 0->0
[2025-04-17T18:06:15.869-0500][gc,metaspace] GC(0) Metaspace: 17361K(17600K)->17361K(17600K) NonClass: 15417K(15552K)->15417K(15552K) Class: 1944K(2048K)->1944K(2048K)
[2025-04-17T18:06:15.869-0500][gc          ] GC(0) Pause Young (Normal) (G1 Evacuation Pause) 51M->8M(1024M) 4.228ms
[2025-04-17T18:06:15.869-0500][gc,cpu      ] GC(0) User=0.00s Sys=0.00s Real=0.00s
[2025-04-17T18:06:16.058-0500][gc,start    ] GC(1) Pause Young (Concurrent Start) (Metadata GC Threshold)
[2025-04-17T18:06:16.059-0500][gc,task     ] GC(1) Using 10 workers of 10 for evacuation
[2025-04-17T18:06:16.061-0500][gc,phases   ] GC(1)   Pre Evacuate Collection Set: 0.1ms
[2025-04-17T18:06:16.061-0500][gc,phases   ] GC(1)   Merge Heap Roots: 0.0ms
[2025-04-17T18:06:16.061-0500][gc,phases   ] GC(1)   Evacuate Collection Set: 2.6ms
[2025-04-17T18:06:16.061-0500][gc,phases   ] GC(1)   Post Evacuate Collection Set: 0.2ms
[2025-04-17T18:06:16.061-0500][gc,phases   ] GC(1)   Other: 0.3ms
[2025-04-17T18:06:16.061-0500][gc,heap     ] GC(1) Eden regions: 14->0(49)
[2025-04-17T18:06:16.061-0500][gc,heap     ] GC(1) Survivor regions: 7->2(7)
[2025-04-17T18:06:16.061-0500][gc,heap     ] GC(1) Old regions: 2->10
[2025-04-17T18:06:16.061-0500][gc,heap     ] GC(1) Archive regions: 0->0
[2025-04-17T18:06:16.061-0500][gc,heap     ] GC(1) Humongous regions: 0->0
[2025-04-17T18:06:16.061-0500][gc,metaspace] GC(1) Metaspace: 21351K(21504K)->21351K(21504K) NonClass: 19052K(19136K)->19052K(19136K) Class: 2299K(2368K)->2299K(2368K)
[2025-04-17T18:06:16.061-0500][gc          ] GC(1) Pause Young (Concurrent Start) (Metadata GC Threshold) 22M->10M(1024M) 3.362ms
[2025-04-17T18:06:16.061-0500][gc,cpu      ] GC(1) User=0.02s Sys=0.00s Real=0.00s
[2025-04-17T18:06:16.061-0500][gc          ] GC(2) Concurrent Mark Cycle
[2025-04-17T18:06:16.061-0500][gc,marking  ] GC(2) Concurrent Clear Claimed Marks
[2025-04-17T18:06:16.061-0500][gc,marking  ] GC(2) Concurrent Clear Claimed Marks 0.026ms
[2025-04-17T18:06:16.061-0500][gc,marking  ] GC(2) Concurrent Scan Root Regions
[2025-04-17T18:06:16.063-0500][gc,marking  ] GC(2) Concurrent Scan Root Regions 1.883ms
[2025-04-17T18:06:16.063-0500][gc,marking  ] GC(2) Concurrent Mark
[2025-04-17T18:06:16.064-0500][gc,marking  ] GC(2) Concurrent Mark From Roots
[2025-04-17T18:06:16.064-0500][gc,task     ] GC(2) Using 3 workers of 3 for marking
[2025-04-17T18:06:16.064-0500][gc,marking  ] GC(2) Concurrent Mark From Roots 0.921ms
[2025-04-17T18:06:16.064-0500][gc,marking  ] GC(2) Concurrent Preclean
[2025-04-17T18:06:16.065-0500][gc,marking  ] GC(2) Concurrent Preclean 0.069ms
[2025-04-17T18:06:16.065-0500][gc,start    ] GC(2) Pause Remark
[2025-04-17T18:06:16.065-0500][gc          ] GC(2) Pause Remark 11M->11M(1024M) 0.806ms
[2025-04-17T18:06:16.065-0500][gc,cpu      ] GC(2) User=0.00s Sys=0.00s Real=0.00s
[2025-04-17T18:06:16.065-0500][gc,marking  ] GC(2) Concurrent Mark 1.949ms
[2025-04-17T18:06:16.065-0500][gc,marking  ] GC(2) Concurrent Rebuild Remembered Sets
[2025-04-17T18:06:16.067-0500][gc,marking  ] GC(2) Concurrent Rebuild Remembered Sets 1.491ms
[2025-04-17T18:06:16.067-0500][gc,start    ] GC(2) Pause Cleanup
[2025-04-17T18:06:16.068-0500][gc          ] GC(2) Pause Cleanup 11M->11M(1024M) 0.087ms
[2025-04-17T18:06:16.068-0500][gc,cpu      ] GC(2) User=0.00s Sys=0.00s Real=0.00s
[2025-04-17T18:06:16.068-0500][gc,marking  ] GC(2) Concurrent Cleanup for Next Mark
[2025-04-17T18:06:16.071-0500][gc,marking  ] GC(2) Concurrent Cleanup for Next Mark 3.575ms
[2025-04-17T18:06:16.071-0500][gc          ] GC(2) Concurrent Mark Cycle 9.254ms
[2025-04-17T18:06:16.867-0500][gc,start    ] GC(3) Pause Young (Normal) (G1 Evacuation Pause)
[2025-04-17T18:06:16.867-0500][gc,task     ] GC(3) Using 10 workers of 10 for evacuation
[2025-04-17T18:06:16.868-0500][gc,phases   ] GC(3)   Pre Evacuate Collection Set: 0.0ms
[2025-04-17T18:06:16.868-0500][gc,phases   ] GC(3)   Merge Heap Roots: 0.1ms
[2025-04-17T18:06:16.868-0500][gc,phases   ] GC(3)   Evacuate Collection Set: 1.1ms
[2025-04-17T18:06:16.868-0500][gc,phases   ] GC(3)   Post Evacuate Collection Set: 0.2ms
[2025-04-17T18:06:16.868-0500][gc,phases   ] GC(3)   Other: 0.1ms
[2025-04-17T18:06:16.868-0500][gc,heap     ] GC(3) Eden regions: 49->0(47)
[2025-04-17T18:06:16.868-0500][gc,heap     ] GC(3) Survivor regions: 2->4(7)
[2025-04-17T18:06:16.868-0500][gc,heap     ] GC(3) Old regions: 10->10
[2025-04-17T18:06:16.868-0500][gc,heap     ] GC(3) Archive regions: 0->0
[2025-04-17T18:06:16.868-0500][gc,heap     ] GC(3) Humongous regions: 0->0
[2025-04-17T18:06:16.868-0500][gc,metaspace] GC(3) Metaspace: 29983K(30272K)->29983K(30272K) NonClass: 26646K(26752K)->26646K(26752K) Class: 3337K(3520K)->3337K(3520K)
[2025-04-17T18:06:16.868-0500][gc          ] GC(3) Pause Young (Normal) (G1 Evacuation Pause) 59M->12M(1024M) 1.597ms
[2025-04-17T18:06:16.868-0500][gc,cpu      ] GC(3) User=0.00s Sys=0.00s Real=0.00s
[2025-04-17T18:06:17.119-0500][gc,start    ] GC(4) Pause Young (Concurrent Start) (Metadata GC Threshold)
[2025-04-17T18:06:17.119-0500][gc,task     ] GC(4) Using 10 workers of 10 for evacuation
[2025-04-17T18:06:17.122-0500][gc,phases   ] GC(4)   Pre Evacuate Collection Set: 0.1ms
[2025-04-17T18:06:17.122-0500][gc,phases   ] GC(4)   Merge Heap Roots: 0.0ms
[2025-04-17T18:06:17.122-0500][gc,phases   ] GC(4)   Evacuate Collection Set: 2.3ms
[2025-04-17T18:06:17.122-0500][gc,phases   ] GC(4)   Post Evacuate Collection Set: 0.3ms
[2025-04-17T18:06:17.122-0500][gc,phases   ] GC(4)   Other: 0.1ms
[2025-04-17T18:06:17.122-0500][gc,heap     ] GC(4) Eden regions: 40->0(44)
[2025-04-17T18:06:17.122-0500][gc,heap     ] GC(4) Survivor regions: 4->7(7)
[2025-04-17T18:06:17.122-0500][gc,heap     ] GC(4) Old regions: 10->10
[2025-04-17T18:06:17.122-0500][gc,heap     ] GC(4) Archive regions: 0->0
[2025-04-17T18:06:17.122-0500][gc,heap     ] GC(4) Humongous regions: 9->9
[2025-04-17T18:06:17.122-0500][gc,metaspace] GC(4) Metaspace: 35780K(36096K)->35780K(36096K) NonClass: 31789K(31936K)->31789K(31936K) Class: 3991K(4160K)->3991K(4160K)
[2025-04-17T18:06:17.122-0500][gc          ] GC(4) Pause Young (Concurrent Start) (Metadata GC Threshold) 60M->25M(1024M) 2.965ms
[2025-04-17T18:06:17.122-0500][gc,cpu      ] GC(4) User=0.00s Sys=0.00s Real=0.00s
[2025-04-17T18:06:17.122-0500][gc          ] GC(5) Concurrent Mark Cycle
[2025-04-17T18:06:17.122-0500][gc,marking  ] GC(5) Concurrent Clear Claimed Marks
[2025-04-17T18:06:17.122-0500][gc,marking  ] GC(5) Concurrent Clear Claimed Marks 0.018ms
[2025-04-17T18:06:17.122-0500][gc,marking  ] GC(5) Concurrent Scan Root Regions
[2025-04-17T18:06:17.125-0500][gc,marking  ] GC(5) Concurrent Scan Root Regions 1.755ms
[2025-04-17T18:06:17.125-0500][gc,marking  ] GC(5) Concurrent Mark
[2025-04-17T18:06:17.125-0500][gc,marking  ] GC(5) Concurrent Mark From Roots
[2025-04-17T18:06:17.125-0500][gc,task     ] GC(5) Using 3 workers of 3 for marking
[2025-04-17T18:06:17.127-0500][gc,marking  ] GC(5) Concurrent Mark From Roots 3.271ms
[2025-04-17T18:06:17.127-0500][gc,marking  ] GC(5) Concurrent Preclean
[2025-04-17T18:06:17.127-0500][gc,marking  ] GC(5) Concurrent Preclean 0.075ms
[2025-04-17T18:06:17.127-0500][gc,start    ] GC(5) Pause Remark
[2025-04-17T18:06:17.129-0500][gc          ] GC(5) Pause Remark 26M->26M(1024M) 1.054ms
[2025-04-17T18:06:17.129-0500][gc,cpu      ] GC(5) User=0.00s Sys=0.00s Real=0.00s
[2025-04-17T18:06:17.129-0500][gc,marking  ] GC(5) Concurrent Mark 4.561ms
[2025-04-17T18:06:17.129-0500][gc,marking  ] GC(5) Concurrent Rebuild Remembered Sets
[2025-04-17T18:06:17.131-0500][gc,marking  ] GC(5) Concurrent Rebuild Remembered Sets 1.352ms
[2025-04-17T18:06:17.140-0500][gc,start    ] GC(5) Pause Cleanup
[2025-04-17T18:06:17.140-0500][gc          ] GC(5) Pause Cleanup 26M->26M(1024M) 0.164ms
[2025-04-17T18:06:17.140-0500][gc,cpu      ] GC(5) User=0.02s Sys=0.00s Real=0.00s
[2025-04-17T18:06:17.140-0500][gc,marking  ] GC(5) Concurrent Cleanup for Next Mark
[2025-04-17T18:06:17.141-0500][gc,marking  ] GC(5) Concurrent Cleanup for Next Mark 1.392ms
[2025-04-17T18:06:17.141-0500][gc          ] GC(5) Concurrent Mark Cycle 18.699ms
[2025-04-17T18:06:25.240-0500][gc,start    ] GC(6) Pause Young (Prepare Mixed) (G1 Evacuation Pause)
[2025-04-17T18:06:25.240-0500][gc,task     ] GC(6) Using 10 workers of 10 for evacuation
[2025-04-17T18:06:25.242-0500][gc,phases   ] GC(6)   Pre Evacuate Collection Set: 0.1ms
[2025-04-17T18:06:25.242-0500][gc,phases   ] GC(6)   Merge Heap Roots: 0.0ms
[2025-04-17T18:06:25.242-0500][gc,phases   ] GC(6)   Evacuate Collection Set: 2.7ms
[2025-04-17T18:06:25.242-0500][gc,phases   ] GC(6)   Post Evacuate Collection Set: 0.3ms
[2025-04-17T18:06:25.242-0500][gc,phases   ] GC(6)   Other: 0.1ms
[2025-04-17T18:06:25.242-0500][gc,heap     ] GC(6) Eden regions: 44->0(47)
[2025-04-17T18:06:25.242-0500][gc,heap     ] GC(6) Survivor regions: 7->4(7)
[2025-04-17T18:06:25.242-0500][gc,heap     ] GC(6) Old regions: 10->17
[2025-04-17T18:06:25.242-0500][gc,heap     ] GC(6) Archive regions: 0->0
[2025-04-17T18:06:25.242-0500][gc,heap     ] GC(6) Humongous regions: 222->138
[2025-04-17T18:06:25.244-0500][gc,metaspace] GC(6) Metaspace: 41562K(42048K)->41562K(42048K) NonClass: 36802K(37056K)->36802K(37056K) Class: 4760K(4992K)->4760K(4992K)
[2025-04-17T18:06:25.244-0500][gc          ] GC(6) Pause Young (Prepare Mixed) (G1 Evacuation Pause) 282M->158M(1024M) 3.302ms
[2025-04-17T18:06:25.244-0500][gc,cpu      ] GC(6) User=0.00s Sys=0.00s Real=0.00s
[2025-04-17T18:10:48.950-0500][gc,start    ] GC(7) Pause Young (Mixed) (G1 Evacuation Pause)
[2025-04-17T18:10:48.950-0500][gc,task     ] GC(7) Using 10 workers of 10 for evacuation
[2025-04-17T18:10:48.953-0500][gc,phases   ] GC(7)   Pre Evacuate Collection Set: 0.1ms
[2025-04-17T18:10:48.953-0500][gc,phases   ] GC(7)   Merge Heap Roots: 0.1ms
[2025-04-17T18:10:48.953-0500][gc,phases   ] GC(7)   Evacuate Collection Set: 2.5ms
[2025-04-17T18:10:48.953-0500][gc,phases   ] GC(7)   Post Evacuate Collection Set: 0.3ms
[2025-04-17T18:10:48.953-0500][gc,phases   ] GC(7)   Other: 0.2ms
[2025-04-17T18:10:48.953-0500][gc,heap     ] GC(7) Eden regions: 47->0(44)
[2025-04-17T18:10:48.953-0500][gc,heap     ] GC(7) Survivor regions: 4->7(7)
[2025-04-17T18:10:48.953-0500][gc,heap     ] GC(7) Old regions: 17->18
[2025-04-17T18:10:48.953-0500][gc,heap     ] GC(7) Archive regions: 0->0
[2025-04-17T18:10:48.953-0500][gc,heap     ] GC(7) Humongous regions: 138->138
[2025-04-17T18:10:48.953-0500][gc,metaspace] GC(7) Metaspace: 44522K(45120K)->44522K(45120K) NonClass: 39485K(39808K)->39485K(39808K) Class: 5037K(5312K)->5037K(5312K)
[2025-04-17T18:10:48.954-0500][gc          ] GC(7) Pause Young (Mixed) (G1 Evacuation Pause) 205M->161M(1024M) 3.241ms
[2025-04-17T18:10:48.954-0500][gc,cpu      ] GC(7) User=0.12s Sys=0.03s Real=0.00s
[2025-04-17T18:13:38.424-0500][gc,start    ] GC(8) Pause Young (Normal) (G1 Evacuation Pause)
[2025-04-17T18:13:38.424-0500][gc,task     ] GC(8) Using 10 workers of 10 for evacuation
[2025-04-17T18:13:38.426-0500][gc,phases   ] GC(8)   Pre Evacuate Collection Set: 0.1ms
[2025-04-17T18:13:38.426-0500][gc,phases   ] GC(8)   Merge Heap Roots: 0.0ms
[2025-04-17T18:13:38.426-0500][gc,phases   ] GC(8)   Evacuate Collection Set: 1.9ms
[2025-04-17T18:13:38.426-0500][gc,phases   ] GC(8)   Post Evacuate Collection Set: 0.2ms
[2025-04-17T18:13:38.426-0500][gc,phases   ] GC(8)   Other: 0.1ms
[2025-04-17T18:13:38.426-0500][gc,heap     ] GC(8) Eden regions: 44->0(47)
[2025-04-17T18:13:38.426-0500][gc,heap     ] GC(8) Survivor regions: 7->4(7)
[2025-04-17T18:13:38.426-0500][gc,heap     ] GC(8) Old regions: 18->20
[2025-04-17T18:13:38.426-0500][gc,heap     ] GC(8) Archive regions: 0->0
[2025-04-17T18:13:38.426-0500][gc,heap     ] GC(8) Humongous regions: 138->138
[2025-04-17T18:13:38.426-0500][gc,metaspace] GC(8) Metaspace: 44920K(45568K)->44920K(45568K) NonClass: 39847K(40192K)->39847K(40192K) Class: 5073K(5376K)->5073K(5376K)
[2025-04-17T18:13:38.426-0500][gc          ] GC(8) Pause Young (Normal) (G1 Evacuation Pause) 205M->161M(1024M) 2.427ms
[2025-04-17T18:13:38.426-0500][gc,cpu      ] GC(8) User=0.00s Sys=0.00s Real=0.00s
[2025-04-17T18:18:53.012-0500][gc,start    ] GC(9) Pause Young (Normal) (G1 Evacuation Pause)
[2025-04-17T18:18:53.012-0500][gc,task     ] GC(9) Using 10 workers of 10 for evacuation
[2025-04-17T18:18:53.014-0500][gc,phases   ] GC(9)   Pre Evacuate Collection Set: 0.1ms
[2025-04-17T18:18:53.014-0500][gc,phases   ] GC(9)   Merge Heap Roots: 0.0ms
[2025-04-17T18:18:53.014-0500][gc,phases   ] GC(9)   Evacuate Collection Set: 1.8ms
[2025-04-17T18:18:53.014-0500][gc,phases   ] GC(9)   Post Evacuate Collection Set: 0.2ms
[2025-04-17T18:18:53.014-0500][gc,phases   ] GC(9)   Other: 0.1ms
[2025-04-17T18:18:53.014-0500][gc,heap     ] GC(9) Eden regions: 47->0(56)
[2025-04-17T18:18:53.014-0500][gc,heap     ] GC(9) Survivor regions: 4->5(7)
[2025-04-17T18:18:53.014-0500][gc,heap     ] GC(9) Old regions: 20->20
[2025-04-17T18:18:53.014-0500][gc,heap     ] GC(9) Archive regions: 0->0
[2025-04-17T18:18:53.014-0500][gc,heap     ] GC(9) Humongous regions: 138->138
[2025-04-17T18:18:53.014-0500][gc,metaspace] GC(9) Metaspace: 45162K(45760K)->45162K(45760K) NonClass: 40067K(40384K)->40067K(40384K) Class: 5095K(5376K)->5095K(5376K)
[2025-04-17T18:18:53.014-0500][gc          ] GC(9) Pause Young (Normal) (G1 Evacuation Pause) 208M->162M(1024M) 2.321ms
[2025-04-17T18:18:53.014-0500][gc,cpu      ] GC(9) User=0.06s Sys=0.08s Real=0.00s
[2025-04-17T18:22:55.387-0500][gc,start    ] GC(10) Pause Young (Normal) (G1 Evacuation Pause)
[2025-04-17T18:22:55.387-0500][gc,task     ] GC(10) Using 10 workers of 10 for evacuation
[2025-04-17T18:22:55.389-0500][gc,phases   ] GC(10)   Pre Evacuate Collection Set: 0.1ms
[2025-04-17T18:22:55.389-0500][gc,phases   ] GC(10)   Merge Heap Roots: 0.1ms
[2025-04-17T18:22:55.389-0500][gc,phases   ] GC(10)   Evacuate Collection Set: 1.8ms
[2025-04-17T18:22:55.389-0500][gc,phases   ] GC(10)   Post Evacuate Collection Set: 0.2ms
[2025-04-17T18:22:55.389-0500][gc,phases   ] GC(10)   Other: 0.2ms
[2025-04-17T18:22:55.389-0500][gc,heap     ] GC(10) Eden regions: 56->0(246)
[2025-04-17T18:22:55.389-0500][gc,heap     ] GC(10) Survivor regions: 5->4(8)
[2025-04-17T18:22:55.389-0500][gc,heap     ] GC(10) Old regions: 20->21
[2025-04-17T18:22:55.389-0500][gc,heap     ] GC(10) Archive regions: 0->0
[2025-04-17T18:22:55.389-0500][gc,heap     ] GC(10) Humongous regions: 138->138
[2025-04-17T18:22:55.389-0500][gc,metaspace] GC(10) Metaspace: 45369K(45952K)->45369K(45952K) NonClass: 40272K(40576K)->40272K(40576K) Class: 5096K(5376K)->5096K(5376K)
[2025-04-17T18:22:55.389-0500][gc          ] GC(10) Pause Young (Normal) (G1 Evacuation Pause) 218M->162M(1024M) 2.615ms
[2025-04-17T18:22:55.389-0500][gc,cpu      ] GC(10) User=0.00s Sys=0.00s Real=0.00s
[2025-04-17T18:47:16.209-0500][gc,start    ] GC(11) Pause Young (Normal) (G1 Evacuation Pause)
[2025-04-17T18:47:16.209-0500][gc,task     ] GC(11) Using 10 workers of 10 for evacuation
[2025-04-17T18:47:16.212-0500][gc,phases   ] GC(11)   Pre Evacuate Collection Set: 0.1ms
[2025-04-17T18:47:16.212-0500][gc,phases   ] GC(11)   Merge Heap Roots: 0.1ms
[2025-04-17T18:47:16.212-0500][gc,phases   ] GC(11)   Evacuate Collection Set: 2.4ms
[2025-04-17T18:47:16.212-0500][gc,phases   ] GC(11)   Post Evacuate Collection Set: 0.4ms
[2025-04-17T18:47:16.212-0500][gc,phases   ] GC(11)   Other: 0.2ms
[2025-04-17T18:47:16.212-0500][gc,heap     ] GC(11) Eden regions: 246->0(213)
[2025-04-17T18:47:16.212-0500][gc,heap     ] GC(11) Survivor regions: 4->7(32)
[2025-04-17T18:47:16.212-0500][gc,heap     ] GC(11) Old regions: 21->21
[2025-04-17T18:47:16.212-0500][gc,heap     ] GC(11) Archive regions: 0->0
[2025-04-17T18:47:16.213-0500][gc,heap     ] GC(11) Humongous regions: 138->138
[2025-04-17T18:47:16.213-0500][gc,metaspace] GC(11) Metaspace: 45772K(46336K)->45772K(46336K) NonClass: 40619K(40896K)->40619K(40896K) Class: 5153K(5440K)->5153K(5440K)
[2025-04-17T18:47:16.213-0500][gc          ] GC(11) Pause Young (Normal) (G1 Evacuation Pause) 408M->164M(1024M) 3.310ms
[2025-04-17T18:47:16.213-0500][gc,cpu      ] GC(11) User=0.00s Sys=0.00s Real=0.00s
