[2025-04-10T18:53:23.542-0500][gc] Using G1
[2025-04-10T18:53:23.546-0500][gc,init] Version: 17.0.10+11-LTS-240 (release)
[2025-04-10T18:53:23.546-0500][gc,init] CPUs: 12 total, 12 available
[2025-04-10T18:53:23.546-0500][gc,init] Memory: 16291M
[2025-04-10T18:53:23.546-0500][gc,init] Large Page Support: Disabled
[2025-04-10T18:53:23.546-0500][gc,init] NUMA Support: Disabled
[2025-04-10T18:53:23.546-0500][gc,init] Compressed Oops: Enabled (32-bit)
[2025-04-10T18:53:23.546-0500][gc,init] Heap Region Size: 1M
[2025-04-10T18:53:23.546-0500][gc,init] Heap Min Capacity: 1G
[2025-04-10T18:53:23.546-0500][gc,init] Heap Initial Capacity: 1G
[2025-04-10T18:53:23.546-0500][gc,init] Heap Max Capacity: 1G
[2025-04-10T18:53:23.546-0500][gc,init] Pre-touch: Disabled
[2025-04-10T18:53:23.546-0500][gc,init] Parallel Workers: 10
[2025-04-10T18:53:23.546-0500][gc,init] Concurrent Workers: 3
[2025-04-10T18:53:23.546-0500][gc,init] Concurrent Refinement Workers: 10
[2025-04-10T18:53:23.546-0500][gc,init] Periodic GC: Disabled
[2025-04-10T18:53:23.552-0500][gc,metaspace] CDS archive(s) mapped at: [0x0000021e85000000-0x0000021e85bd0000-0x0000021e85bd0000), size 12386304, SharedBaseAddress: 0x0000021e85000000, ArchiveRelocationMode: 1.
[2025-04-10T18:53:23.552-0500][gc,metaspace] Compressed class space mapped at: 0x0000021e86000000-0x0000021ec6000000, reserved size: 1073741824
[2025-04-10T18:53:23.552-0500][gc,metaspace] Narrow klass base: 0x0000021e85000000, Narrow klass shift: 0, Narrow klass range: 0x100000000
[2025-04-10T18:53:24.256-0500][gc,start    ] GC(0) Pause Young (Normal) (G1 Evacuation Pause)
[2025-04-10T18:53:24.256-0500][gc,task     ] GC(0) Using 10 workers of 10 for evacuation
[2025-04-10T18:53:24.261-0500][gc,phases   ] GC(0)   Pre Evacuate Collection Set: 0.1ms
[2025-04-10T18:53:24.261-0500][gc,phases   ] GC(0)   Merge Heap Roots: 0.1ms
[2025-04-10T18:53:24.261-0500][gc,phases   ] GC(0)   Evacuate Collection Set: 3.9ms
[2025-04-10T18:53:24.261-0500][gc,phases   ] GC(0)   Post Evacuate Collection Set: 0.4ms
[2025-04-10T18:53:24.261-0500][gc,phases   ] GC(0)   Other: 0.4ms
[2025-04-10T18:53:24.261-0500][gc,heap     ] GC(0) Eden regions: 51->0(44)
[2025-04-10T18:53:24.261-0500][gc,heap     ] GC(0) Survivor regions: 0->7(7)
[2025-04-10T18:53:24.261-0500][gc,heap     ] GC(0) Old regions: 0->3
[2025-04-10T18:53:24.261-0500][gc,heap     ] GC(0) Archive regions: 0->0
[2025-04-10T18:53:24.261-0500][gc,heap     ] GC(0) Humongous regions: 0->0
[2025-04-10T18:53:24.261-0500][gc,metaspace] GC(0) Metaspace: 17244K(17472K)->17244K(17472K) NonClass: 15305K(15424K)->15305K(15424K) Class: 1938K(2048K)->1938K(2048K)
[2025-04-10T18:53:24.261-0500][gc          ] GC(0) Pause Young (Normal) (G1 Evacuation Pause) 51M->9M(1024M) 4.993ms
[2025-04-10T18:53:24.261-0500][gc,cpu      ] GC(0) User=0.00s Sys=0.00s Real=0.00s
[2025-04-10T18:53:24.370-0500][gc,start    ] GC(1) Pause Young (Concurrent Start) (Metadata GC Threshold)
[2025-04-10T18:53:24.370-0500][gc,task     ] GC(1) Using 10 workers of 10 for evacuation
[2025-04-10T18:53:24.373-0500][gc,phases   ] GC(1)   Pre Evacuate Collection Set: 0.1ms
[2025-04-10T18:53:24.373-0500][gc,phases   ] GC(1)   Merge Heap Roots: 0.0ms
[2025-04-10T18:53:24.373-0500][gc,phases   ] GC(1)   Evacuate Collection Set: 1.8ms
[2025-04-10T18:53:24.373-0500][gc,phases   ] GC(1)   Post Evacuate Collection Set: 0.1ms
[2025-04-10T18:53:24.373-0500][gc,phases   ] GC(1)   Other: 0.1ms
[2025-04-10T18:53:24.373-0500][gc,heap     ] GC(1) Eden regions: 14->0(49)
[2025-04-10T18:53:24.373-0500][gc,heap     ] GC(1) Survivor regions: 7->2(7)
[2025-04-10T18:53:24.373-0500][gc,heap     ] GC(1) Old regions: 3->10
[2025-04-10T18:53:24.373-0500][gc,heap     ] GC(1) Archive regions: 0->0
[2025-04-10T18:53:24.373-0500][gc,heap     ] GC(1) Humongous regions: 0->0
[2025-04-10T18:53:24.373-0500][gc,metaspace] GC(1) Metaspace: 21325K(21504K)->21325K(21504K) NonClass: 19025K(19136K)->19025K(19136K) Class: 2299K(2368K)->2299K(2368K)
[2025-04-10T18:53:24.373-0500][gc          ] GC(1) Pause Young (Concurrent Start) (Metadata GC Threshold) 23M->10M(1024M) 2.295ms
[2025-04-10T18:53:24.373-0500][gc,cpu      ] GC(1) User=0.00s Sys=0.00s Real=0.00s
[2025-04-10T18:53:24.373-0500][gc          ] GC(2) Concurrent Mark Cycle
[2025-04-10T18:53:24.373-0500][gc,marking  ] GC(2) Concurrent Clear Claimed Marks
[2025-04-10T18:53:24.373-0500][gc,marking  ] GC(2) Concurrent Clear Claimed Marks 0.012ms
[2025-04-10T18:53:24.373-0500][gc,marking  ] GC(2) Concurrent Scan Root Regions
[2025-04-10T18:53:24.374-0500][gc,marking  ] GC(2) Concurrent Scan Root Regions 0.835ms
[2025-04-10T18:53:24.374-0500][gc,marking  ] GC(2) Concurrent Mark
[2025-04-10T18:53:24.374-0500][gc,marking  ] GC(2) Concurrent Mark From Roots
[2025-04-10T18:53:24.374-0500][gc,task     ] GC(2) Using 3 workers of 3 for marking
[2025-04-10T18:53:24.375-0500][gc,marking  ] GC(2) Concurrent Mark From Roots 0.873ms
[2025-04-10T18:53:24.375-0500][gc,marking  ] GC(2) Concurrent Preclean
[2025-04-10T18:53:24.375-0500][gc,marking  ] GC(2) Concurrent Preclean 0.053ms
[2025-04-10T18:53:24.375-0500][gc,start    ] GC(2) Pause Remark
[2025-04-10T18:53:24.375-0500][gc          ] GC(2) Pause Remark 11M->11M(1024M) 0.603ms
[2025-04-10T18:53:24.375-0500][gc,cpu      ] GC(2) User=0.00s Sys=0.00s Real=0.00s
[2025-04-10T18:53:24.375-0500][gc,marking  ] GC(2) Concurrent Mark 1.643ms
[2025-04-10T18:53:24.375-0500][gc,marking  ] GC(2) Concurrent Rebuild Remembered Sets
[2025-04-10T18:53:24.376-0500][gc,marking  ] GC(2) Concurrent Rebuild Remembered Sets 0.851ms
[2025-04-10T18:53:24.376-0500][gc,start    ] GC(2) Pause Cleanup
[2025-04-10T18:53:24.376-0500][gc          ] GC(2) Pause Cleanup 11M->11M(1024M) 0.042ms
[2025-04-10T18:53:24.376-0500][gc,cpu      ] GC(2) User=0.00s Sys=0.00s Real=0.00s
[2025-04-10T18:53:24.376-0500][gc,marking  ] GC(2) Concurrent Cleanup for Next Mark
[2025-04-10T18:53:24.377-0500][gc,marking  ] GC(2) Concurrent Cleanup for Next Mark 1.059ms
[2025-04-10T18:53:24.377-0500][gc          ] GC(2) Concurrent Mark Cycle 4.632ms
[2025-04-10T18:53:24.900-0500][gc,start    ] GC(3) Pause Young (Normal) (G1 Evacuation Pause)
[2025-04-10T18:53:24.900-0500][gc,task     ] GC(3) Using 10 workers of 10 for evacuation
[2025-04-10T18:53:24.903-0500][gc,phases   ] GC(3)   Pre Evacuate Collection Set: 0.1ms
[2025-04-10T18:53:24.903-0500][gc,phases   ] GC(3)   Merge Heap Roots: 0.0ms
[2025-04-10T18:53:24.903-0500][gc,phases   ] GC(3)   Evacuate Collection Set: 1.7ms
[2025-04-10T18:53:24.903-0500][gc,phases   ] GC(3)   Post Evacuate Collection Set: 0.2ms
[2025-04-10T18:53:24.903-0500][gc,phases   ] GC(3)   Other: 0.1ms
[2025-04-10T18:53:24.903-0500][gc,heap     ] GC(3) Eden regions: 49->0(45)
[2025-04-10T18:53:24.903-0500][gc,heap     ] GC(3) Survivor regions: 2->6(7)
[2025-04-10T18:53:24.903-0500][gc,heap     ] GC(3) Old regions: 10->10
[2025-04-10T18:53:24.903-0500][gc,heap     ] GC(3) Archive regions: 0->0
[2025-04-10T18:53:24.903-0500][gc,heap     ] GC(3) Humongous regions: 9->9
[2025-04-10T18:53:24.903-0500][gc,metaspace] GC(3) Metaspace: 31693K(32064K)->31693K(32064K) NonClass: 28143K(28352K)->28143K(28352K) Class: 3549K(3712K)->3549K(3712K)
[2025-04-10T18:53:24.903-0500][gc          ] GC(3) Pause Young (Normal) (G1 Evacuation Pause) 68M->23M(1024M) 2.188ms
[2025-04-10T18:53:24.903-0500][gc,cpu      ] GC(3) User=0.00s Sys=0.00s Real=0.00s
[2025-04-10T18:53:25.069-0500][gc,start    ] GC(4) Pause Young (Concurrent Start) (Metadata GC Threshold)
[2025-04-10T18:53:25.069-0500][gc,task     ] GC(4) Using 10 workers of 10 for evacuation
[2025-04-10T18:53:25.072-0500][gc,phases   ] GC(4)   Pre Evacuate Collection Set: 0.1ms
[2025-04-10T18:53:25.072-0500][gc,phases   ] GC(4)   Merge Heap Roots: 0.0ms
[2025-04-10T18:53:25.072-0500][gc,phases   ] GC(4)   Evacuate Collection Set: 2.4ms
[2025-04-10T18:53:25.072-0500][gc,phases   ] GC(4)   Post Evacuate Collection Set: 0.2ms
[2025-04-10T18:53:25.072-0500][gc,phases   ] GC(4)   Other: 0.1ms
[2025-04-10T18:53:25.072-0500][gc,heap     ] GC(4) Eden regions: 35->0(46)
[2025-04-10T18:53:25.072-0500][gc,heap     ] GC(4) Survivor regions: 6->5(7)
[2025-04-10T18:53:25.072-0500][gc,heap     ] GC(4) Old regions: 10->14
[2025-04-10T18:53:25.072-0500][gc,heap     ] GC(4) Archive regions: 0->0
[2025-04-10T18:53:25.072-0500][gc,heap     ] GC(4) Humongous regions: 9->9
[2025-04-10T18:53:25.072-0500][gc,metaspace] GC(4) Metaspace: 35676K(35968K)->35676K(35968K) NonClass: 31696K(31872K)->31696K(31872K) Class: 3980K(4096K)->3980K(4096K)
[2025-04-10T18:53:25.072-0500][gc          ] GC(4) Pause Young (Concurrent Start) (Metadata GC Threshold) 58M->26M(1024M) 3.003ms
[2025-04-10T18:53:25.072-0500][gc,cpu      ] GC(4) User=0.00s Sys=0.00s Real=0.00s
[2025-04-10T18:53:25.072-0500][gc          ] GC(5) Concurrent Mark Cycle
[2025-04-10T18:53:25.072-0500][gc,marking  ] GC(5) Concurrent Clear Claimed Marks
[2025-04-10T18:53:25.072-0500][gc,marking  ] GC(5) Concurrent Clear Claimed Marks 0.018ms
[2025-04-10T18:53:25.072-0500][gc,marking  ] GC(5) Concurrent Scan Root Regions
[2025-04-10T18:53:25.075-0500][gc,marking  ] GC(5) Concurrent Scan Root Regions 1.487ms
[2025-04-10T18:53:25.075-0500][gc,marking  ] GC(5) Concurrent Mark
[2025-04-10T18:53:25.075-0500][gc,marking  ] GC(5) Concurrent Mark From Roots
[2025-04-10T18:53:25.075-0500][gc,task     ] GC(5) Using 3 workers of 3 for marking
[2025-04-10T18:53:25.077-0500][gc,marking  ] GC(5) Concurrent Mark From Roots 2.661ms
[2025-04-10T18:53:25.077-0500][gc,marking  ] GC(5) Concurrent Preclean
[2025-04-10T18:53:25.077-0500][gc,marking  ] GC(5) Concurrent Preclean 0.080ms
[2025-04-10T18:53:25.077-0500][gc,start    ] GC(5) Pause Remark
[2025-04-10T18:53:25.078-0500][gc          ] GC(5) Pause Remark 27M->27M(1024M) 0.918ms
[2025-04-10T18:53:25.078-0500][gc,cpu      ] GC(5) User=0.00s Sys=0.00s Real=0.00s
[2025-04-10T18:53:25.078-0500][gc,marking  ] GC(5) Concurrent Mark 3.811ms
[2025-04-10T18:53:25.078-0500][gc,marking  ] GC(5) Concurrent Rebuild Remembered Sets
[2025-04-10T18:53:25.080-0500][gc,marking  ] GC(5) Concurrent Rebuild Remembered Sets 2.232ms
[2025-04-10T18:53:25.087-0500][gc,start    ] GC(5) Pause Cleanup
[2025-04-10T18:53:25.087-0500][gc          ] GC(5) Pause Cleanup 27M->27M(1024M) 0.128ms
[2025-04-10T18:53:25.087-0500][gc,cpu      ] GC(5) User=0.00s Sys=0.00s Real=0.00s
[2025-04-10T18:53:25.087-0500][gc,marking  ] GC(5) Concurrent Cleanup for Next Mark
[2025-04-10T18:53:25.088-0500][gc,marking  ] GC(5) Concurrent Cleanup for Next Mark 1.423ms
[2025-04-10T18:53:25.088-0500][gc          ] GC(5) Concurrent Mark Cycle 15.469ms
[2025-04-10T18:56:42.675-0500][gc,start    ] GC(6) Pause Young (Prepare Mixed) (G1 Evacuation Pause)
[2025-04-10T18:56:42.675-0500][gc,task     ] GC(6) Using 10 workers of 10 for evacuation
[2025-04-10T18:56:42.678-0500][gc,phases   ] GC(6)   Pre Evacuate Collection Set: 0.1ms
[2025-04-10T18:56:42.678-0500][gc,phases   ] GC(6)   Merge Heap Roots: 0.0ms
[2025-04-10T18:56:42.678-0500][gc,phases   ] GC(6)   Evacuate Collection Set: 2.0ms
[2025-04-10T18:56:42.678-0500][gc,phases   ] GC(6)   Post Evacuate Collection Set: 0.2ms
[2025-04-10T18:56:42.678-0500][gc,phases   ] GC(6)   Other: 0.2ms
[2025-04-10T18:56:42.678-0500][gc,heap     ] GC(6) Eden regions: 46->0(47)
[2025-04-10T18:56:42.678-0500][gc,heap     ] GC(6) Survivor regions: 5->4(7)
[2025-04-10T18:56:42.678-0500][gc,heap     ] GC(6) Old regions: 14->18
[2025-04-10T18:56:42.678-0500][gc,heap     ] GC(6) Archive regions: 0->0
[2025-04-10T18:56:42.678-0500][gc,heap     ] GC(6) Humongous regions: 138->138
[2025-04-10T18:56:42.678-0500][gc,metaspace] GC(6) Metaspace: 41994K(42496K)->41994K(42496K) NonClass: 37298K(37568K)->37298K(37568K) Class: 4696K(4928K)->4696K(4928K)
[2025-04-10T18:56:42.678-0500][gc          ] GC(6) Pause Young (Prepare Mixed) (G1 Evacuation Pause) 201M->159M(1024M) 2.584ms
[2025-04-10T18:56:42.678-0500][gc,cpu      ] GC(6) User=0.05s Sys=0.11s Real=0.00s
[2025-04-10T19:05:31.323-0500][gc,start    ] GC(7) Pause Young (Mixed) (G1 Evacuation Pause)
[2025-04-10T19:05:31.323-0500][gc,task     ] GC(7) Using 10 workers of 10 for evacuation
[2025-04-10T19:05:31.326-0500][gc,phases   ] GC(7)   Pre Evacuate Collection Set: 0.1ms
[2025-04-10T19:05:31.326-0500][gc,phases   ] GC(7)   Merge Heap Roots: 0.1ms
[2025-04-10T19:05:31.326-0500][gc,phases   ] GC(7)   Evacuate Collection Set: 2.0ms
[2025-04-10T19:05:31.326-0500][gc,phases   ] GC(7)   Post Evacuate Collection Set: 0.2ms
[2025-04-10T19:05:31.326-0500][gc,phases   ] GC(7)   Other: 0.1ms
[2025-04-10T19:05:31.326-0500][gc,heap     ] GC(7) Eden regions: 47->0(47)
[2025-04-10T19:05:31.326-0500][gc,heap     ] GC(7) Survivor regions: 4->4(7)
[2025-04-10T19:05:31.326-0500][gc,heap     ] GC(7) Old regions: 18->18
[2025-04-10T19:05:31.326-0500][gc,heap     ] GC(7) Archive regions: 0->0
[2025-04-10T19:05:31.326-0500][gc,heap     ] GC(7) Humongous regions: 138->138
[2025-04-10T19:05:31.326-0500][gc,metaspace] GC(7) Metaspace: 42891K(43392K)->42891K(43392K) NonClass: 38097K(38336K)->38097K(38336K) Class: 4794K(5056K)->4794K(5056K)
[2025-04-10T19:05:31.326-0500][gc          ] GC(7) Pause Young (Mixed) (G1 Evacuation Pause) 206M->159M(1024M) 2.485ms
[2025-04-10T19:05:31.326-0500][gc,cpu      ] GC(7) User=0.00s Sys=0.00s Real=0.00s
[2025-04-10T19:05:31.529-0500][gc,heap,exit] Heap
[2025-04-10T19:05:31.529-0500][gc,heap,exit]  garbage-first heap   total 1048576K, used 175781K [0x00000000c0000000, 0x0000000100000000)
[2025-04-10T19:05:31.529-0500][gc,heap,exit]   region size 1024K, 17 young (17408K), 4 survivors (4096K)
[2025-04-10T19:05:31.529-0500][gc,heap,exit]  Metaspace       used 43483K, committed 43968K, reserved 1114112K
[2025-04-10T19:05:31.529-0500][gc,heap,exit]   class space    used 4943K, committed 5184K, reserved 1048576K
