[2025-04-10T19:29:06.019-0500][gc] Using G1
[2025-04-10T19:29:06.024-0500][gc,init] Version: 17.0.10+11-LTS-240 (release)
[2025-04-10T19:29:06.024-0500][gc,init] CPUs: 12 total, 12 available
[2025-04-10T19:29:06.024-0500][gc,init] Memory: 16291M
[2025-04-10T19:29:06.024-0500][gc,init] Large Page Support: Disabled
[2025-04-10T19:29:06.024-0500][gc,init] NUMA Support: Disabled
[2025-04-10T19:29:06.024-0500][gc,init] Compressed Oops: Enabled (32-bit)
[2025-04-10T19:29:06.024-0500][gc,init] Heap Region Size: 1M
[2025-04-10T19:29:06.024-0500][gc,init] Heap Min Capacity: 1G
[2025-04-10T19:29:06.024-0500][gc,init] Heap Initial Capacity: 1G
[2025-04-10T19:29:06.024-0500][gc,init] Heap Max Capacity: 1G
[2025-04-10T19:29:06.024-0500][gc,init] Pre-touch: Disabled
[2025-04-10T19:29:06.024-0500][gc,init] Parallel Workers: 10
[2025-04-10T19:29:06.024-0500][gc,init] Concurrent Workers: 3
[2025-04-10T19:29:06.024-0500][gc,init] Concurrent Refinement Workers: 10
[2025-04-10T19:29:06.024-0500][gc,init] Periodic GC: Disabled
[2025-04-10T19:29:06.029-0500][gc,metaspace] CDS archive(s) mapped at: [0x0000021680000000-0x0000021680bd0000-0x0000021680bd0000), size 12386304, SharedBaseAddress: 0x0000021680000000, ArchiveRelocationMode: 1.
[2025-04-10T19:29:06.029-0500][gc,metaspace] Compressed class space mapped at: 0x0000021681000000-0x00000216c1000000, reserved size: 1073741824
[2025-04-10T19:29:06.029-0500][gc,metaspace] Narrow klass base: 0x0000021680000000, Narrow klass shift: 0, Narrow klass range: 0x100000000
[2025-04-10T19:29:06.695-0500][gc,start    ] GC(0) Pause Young (Normal) (G1 Evacuation Pause)
[2025-04-10T19:29:06.695-0500][gc,task     ] GC(0) Using 10 workers of 10 for evacuation
[2025-04-10T19:29:06.698-0500][gc,phases   ] GC(0)   Pre Evacuate Collection Set: 0.1ms
[2025-04-10T19:29:06.698-0500][gc,phases   ] GC(0)   Merge Heap Roots: 0.0ms
[2025-04-10T19:29:06.698-0500][gc,phases   ] GC(0)   Evacuate Collection Set: 2.8ms
[2025-04-10T19:29:06.698-0500][gc,phases   ] GC(0)   Post Evacuate Collection Set: 0.2ms
[2025-04-10T19:29:06.698-0500][gc,phases   ] GC(0)   Other: 0.3ms
[2025-04-10T19:29:06.698-0500][gc,heap     ] GC(0) Eden regions: 51->0(44)
[2025-04-10T19:29:06.698-0500][gc,heap     ] GC(0) Survivor regions: 0->7(7)
[2025-04-10T19:29:06.698-0500][gc,heap     ] GC(0) Old regions: 0->3
[2025-04-10T19:29:06.698-0500][gc,heap     ] GC(0) Archive regions: 0->0
[2025-04-10T19:29:06.698-0500][gc,heap     ] GC(0) Humongous regions: 0->0
[2025-04-10T19:29:06.698-0500][gc,metaspace] GC(0) Metaspace: 17358K(17600K)->17358K(17600K) NonClass: 15411K(15552K)->15411K(15552K) Class: 1946K(2048K)->1946K(2048K)
[2025-04-10T19:29:06.698-0500][gc          ] GC(0) Pause Young (Normal) (G1 Evacuation Pause) 51M->9M(1024M) 3.622ms
[2025-04-10T19:29:06.698-0500][gc,cpu      ] GC(0) User=0.00s Sys=0.00s Real=0.00s
[2025-04-10T19:29:06.799-0500][gc,start    ] GC(1) Pause Young (Concurrent Start) (Metadata GC Threshold)
[2025-04-10T19:29:06.799-0500][gc,task     ] GC(1) Using 10 workers of 10 for evacuation
[2025-04-10T19:29:06.802-0500][gc,phases   ] GC(1)   Pre Evacuate Collection Set: 0.0ms
[2025-04-10T19:29:06.802-0500][gc,phases   ] GC(1)   Merge Heap Roots: 0.0ms
[2025-04-10T19:29:06.802-0500][gc,phases   ] GC(1)   Evacuate Collection Set: 1.9ms
[2025-04-10T19:29:06.802-0500][gc,phases   ] GC(1)   Post Evacuate Collection Set: 0.2ms
[2025-04-10T19:29:06.802-0500][gc,phases   ] GC(1)   Other: 0.1ms
[2025-04-10T19:29:06.802-0500][gc,heap     ] GC(1) Eden regions: 14->0(50)
[2025-04-10T19:29:06.802-0500][gc,heap     ] GC(1) Survivor regions: 7->1(7)
[2025-04-10T19:29:06.802-0500][gc,heap     ] GC(1) Old regions: 3->10
[2025-04-10T19:29:06.802-0500][gc,heap     ] GC(1) Archive regions: 0->0
[2025-04-10T19:29:06.802-0500][gc,heap     ] GC(1) Humongous regions: 0->0
[2025-04-10T19:29:06.802-0500][gc,metaspace] GC(1) Metaspace: 21327K(21504K)->21327K(21504K) NonClass: 19028K(19136K)->19028K(19136K) Class: 2299K(2368K)->2299K(2368K)
[2025-04-10T19:29:06.802-0500][gc          ] GC(1) Pause Young (Concurrent Start) (Metadata GC Threshold) 22M->10M(1024M) 2.404ms
[2025-04-10T19:29:06.802-0500][gc,cpu      ] GC(1) User=0.03s Sys=0.02s Real=0.00s
[2025-04-10T19:29:06.802-0500][gc          ] GC(2) Concurrent Mark Cycle
[2025-04-10T19:29:06.802-0500][gc,marking  ] GC(2) Concurrent Clear Claimed Marks
[2025-04-10T19:29:06.802-0500][gc,marking  ] GC(2) Concurrent Clear Claimed Marks 0.012ms
[2025-04-10T19:29:06.802-0500][gc,marking  ] GC(2) Concurrent Scan Root Regions
[2025-04-10T19:29:06.802-0500][gc,marking  ] GC(2) Concurrent Scan Root Regions 0.724ms
[2025-04-10T19:29:06.802-0500][gc,marking  ] GC(2) Concurrent Mark
[2025-04-10T19:29:06.803-0500][gc,marking  ] GC(2) Concurrent Mark From Roots
[2025-04-10T19:29:06.803-0500][gc,task     ] GC(2) Using 3 workers of 3 for marking
[2025-04-10T19:29:06.803-0500][gc,marking  ] GC(2) Concurrent Mark From Roots 0.948ms
[2025-04-10T19:29:06.803-0500][gc,marking  ] GC(2) Concurrent Preclean
[2025-04-10T19:29:06.803-0500][gc,marking  ] GC(2) Concurrent Preclean 0.056ms
[2025-04-10T19:29:06.804-0500][gc,start    ] GC(2) Pause Remark
[2025-04-10T19:29:06.804-0500][gc          ] GC(2) Pause Remark 11M->11M(1024M) 0.648ms
[2025-04-10T19:29:06.804-0500][gc,cpu      ] GC(2) User=0.00s Sys=0.00s Real=0.00s
[2025-04-10T19:29:06.804-0500][gc,marking  ] GC(2) Concurrent Mark 1.776ms
[2025-04-10T19:29:06.804-0500][gc,marking  ] GC(2) Concurrent Rebuild Remembered Sets
[2025-04-10T19:29:06.805-0500][gc,marking  ] GC(2) Concurrent Rebuild Remembered Sets 0.813ms
[2025-04-10T19:29:06.805-0500][gc,start    ] GC(2) Pause Cleanup
[2025-04-10T19:29:06.805-0500][gc          ] GC(2) Pause Cleanup 11M->11M(1024M) 0.042ms
[2025-04-10T19:29:06.805-0500][gc,cpu      ] GC(2) User=0.00s Sys=0.00s Real=0.00s
[2025-04-10T19:29:06.805-0500][gc,marking  ] GC(2) Concurrent Cleanup for Next Mark
[2025-04-10T19:29:06.806-0500][gc,marking  ] GC(2) Concurrent Cleanup for Next Mark 0.968ms
[2025-04-10T19:29:06.806-0500][gc          ] GC(2) Concurrent Mark Cycle 4.500ms
[2025-04-10T19:29:07.335-0500][gc,start    ] GC(3) Pause Young (Normal) (G1 Evacuation Pause)
[2025-04-10T19:29:07.335-0500][gc,task     ] GC(3) Using 10 workers of 10 for evacuation
[2025-04-10T19:29:07.338-0500][gc,phases   ] GC(3)   Pre Evacuate Collection Set: 0.1ms
[2025-04-10T19:29:07.338-0500][gc,phases   ] GC(3)   Merge Heap Roots: 0.0ms
[2025-04-10T19:29:07.338-0500][gc,phases   ] GC(3)   Evacuate Collection Set: 1.8ms
[2025-04-10T19:29:07.338-0500][gc,phases   ] GC(3)   Post Evacuate Collection Set: 0.3ms
[2025-04-10T19:29:07.338-0500][gc,phases   ] GC(3)   Other: 0.1ms
[2025-04-10T19:29:07.338-0500][gc,heap     ] GC(3) Eden regions: 50->0(47)
[2025-04-10T19:29:07.338-0500][gc,heap     ] GC(3) Survivor regions: 1->4(7)
[2025-04-10T19:29:07.338-0500][gc,heap     ] GC(3) Old regions: 10->10
[2025-04-10T19:29:07.338-0500][gc,heap     ] GC(3) Archive regions: 0->0
[2025-04-10T19:29:07.338-0500][gc,heap     ] GC(3) Humongous regions: 12->12
[2025-04-10T19:29:07.338-0500][gc,metaspace] GC(3) Metaspace: 31628K(31936K)->31628K(31936K) NonClass: 28083K(28224K)->28083K(28224K) Class: 3544K(3712K)->3544K(3712K)
[2025-04-10T19:29:07.338-0500][gc          ] GC(3) Pause Young (Normal) (G1 Evacuation Pause) 72M->25M(1024M) 2.389ms
[2025-04-10T19:29:07.338-0500][gc,cpu      ] GC(3) User=0.00s Sys=0.00s Real=0.00s
[2025-04-10T19:29:07.525-0500][gc,start    ] GC(4) Pause Young (Concurrent Start) (Metadata GC Threshold)
[2025-04-10T19:29:07.525-0500][gc,task     ] GC(4) Using 10 workers of 10 for evacuation
[2025-04-10T19:29:07.528-0500][gc,phases   ] GC(4)   Pre Evacuate Collection Set: 0.1ms
[2025-04-10T19:29:07.528-0500][gc,phases   ] GC(4)   Merge Heap Roots: 0.0ms
[2025-04-10T19:29:07.528-0500][gc,phases   ] GC(4)   Evacuate Collection Set: 2.5ms
[2025-04-10T19:29:07.528-0500][gc,phases   ] GC(4)   Post Evacuate Collection Set: 0.3ms
[2025-04-10T19:29:07.528-0500][gc,phases   ] GC(4)   Other: 0.1ms
[2025-04-10T19:29:07.528-0500][gc,heap     ] GC(4) Eden regions: 41->0(44)
[2025-04-10T19:29:07.528-0500][gc,heap     ] GC(4) Survivor regions: 4->7(7)
[2025-04-10T19:29:07.528-0500][gc,heap     ] GC(4) Old regions: 10->10
[2025-04-10T19:29:07.528-0500][gc,heap     ] GC(4) Archive regions: 0->0
[2025-04-10T19:29:07.528-0500][gc,heap     ] GC(4) Humongous regions: 12->10
[2025-04-10T19:29:07.528-0500][gc,metaspace] GC(4) Metaspace: 35714K(35968K)->35714K(35968K) NonClass: 31732K(31872K)->31732K(31872K) Class: 3981K(4096K)->3981K(4096K)
[2025-04-10T19:29:07.528-0500][gc          ] GC(4) Pause Young (Concurrent Start) (Metadata GC Threshold) 65M->26M(1024M) 3.206ms
[2025-04-10T19:29:07.528-0500][gc,cpu      ] GC(4) User=0.00s Sys=0.00s Real=0.00s
[2025-04-10T19:29:07.528-0500][gc          ] GC(5) Concurrent Mark Cycle
[2025-04-10T19:29:07.528-0500][gc,marking  ] GC(5) Concurrent Clear Claimed Marks
[2025-04-10T19:29:07.528-0500][gc,marking  ] GC(5) Concurrent Clear Claimed Marks 0.022ms
[2025-04-10T19:29:07.528-0500][gc,marking  ] GC(5) Concurrent Scan Root Regions
[2025-04-10T19:29:07.529-0500][gc,marking  ] GC(5) Concurrent Scan Root Regions 1.413ms
[2025-04-10T19:29:07.529-0500][gc,marking  ] GC(5) Concurrent Mark
[2025-04-10T19:29:07.529-0500][gc,marking  ] GC(5) Concurrent Mark From Roots
[2025-04-10T19:29:07.529-0500][gc,task     ] GC(5) Using 3 workers of 3 for marking
[2025-04-10T19:29:07.533-0500][gc,marking  ] GC(5) Concurrent Mark From Roots 3.037ms
[2025-04-10T19:29:07.533-0500][gc,marking  ] GC(5) Concurrent Preclean
[2025-04-10T19:29:07.533-0500][gc,marking  ] GC(5) Concurrent Preclean 0.077ms
[2025-04-10T19:29:07.548-0500][gc,start    ] GC(5) Pause Remark
[2025-04-10T19:29:07.549-0500][gc          ] GC(5) Pause Remark 27M->27M(1024M) 0.926ms
[2025-04-10T19:29:07.549-0500][gc,cpu      ] GC(5) User=0.00s Sys=0.00s Real=0.00s
[2025-04-10T19:29:07.549-0500][gc,marking  ] GC(5) Concurrent Mark 19.187ms
[2025-04-10T19:29:07.549-0500][gc,marking  ] GC(5) Concurrent Rebuild Remembered Sets
[2025-04-10T19:29:07.550-0500][gc,marking  ] GC(5) Concurrent Rebuild Remembered Sets 1.464ms
[2025-04-10T19:29:07.550-0500][gc,start    ] GC(5) Pause Cleanup
[2025-04-10T19:29:07.550-0500][gc          ] GC(5) Pause Cleanup 27M->27M(1024M) 0.060ms
[2025-04-10T19:29:07.550-0500][gc,cpu      ] GC(5) User=0.00s Sys=0.00s Real=0.00s
[2025-04-10T19:29:07.550-0500][gc,marking  ] GC(5) Concurrent Cleanup for Next Mark
[2025-04-10T19:29:07.552-0500][gc,marking  ] GC(5) Concurrent Cleanup for Next Mark 1.369ms
[2025-04-10T19:29:07.552-0500][gc          ] GC(5) Concurrent Mark Cycle 23.875ms
[2025-04-10T19:31:55.533-0500][gc,start    ] GC(6) Pause Young (Prepare Mixed) (G1 Evacuation Pause)
[2025-04-10T19:31:55.533-0500][gc,task     ] GC(6) Using 10 workers of 10 for evacuation
[2025-04-10T19:31:55.535-0500][gc,phases   ] GC(6)   Pre Evacuate Collection Set: 0.1ms
[2025-04-10T19:31:55.535-0500][gc,phases   ] GC(6)   Merge Heap Roots: 0.0ms
[2025-04-10T19:31:55.535-0500][gc,phases   ] GC(6)   Evacuate Collection Set: 2.4ms
[2025-04-10T19:31:55.535-0500][gc,phases   ] GC(6)   Post Evacuate Collection Set: 0.2ms
[2025-04-10T19:31:55.535-0500][gc,phases   ] GC(6)   Other: 0.1ms
[2025-04-10T19:31:55.535-0500][gc,heap     ] GC(6) Eden regions: 44->0(47)
[2025-04-10T19:31:55.535-0500][gc,heap     ] GC(6) Survivor regions: 7->4(7)
[2025-04-10T19:31:55.535-0500][gc,heap     ] GC(6) Old regions: 10->17
[2025-04-10T19:31:55.535-0500][gc,heap     ] GC(6) Archive regions: 0->0
[2025-04-10T19:31:55.535-0500][gc,heap     ] GC(6) Humongous regions: 139->139
[2025-04-10T19:31:55.535-0500][gc,metaspace] GC(6) Metaspace: 42126K(42624K)->42126K(42624K) NonClass: 37378K(37632K)->37378K(37632K) Class: 4747K(4992K)->4747K(4992K)
[2025-04-10T19:31:55.535-0500][gc          ] GC(6) Pause Young (Prepare Mixed) (G1 Evacuation Pause) 199M->158M(1024M) 3.032ms
[2025-04-10T19:31:55.535-0500][gc,cpu      ] GC(6) User=0.00s Sys=0.16s Real=0.00s
[2025-04-10T19:39:05.520-0500][gc,start    ] GC(7) Pause Young (Mixed) (G1 Evacuation Pause)
[2025-04-10T19:39:05.520-0500][gc,task     ] GC(7) Using 10 workers of 10 for evacuation
[2025-04-10T19:39:05.522-0500][gc,phases   ] GC(7)   Pre Evacuate Collection Set: 0.1ms
[2025-04-10T19:39:05.522-0500][gc,phases   ] GC(7)   Merge Heap Roots: 0.0ms
[2025-04-10T19:39:05.522-0500][gc,phases   ] GC(7)   Evacuate Collection Set: 1.7ms
[2025-04-10T19:39:05.522-0500][gc,phases   ] GC(7)   Post Evacuate Collection Set: 0.2ms
[2025-04-10T19:39:05.522-0500][gc,phases   ] GC(7)   Other: 0.1ms
[2025-04-10T19:39:05.522-0500][gc,heap     ] GC(7) Eden regions: 47->0(46)
[2025-04-10T19:39:05.522-0500][gc,heap     ] GC(7) Survivor regions: 4->5(7)
[2025-04-10T19:39:05.522-0500][gc,heap     ] GC(7) Old regions: 17->17
[2025-04-10T19:39:05.522-0500][gc,heap     ] GC(7) Archive regions: 0->0
[2025-04-10T19:39:05.522-0500][gc,heap     ] GC(7) Humongous regions: 139->139
[2025-04-10T19:39:05.522-0500][gc,metaspace] GC(7) Metaspace: 42723K(43200K)->42723K(43200K) NonClass: 37968K(38208K)->37968K(38208K) Class: 4755K(4992K)->4755K(4992K)
[2025-04-10T19:39:05.522-0500][gc          ] GC(7) Pause Young (Mixed) (G1 Evacuation Pause) 205M->160M(1024M) 2.264ms
[2025-04-10T19:39:05.522-0500][gc,cpu      ] GC(7) User=0.00s Sys=0.00s Real=0.00s
[2025-04-10T19:46:25.668-0500][gc,start    ] GC(8) Pause Young (Normal) (G1 Evacuation Pause)
[2025-04-10T19:46:25.668-0500][gc,task     ] GC(8) Using 10 workers of 10 for evacuation
[2025-04-10T19:46:25.669-0500][gc,phases   ] GC(8)   Pre Evacuate Collection Set: 0.1ms
[2025-04-10T19:46:25.669-0500][gc,phases   ] GC(8)   Merge Heap Roots: 0.0ms
[2025-04-10T19:46:25.669-0500][gc,phases   ] GC(8)   Evacuate Collection Set: 1.6ms
[2025-04-10T19:46:25.669-0500][gc,phases   ] GC(8)   Post Evacuate Collection Set: 0.2ms
[2025-04-10T19:46:25.669-0500][gc,phases   ] GC(8)   Other: 0.1ms
[2025-04-10T19:46:25.669-0500][gc,heap     ] GC(8) Eden regions: 46->0(51)
[2025-04-10T19:46:25.669-0500][gc,heap     ] GC(8) Survivor regions: 5->3(7)
[2025-04-10T19:46:25.669-0500][gc,heap     ] GC(8) Old regions: 17->20
[2025-04-10T19:46:25.669-0500][gc,heap     ] GC(8) Archive regions: 0->0
[2025-04-10T19:46:25.669-0500][gc,heap     ] GC(8) Humongous regions: 139->139
[2025-04-10T19:46:25.669-0500][gc,metaspace] GC(8) Metaspace: 42900K(43392K)->42900K(43392K) NonClass: 38141K(38400K)->38141K(38400K) Class: 4758K(4992K)->4758K(4992K)
[2025-04-10T19:46:25.669-0500][gc          ] GC(8) Pause Young (Normal) (G1 Evacuation Pause) 206M->160M(1024M) 2.067ms
[2025-04-10T19:46:25.669-0500][gc,cpu      ] GC(8) User=0.00s Sys=0.00s Real=0.00s
[2025-04-10T19:54:53.501-0500][gc,start    ] GC(9) Pause Young (Normal) (G1 Evacuation Pause)
[2025-04-10T19:54:53.501-0500][gc,task     ] GC(9) Using 10 workers of 10 for evacuation
[2025-04-10T19:54:53.503-0500][gc,phases   ] GC(9)   Pre Evacuate Collection Set: 0.1ms
[2025-04-10T19:54:53.503-0500][gc,phases   ] GC(9)   Merge Heap Roots: 0.1ms
[2025-04-10T19:54:53.503-0500][gc,phases   ] GC(9)   Evacuate Collection Set: 1.8ms
[2025-04-10T19:54:53.503-0500][gc,phases   ] GC(9)   Post Evacuate Collection Set: 0.2ms
[2025-04-10T19:54:53.503-0500][gc,phases   ] GC(9)   Other: 0.1ms
[2025-04-10T19:54:53.503-0500][gc,heap     ] GC(9) Eden regions: 51->0(56)
[2025-04-10T19:54:53.503-0500][gc,heap     ] GC(9) Survivor regions: 3->5(7)
[2025-04-10T19:54:53.503-0500][gc,heap     ] GC(9) Old regions: 20->20
[2025-04-10T19:54:53.503-0500][gc,heap     ] GC(9) Archive regions: 0->0
[2025-04-10T19:54:53.503-0500][gc,heap     ] GC(9) Humongous regions: 139->139
[2025-04-10T19:54:53.503-0500][gc,metaspace] GC(9) Metaspace: 42978K(43456K)->42978K(43456K) NonClass: 38218K(38464K)->38218K(38464K) Class: 4759K(4992K)->4759K(4992K)
[2025-04-10T19:54:53.503-0500][gc          ] GC(9) Pause Young (Normal) (G1 Evacuation Pause) 211M->162M(1024M) 2.347ms
[2025-04-10T19:54:53.503-0500][gc,cpu      ] GC(9) User=0.00s Sys=0.00s Real=0.00s
[2025-04-10T20:04:24.141-0500][gc,start    ] GC(10) Pause Young (Normal) (G1 Evacuation Pause)
[2025-04-10T20:04:24.141-0500][gc,task     ] GC(10) Using 10 workers of 10 for evacuation
[2025-04-10T20:04:24.143-0500][gc,phases   ] GC(10)   Pre Evacuate Collection Set: 0.1ms
[2025-04-10T20:04:24.143-0500][gc,phases   ] GC(10)   Merge Heap Roots: 0.0ms
[2025-04-10T20:04:24.143-0500][gc,phases   ] GC(10)   Evacuate Collection Set: 1.9ms
[2025-04-10T20:04:24.143-0500][gc,phases   ] GC(10)   Post Evacuate Collection Set: 0.2ms
[2025-04-10T20:04:24.143-0500][gc,phases   ] GC(10)   Other: 0.2ms
[2025-04-10T20:04:24.143-0500][gc,heap     ] GC(10) Eden regions: 56->0(164)
[2025-04-10T20:04:24.143-0500][gc,heap     ] GC(10) Survivor regions: 5->4(8)
[2025-04-10T20:04:24.143-0500][gc,heap     ] GC(10) Old regions: 20->21
[2025-04-10T20:04:24.143-0500][gc,heap     ] GC(10) Archive regions: 0->0
[2025-04-10T20:04:24.143-0500][gc,heap     ] GC(10) Humongous regions: 139->139
[2025-04-10T20:04:24.143-0500][gc,metaspace] GC(10) Metaspace: 43001K(43520K)->43001K(43520K) NonClass: 38242K(38528K)->38242K(38528K) Class: 4759K(4992K)->4759K(4992K)
[2025-04-10T20:04:24.144-0500][gc          ] GC(10) Pause Young (Normal) (G1 Evacuation Pause) 218M->162M(1024M) 2.637ms
[2025-04-10T20:04:24.144-0500][gc,cpu      ] GC(10) User=0.00s Sys=0.00s Real=0.00s
[2025-04-10T20:23:45.902-0500][gc,heap,exit] Heap
[2025-04-10T20:23:45.902-0500][gc,heap,exit]  garbage-first heap   total 1048576K, used 290691K [0x00000000c0000000, 0x0000000100000000)
[2025-04-10T20:23:45.902-0500][gc,heap,exit]   region size 1024K, 126 young (129024K), 4 survivors (4096K)
[2025-04-10T20:23:45.902-0500][gc,heap,exit]  Metaspace       used 43801K, committed 44288K, reserved 1114112K
[2025-04-10T20:23:45.902-0500][gc,heap,exit]   class space    used 4941K, committed 5184K, reserved 1048576K
