[2025-03-03T13:45:01.216-0600][gc] Using G1
[2025-03-03T13:45:01.220-0600][gc,init] Version: 17.0.10+11-LTS-240 (release)
[2025-03-03T13:45:01.220-0600][gc,init] CPUs: 12 total, 12 available
[2025-03-03T13:45:01.220-0600][gc,init] Memory: 16291M
[2025-03-03T13:45:01.220-0600][gc,init] Large Page Support: Disabled
[2025-03-03T13:45:01.220-0600][gc,init] NUMA Support: Disabled
[2025-03-03T13:45:01.220-0600][gc,init] Compressed Oops: Enabled (32-bit)
[2025-03-03T13:45:01.220-0600][gc,init] Heap Region Size: 1M
[2025-03-03T13:45:01.220-0600][gc,init] Heap Min Capacity: 1G
[2025-03-03T13:45:01.220-0600][gc,init] Heap Initial Capacity: 1G
[2025-03-03T13:45:01.221-0600][gc,init] Heap Max Capacity: 1G
[2025-03-03T13:45:01.221-0600][gc,init] Pre-touch: Disabled
[2025-03-03T13:45:01.221-0600][gc,init] Parallel Workers: 10
[2025-03-03T13:45:01.221-0600][gc,init] Concurrent Workers: 3
[2025-03-03T13:45:01.221-0600][gc,init] Concurrent Refinement Workers: 10
[2025-03-03T13:45:01.221-0600][gc,init] Periodic GC: Disabled
[2025-03-03T13:45:01.227-0600][gc,metaspace] CDS archive(s) mapped at: [0x000002081a000000-0x000002081abd0000-0x000002081abd0000), size 12386304, SharedBaseAddress: 0x000002081a000000, ArchiveRelocationMode: 1.
[2025-03-03T13:45:01.227-0600][gc,metaspace] Compressed class space mapped at: 0x000002081b000000-0x000002085b000000, reserved size: 1073741824
[2025-03-03T13:45:01.227-0600][gc,metaspace] Narrow klass base: 0x000002081a000000, Narrow klass shift: 0, Narrow klass range: 0x100000000
[2025-03-03T13:45:01.932-0600][gc,start    ] GC(0) Pause Young (Normal) (G1 Evacuation Pause)
[2025-03-03T13:45:01.933-0600][gc,task     ] GC(0) Using 10 workers of 10 for evacuation
[2025-03-03T13:45:01.938-0600][gc,phases   ] GC(0)   Pre Evacuate Collection Set: 0.1ms
[2025-03-03T13:45:01.938-0600][gc,phases   ] GC(0)   Merge Heap Roots: 0.0ms
[2025-03-03T13:45:01.938-0600][gc,phases   ] GC(0)   Evacuate Collection Set: 3.8ms
[2025-03-03T13:45:01.938-0600][gc,phases   ] GC(0)   Post Evacuate Collection Set: 0.3ms
[2025-03-03T13:45:01.938-0600][gc,phases   ] GC(0)   Other: 0.3ms
[2025-03-03T13:45:01.938-0600][gc,heap     ] GC(0) Eden regions: 51->0(44)
[2025-03-03T13:45:01.938-0600][gc,heap     ] GC(0) Survivor regions: 0->7(7)
[2025-03-03T13:45:01.938-0600][gc,heap     ] GC(0) Old regions: 0->2
[2025-03-03T13:45:01.938-0600][gc,heap     ] GC(0) Archive regions: 0->0
[2025-03-03T13:45:01.938-0600][gc,heap     ] GC(0) Humongous regions: 0->0
[2025-03-03T13:45:01.938-0600][gc,metaspace] GC(0) Metaspace: 17369K(17600K)->17369K(17600K) NonClass: 15424K(15552K)->15424K(15552K) Class: 1945K(2048K)->1945K(2048K)
[2025-03-03T13:45:01.938-0600][gc          ] GC(0) Pause Young (Normal) (G1 Evacuation Pause) 51M->8M(1024M) 4.712ms
[2025-03-03T13:45:01.938-0600][gc,cpu      ] GC(0) User=0.00s Sys=0.00s Real=0.01s
[2025-03-03T13:45:02.048-0600][gc,start    ] GC(1) Pause Young (Concurrent Start) (Metadata GC Threshold)
[2025-03-03T13:45:02.048-0600][gc,task     ] GC(1) Using 10 workers of 10 for evacuation
[2025-03-03T13:45:02.051-0600][gc,phases   ] GC(1)   Pre Evacuate Collection Set: 0.0ms
[2025-03-03T13:45:02.051-0600][gc,phases   ] GC(1)   Merge Heap Roots: 0.0ms
[2025-03-03T13:45:02.051-0600][gc,phases   ] GC(1)   Evacuate Collection Set: 3.0ms
[2025-03-03T13:45:02.051-0600][gc,phases   ] GC(1)   Post Evacuate Collection Set: 0.2ms
[2025-03-03T13:45:02.051-0600][gc,phases   ] GC(1)   Other: 0.2ms
[2025-03-03T13:45:02.051-0600][gc,heap     ] GC(1) Eden regions: 14->0(49)
[2025-03-03T13:45:02.051-0600][gc,heap     ] GC(1) Survivor regions: 7->2(7)
[2025-03-03T13:45:02.051-0600][gc,heap     ] GC(1) Old regions: 2->9
[2025-03-03T13:45:02.051-0600][gc,heap     ] GC(1) Archive regions: 0->0
[2025-03-03T13:45:02.051-0600][gc,heap     ] GC(1) Humongous regions: 0->0
[2025-03-03T13:45:02.051-0600][gc,metaspace] GC(1) Metaspace: 21341K(21504K)->21341K(21504K) NonClass: 19042K(19136K)->19042K(19136K) Class: 2299K(2368K)->2299K(2368K)
[2025-03-03T13:45:02.051-0600][gc          ] GC(1) Pause Young (Concurrent Start) (Metadata GC Threshold) 22M->10M(1024M) 3.599ms
[2025-03-03T13:45:02.051-0600][gc,cpu      ] GC(1) User=0.08s Sys=0.08s Real=0.00s
[2025-03-03T13:45:02.051-0600][gc          ] GC(2) Concurrent Mark Cycle
[2025-03-03T13:45:02.051-0600][gc,marking  ] GC(2) Concurrent Clear Claimed Marks
[2025-03-03T13:45:02.052-0600][gc,marking  ] GC(2) Concurrent Clear Claimed Marks 0.014ms
[2025-03-03T13:45:02.052-0600][gc,marking  ] GC(2) Concurrent Scan Root Regions
[2025-03-03T13:45:02.052-0600][gc,marking  ] GC(2) Concurrent Scan Root Regions 1.129ms
[2025-03-03T13:45:02.052-0600][gc,marking  ] GC(2) Concurrent Mark
[2025-03-03T13:45:02.052-0600][gc,marking  ] GC(2) Concurrent Mark From Roots
[2025-03-03T13:45:02.052-0600][gc,task     ] GC(2) Using 3 workers of 3 for marking
[2025-03-03T13:45:02.053-0600][gc,marking  ] GC(2) Concurrent Mark From Roots 1.059ms
[2025-03-03T13:45:02.053-0600][gc,marking  ] GC(2) Concurrent Preclean
[2025-03-03T13:45:02.053-0600][gc,marking  ] GC(2) Concurrent Preclean 0.054ms
[2025-03-03T13:45:02.053-0600][gc,start    ] GC(2) Pause Remark
[2025-03-03T13:45:02.055-0600][gc          ] GC(2) Pause Remark 10M->10M(1024M) 0.747ms
[2025-03-03T13:45:02.055-0600][gc,cpu      ] GC(2) User=0.00s Sys=0.00s Real=0.00s
[2025-03-03T13:45:02.055-0600][gc,marking  ] GC(2) Concurrent Mark 2.003ms
[2025-03-03T13:45:02.055-0600][gc,marking  ] GC(2) Concurrent Rebuild Remembered Sets
[2025-03-03T13:45:02.055-0600][gc,marking  ] GC(2) Concurrent Rebuild Remembered Sets 0.009ms
[2025-03-03T13:45:02.055-0600][gc,start    ] GC(2) Pause Cleanup
[2025-03-03T13:45:02.055-0600][gc          ] GC(2) Pause Cleanup 10M->10M(1024M) 0.021ms
[2025-03-03T13:45:02.055-0600][gc,cpu      ] GC(2) User=0.00s Sys=0.00s Real=0.00s
[2025-03-03T13:45:02.055-0600][gc,marking  ] GC(2) Concurrent Cleanup for Next Mark
[2025-03-03T13:45:02.059-0600][gc,marking  ] GC(2) Concurrent Cleanup for Next Mark 3.985ms
[2025-03-03T13:45:02.059-0600][gc          ] GC(2) Concurrent Mark Cycle 7.351ms
[2025-03-03T13:45:02.583-0600][gc,start    ] GC(3) Pause Young (Normal) (G1 Evacuation Pause)
[2025-03-03T13:45:02.583-0600][gc,task     ] GC(3) Using 10 workers of 10 for evacuation
[2025-03-03T13:45:02.585-0600][gc,phases   ] GC(3)   Pre Evacuate Collection Set: 0.0ms
[2025-03-03T13:45:02.585-0600][gc,phases   ] GC(3)   Merge Heap Roots: 0.0ms
[2025-03-03T13:45:02.585-0600][gc,phases   ] GC(3)   Evacuate Collection Set: 1.7ms
[2025-03-03T13:45:02.585-0600][gc,phases   ] GC(3)   Post Evacuate Collection Set: 0.3ms
[2025-03-03T13:45:02.585-0600][gc,phases   ] GC(3)   Other: 0.1ms
[2025-03-03T13:45:02.585-0600][gc,heap     ] GC(3) Eden regions: 49->0(47)
[2025-03-03T13:45:02.585-0600][gc,heap     ] GC(3) Survivor regions: 2->4(7)
[2025-03-03T13:45:02.585-0600][gc,heap     ] GC(3) Old regions: 9->9
[2025-03-03T13:45:02.585-0600][gc,heap     ] GC(3) Archive regions: 0->0
[2025-03-03T13:45:02.585-0600][gc,heap     ] GC(3) Humongous regions: 11->11
[2025-03-03T13:45:02.585-0600][gc,metaspace] GC(3) Metaspace: 31347K(31680K)->31347K(31680K) NonClass: 27822K(27968K)->27822K(27968K) Class: 3524K(3712K)->3524K(3712K)
[2025-03-03T13:45:02.585-0600][gc          ] GC(3) Pause Young (Normal) (G1 Evacuation Pause) 70M->23M(1024M) 2.249ms
[2025-03-03T13:45:02.585-0600][gc,cpu      ] GC(3) User=0.00s Sys=0.00s Real=0.00s
[2025-03-03T13:45:02.772-0600][gc,start    ] GC(4) Pause Young (Concurrent Start) (Metadata GC Threshold)
[2025-03-03T13:45:02.772-0600][gc,task     ] GC(4) Using 10 workers of 10 for evacuation
[2025-03-03T13:45:02.774-0600][gc,phases   ] GC(4)   Pre Evacuate Collection Set: 0.1ms
[2025-03-03T13:45:02.774-0600][gc,phases   ] GC(4)   Merge Heap Roots: 0.0ms
[2025-03-03T13:45:02.774-0600][gc,phases   ] GC(4)   Evacuate Collection Set: 2.2ms
[2025-03-03T13:45:02.774-0600][gc,phases   ] GC(4)   Post Evacuate Collection Set: 0.2ms
[2025-03-03T13:45:02.774-0600][gc,phases   ] GC(4)   Other: 0.1ms
[2025-03-03T13:45:02.774-0600][gc,heap     ] GC(4) Eden regions: 45->0(44)
[2025-03-03T13:45:02.774-0600][gc,heap     ] GC(4) Survivor regions: 4->7(7)
[2025-03-03T13:45:02.774-0600][gc,heap     ] GC(4) Old regions: 9->10
[2025-03-03T13:45:02.774-0600][gc,heap     ] GC(4) Archive regions: 0->0
[2025-03-03T13:45:02.774-0600][gc,heap     ] GC(4) Humongous regions: 12->10
[2025-03-03T13:45:02.774-0600][gc,metaspace] GC(4) Metaspace: 35786K(36096K)->35786K(36096K) NonClass: 31795K(31936K)->31795K(31936K) Class: 3991K(4160K)->3991K(4160K)
[2025-03-03T13:45:02.774-0600][gc          ] GC(4) Pause Young (Concurrent Start) (Metadata GC Threshold) 69M->26M(1024M) 2.860ms
[2025-03-03T13:45:02.774-0600][gc,cpu      ] GC(4) User=0.00s Sys=0.00s Real=0.00s
[2025-03-03T13:45:02.774-0600][gc          ] GC(5) Concurrent Mark Cycle
[2025-03-03T13:45:02.774-0600][gc,marking  ] GC(5) Concurrent Clear Claimed Marks
[2025-03-03T13:45:02.776-0600][gc,marking  ] GC(5) Concurrent Clear Claimed Marks 0.019ms
[2025-03-03T13:45:02.776-0600][gc,marking  ] GC(5) Concurrent Scan Root Regions
[2025-03-03T13:45:02.777-0600][gc,marking  ] GC(5) Concurrent Scan Root Regions 1.613ms
[2025-03-03T13:45:02.777-0600][gc,marking  ] GC(5) Concurrent Mark
[2025-03-03T13:45:02.777-0600][gc,marking  ] GC(5) Concurrent Mark From Roots
[2025-03-03T13:45:02.777-0600][gc,task     ] GC(5) Using 3 workers of 3 for marking
[2025-03-03T13:45:02.780-0600][gc,marking  ] GC(5) Concurrent Mark From Roots 3.123ms
[2025-03-03T13:45:02.780-0600][gc,marking  ] GC(5) Concurrent Preclean
[2025-03-03T13:45:02.780-0600][gc,marking  ] GC(5) Concurrent Preclean 0.072ms
[2025-03-03T13:45:02.784-0600][gc,start    ] GC(5) Pause Remark
[2025-03-03T13:45:02.784-0600][gc          ] GC(5) Pause Remark 27M->27M(1024M) 0.853ms
[2025-03-03T13:45:02.784-0600][gc,cpu      ] GC(5) User=0.00s Sys=0.00s Real=0.00s
[2025-03-03T13:45:02.784-0600][gc,marking  ] GC(5) Concurrent Mark 7.704ms
[2025-03-03T13:45:02.784-0600][gc,marking  ] GC(5) Concurrent Rebuild Remembered Sets
[2025-03-03T13:45:02.786-0600][gc,marking  ] GC(5) Concurrent Rebuild Remembered Sets 1.585ms
[2025-03-03T13:45:02.786-0600][gc,start    ] GC(5) Pause Cleanup
[2025-03-03T13:45:02.786-0600][gc          ] GC(5) Pause Cleanup 27M->27M(1024M) 0.077ms
[2025-03-03T13:45:02.786-0600][gc,cpu      ] GC(5) User=0.00s Sys=0.00s Real=0.00s
[2025-03-03T13:45:02.786-0600][gc,marking  ] GC(5) Concurrent Cleanup for Next Mark
[2025-03-03T13:45:02.790-0600][gc,marking  ] GC(5) Concurrent Cleanup for Next Mark 3.184ms
[2025-03-03T13:45:02.790-0600][gc          ] GC(5) Concurrent Mark Cycle 14.555ms
[2025-03-03T13:45:31.458-0600][gc,start    ] GC(6) Pause Young (Prepare Mixed) (G1 Evacuation Pause)
[2025-03-03T13:45:31.458-0600][gc,task     ] GC(6) Using 10 workers of 10 for evacuation
[2025-03-03T13:45:31.461-0600][gc,phases   ] GC(6)   Pre Evacuate Collection Set: 0.1ms
[2025-03-03T13:45:31.461-0600][gc,phases   ] GC(6)   Merge Heap Roots: 0.0ms
[2025-03-03T13:45:31.461-0600][gc,phases   ] GC(6)   Evacuate Collection Set: 2.6ms
[2025-03-03T13:45:31.461-0600][gc,phases   ] GC(6)   Post Evacuate Collection Set: 0.3ms
[2025-03-03T13:45:31.461-0600][gc,phases   ] GC(6)   Other: 0.1ms
[2025-03-03T13:45:31.461-0600][gc,heap     ] GC(6) Eden regions: 44->0(44)
[2025-03-03T13:45:31.461-0600][gc,heap     ] GC(6) Survivor regions: 7->7(7)
[2025-03-03T13:45:31.461-0600][gc,heap     ] GC(6) Old regions: 10->13
[2025-03-03T13:45:31.461-0600][gc,heap     ] GC(6) Archive regions: 0->0
[2025-03-03T13:45:31.461-0600][gc,heap     ] GC(6) Humongous regions: 151->139
[2025-03-03T13:45:31.461-0600][gc,metaspace] GC(6) Metaspace: 41248K(41664K)->41248K(41664K) NonClass: 36591K(36800K)->36591K(36800K) Class: 4657K(4864K)->4657K(4864K)
[2025-03-03T13:45:31.461-0600][gc          ] GC(6) Pause Young (Prepare Mixed) (G1 Evacuation Pause) 211M->157M(1024M) 3.210ms
[2025-03-03T13:45:31.461-0600][gc,cpu      ] GC(6) User=0.00s Sys=0.00s Real=0.00s
[2025-03-03T13:45:31.961-0600][gc,heap,exit] Heap
[2025-03-03T13:45:31.961-0600][gc,heap,exit]  garbage-first heap   total 1048576K, used 176570K [0x00000000c0000000, 0x0000000100000000)
[2025-03-03T13:45:31.961-0600][gc,heap,exit]   region size 1024K, 22 young (22528K), 7 survivors (7168K)
[2025-03-03T13:45:31.961-0600][gc,heap,exit]  Metaspace       used 42061K, committed 42560K, reserved 1114112K
[2025-03-03T13:45:31.961-0600][gc,heap,exit]   class space    used 4855K, committed 5120K, reserved 1048576K
