[2025-03-02T20:35:20.130-0600][gc] Using G1
[2025-03-02T20:35:20.135-0600][gc,init] Version: 17.0.10+11-LTS-240 (release)
[2025-03-02T20:35:20.135-0600][gc,init] CPUs: 12 total, 12 available
[2025-03-02T20:35:20.135-0600][gc,init] Memory: 16291M
[2025-03-02T20:35:20.135-0600][gc,init] Large Page Support: Disabled
[2025-03-02T20:35:20.135-0600][gc,init] NUMA Support: Disabled
[2025-03-02T20:35:20.135-0600][gc,init] Compressed Oops: Enabled (32-bit)
[2025-03-02T20:35:20.135-0600][gc,init] Heap Region Size: 1M
[2025-03-02T20:35:20.135-0600][gc,init] Heap Min Capacity: 1G
[2025-03-02T20:35:20.135-0600][gc,init] Heap Initial Capacity: 1G
[2025-03-02T20:35:20.136-0600][gc,init] Heap Max Capacity: 1G
[2025-03-02T20:35:20.136-0600][gc,init] Pre-touch: Disabled
[2025-03-02T20:35:20.136-0600][gc,init] Parallel Workers: 10
[2025-03-02T20:35:20.136-0600][gc,init] Concurrent Workers: 3
[2025-03-02T20:35:20.136-0600][gc,init] Concurrent Refinement Workers: 10
[2025-03-02T20:35:20.136-0600][gc,init] Periodic GC: Disabled
[2025-03-02T20:35:20.139-0600][gc,metaspace] CDS archive(s) mapped at: [0x000001b43d000000-0x000001b43dbd0000-0x000001b43dbd0000), size 12386304, SharedBaseAddress: 0x000001b43d000000, ArchiveRelocationMode: 1.
[2025-03-02T20:35:20.139-0600][gc,metaspace] Compressed class space mapped at: 0x000001b43e000000-0x000001b47e000000, reserved size: 1073741824
[2025-03-02T20:35:20.139-0600][gc,metaspace] Narrow klass base: 0x000001b43d000000, Narrow klass shift: 0, Narrow klass range: 0x100000000
[2025-03-02T20:35:20.791-0600][gc,start    ] GC(0) Pause Young (Normal) (G1 Evacuation Pause)
[2025-03-02T20:35:20.792-0600][gc,task     ] GC(0) Using 10 workers of 10 for evacuation
[2025-03-02T20:35:20.795-0600][gc,phases   ] GC(0)   Pre Evacuate Collection Set: 0.1ms
[2025-03-02T20:35:20.795-0600][gc,phases   ] GC(0)   Merge Heap Roots: 0.0ms
[2025-03-02T20:35:20.795-0600][gc,phases   ] GC(0)   Evacuate Collection Set: 2.7ms
[2025-03-02T20:35:20.795-0600][gc,phases   ] GC(0)   Post Evacuate Collection Set: 0.2ms
[2025-03-02T20:35:20.795-0600][gc,phases   ] GC(0)   Other: 0.3ms
[2025-03-02T20:35:20.795-0600][gc,heap     ] GC(0) Eden regions: 51->0(44)
[2025-03-02T20:35:20.795-0600][gc,heap     ] GC(0) Survivor regions: 0->7(7)
[2025-03-02T20:35:20.795-0600][gc,heap     ] GC(0) Old regions: 0->3
[2025-03-02T20:35:20.795-0600][gc,heap     ] GC(0) Archive regions: 0->0
[2025-03-02T20:35:20.795-0600][gc,heap     ] GC(0) Humongous regions: 0->0
[2025-03-02T20:35:20.795-0600][gc,metaspace] GC(0) Metaspace: 17359K(17536K)->17359K(17536K) NonClass: 15412K(15488K)->15412K(15488K) Class: 1947K(2048K)->1947K(2048K)
[2025-03-02T20:35:20.795-0600][gc          ] GC(0) Pause Young (Normal) (G1 Evacuation Pause) 51M->9M(1024M) 3.552ms
[2025-03-02T20:35:20.795-0600][gc,cpu      ] GC(0) User=0.00s Sys=0.00s Real=0.00s
[2025-03-02T20:35:20.892-0600][gc,start    ] GC(1) Pause Young (Concurrent Start) (Metadata GC Threshold)
[2025-03-02T20:35:20.892-0600][gc,task     ] GC(1) Using 10 workers of 10 for evacuation
[2025-03-02T20:35:20.894-0600][gc,phases   ] GC(1)   Pre Evacuate Collection Set: 0.0ms
[2025-03-02T20:35:20.894-0600][gc,phases   ] GC(1)   Merge Heap Roots: 0.0ms
[2025-03-02T20:35:20.894-0600][gc,phases   ] GC(1)   Evacuate Collection Set: 1.9ms
[2025-03-02T20:35:20.894-0600][gc,phases   ] GC(1)   Post Evacuate Collection Set: 0.2ms
[2025-03-02T20:35:20.894-0600][gc,phases   ] GC(1)   Other: 0.1ms
[2025-03-02T20:35:20.894-0600][gc,heap     ] GC(1) Eden regions: 14->0(50)
[2025-03-02T20:35:20.894-0600][gc,heap     ] GC(1) Survivor regions: 7->1(7)
[2025-03-02T20:35:20.894-0600][gc,heap     ] GC(1) Old regions: 3->10
[2025-03-02T20:35:20.894-0600][gc,heap     ] GC(1) Archive regions: 0->0
[2025-03-02T20:35:20.894-0600][gc,heap     ] GC(1) Humongous regions: 0->0
[2025-03-02T20:35:20.894-0600][gc,metaspace] GC(1) Metaspace: 21315K(21504K)->21315K(21504K) NonClass: 19015K(19136K)->19015K(19136K) Class: 2299K(2368K)->2299K(2368K)
[2025-03-02T20:35:20.894-0600][gc          ] GC(1) Pause Young (Concurrent Start) (Metadata GC Threshold) 22M->10M(1024M) 2.351ms
[2025-03-02T20:35:20.895-0600][gc,cpu      ] GC(1) User=0.00s Sys=0.00s Real=0.00s
[2025-03-02T20:35:20.895-0600][gc          ] GC(2) Concurrent Mark Cycle
[2025-03-02T20:35:20.895-0600][gc,marking  ] GC(2) Concurrent Clear Claimed Marks
[2025-03-02T20:35:20.895-0600][gc,marking  ] GC(2) Concurrent Clear Claimed Marks 0.013ms
[2025-03-02T20:35:20.895-0600][gc,marking  ] GC(2) Concurrent Scan Root Regions
[2025-03-02T20:35:20.895-0600][gc,marking  ] GC(2) Concurrent Scan Root Regions 0.678ms
[2025-03-02T20:35:20.895-0600][gc,marking  ] GC(2) Concurrent Mark
[2025-03-02T20:35:20.895-0600][gc,marking  ] GC(2) Concurrent Mark From Roots
[2025-03-02T20:35:20.895-0600][gc,task     ] GC(2) Using 3 workers of 3 for marking
[2025-03-02T20:35:20.896-0600][gc,marking  ] GC(2) Concurrent Mark From Roots 1.168ms
[2025-03-02T20:35:20.896-0600][gc,marking  ] GC(2) Concurrent Preclean
[2025-03-02T20:35:20.896-0600][gc,marking  ] GC(2) Concurrent Preclean 0.053ms
[2025-03-02T20:35:20.896-0600][gc,start    ] GC(2) Pause Remark
[2025-03-02T20:35:20.897-0600][gc          ] GC(2) Pause Remark 10M->10M(1024M) 0.633ms
[2025-03-02T20:35:20.897-0600][gc,cpu      ] GC(2) User=0.00s Sys=0.00s Real=0.00s
[2025-03-02T20:35:20.897-0600][gc,marking  ] GC(2) Concurrent Mark 1.961ms
[2025-03-02T20:35:20.897-0600][gc,marking  ] GC(2) Concurrent Rebuild Remembered Sets
[2025-03-02T20:35:20.898-0600][gc,marking  ] GC(2) Concurrent Rebuild Remembered Sets 0.892ms
[2025-03-02T20:35:20.898-0600][gc,start    ] GC(2) Pause Cleanup
[2025-03-02T20:35:20.898-0600][gc          ] GC(2) Pause Cleanup 10M->10M(1024M) 0.049ms
[2025-03-02T20:35:20.898-0600][gc,cpu      ] GC(2) User=0.00s Sys=0.00s Real=0.00s
[2025-03-02T20:35:20.898-0600][gc,marking  ] GC(2) Concurrent Cleanup for Next Mark
[2025-03-02T20:35:20.899-0600][gc,marking  ] GC(2) Concurrent Cleanup for Next Mark 1.019ms
[2025-03-02T20:35:20.899-0600][gc          ] GC(2) Concurrent Mark Cycle 4.798ms
[2025-03-02T20:35:21.296-0600][gc,start    ] GC(3) Pause Young (Normal) (G1 Evacuation Pause)
[2025-03-02T20:35:21.296-0600][gc,task     ] GC(3) Using 10 workers of 10 for evacuation
[2025-03-02T20:35:21.297-0600][gc,phases   ] GC(3)   Pre Evacuate Collection Set: 0.0ms
[2025-03-02T20:35:21.297-0600][gc,phases   ] GC(3)   Merge Heap Roots: 0.0ms
[2025-03-02T20:35:21.297-0600][gc,phases   ] GC(3)   Evacuate Collection Set: 1.5ms
[2025-03-02T20:35:21.297-0600][gc,phases   ] GC(3)   Post Evacuate Collection Set: 0.2ms
[2025-03-02T20:35:21.297-0600][gc,phases   ] GC(3)   Other: 0.1ms
[2025-03-02T20:35:21.297-0600][gc,heap     ] GC(3) Eden regions: 50->0(46)
[2025-03-02T20:35:21.297-0600][gc,heap     ] GC(3) Survivor regions: 1->5(7)
[2025-03-02T20:35:21.297-0600][gc,heap     ] GC(3) Old regions: 10->10
[2025-03-02T20:35:21.297-0600][gc,heap     ] GC(3) Archive regions: 0->0
[2025-03-02T20:35:21.298-0600][gc,heap     ] GC(3) Humongous regions: 9->9
[2025-03-02T20:35:21.298-0600][gc,metaspace] GC(3) Metaspace: 32241K(32512K)->32241K(32512K) NonClass: 28598K(28736K)->28598K(28736K) Class: 3643K(3776K)->3643K(3776K)
[2025-03-02T20:35:21.298-0600][gc          ] GC(3) Pause Young (Normal) (G1 Evacuation Pause) 69M->22M(1024M) 1.966ms
[2025-03-02T20:35:21.298-0600][gc,cpu      ] GC(3) User=0.00s Sys=0.00s Real=0.00s
[2025-03-02T20:35:21.413-0600][gc,start    ] GC(4) Pause Young (Concurrent Start) (Metadata GC Threshold)
[2025-03-02T20:35:21.413-0600][gc,task     ] GC(4) Using 10 workers of 10 for evacuation
[2025-03-02T20:35:21.415-0600][gc,phases   ] GC(4)   Pre Evacuate Collection Set: 0.0ms
[2025-03-02T20:35:21.415-0600][gc,phases   ] GC(4)   Merge Heap Roots: 0.0ms
[2025-03-02T20:35:21.415-0600][gc,phases   ] GC(4)   Evacuate Collection Set: 2.0ms
[2025-03-02T20:35:21.415-0600][gc,phases   ] GC(4)   Post Evacuate Collection Set: 0.2ms
[2025-03-02T20:35:21.415-0600][gc,phases   ] GC(4)   Other: 0.1ms
[2025-03-02T20:35:21.415-0600][gc,heap     ] GC(4) Eden regions: 23->0(44)
[2025-03-02T20:35:21.415-0600][gc,heap     ] GC(4) Survivor regions: 5->7(7)
[2025-03-02T20:35:21.415-0600][gc,heap     ] GC(4) Old regions: 10->10
[2025-03-02T20:35:21.415-0600][gc,heap     ] GC(4) Archive regions: 0->0
[2025-03-02T20:35:21.415-0600][gc,heap     ] GC(4) Humongous regions: 9->9
[2025-03-02T20:35:21.415-0600][gc,metaspace] GC(4) Metaspace: 35794K(36096K)->35794K(36096K) NonClass: 31788K(31936K)->31788K(31936K) Class: 4005K(4160K)->4005K(4160K)
[2025-03-02T20:35:21.415-0600][gc          ] GC(4) Pause Young (Concurrent Start) (Metadata GC Threshold) 45M->25M(1024M) 2.567ms
[2025-03-02T20:35:21.415-0600][gc,cpu      ] GC(4) User=0.06s Sys=0.12s Real=0.00s
[2025-03-02T20:35:21.415-0600][gc          ] GC(5) Concurrent Mark Cycle
[2025-03-02T20:35:21.415-0600][gc,marking  ] GC(5) Concurrent Clear Claimed Marks
[2025-03-02T20:35:21.416-0600][gc,marking  ] GC(5) Concurrent Clear Claimed Marks 0.025ms
[2025-03-02T20:35:21.416-0600][gc,marking  ] GC(5) Concurrent Scan Root Regions
[2025-03-02T20:35:21.417-0600][gc,marking  ] GC(5) Concurrent Scan Root Regions 1.308ms
[2025-03-02T20:35:21.417-0600][gc,marking  ] GC(5) Concurrent Mark
[2025-03-02T20:35:21.417-0600][gc,marking  ] GC(5) Concurrent Mark From Roots
[2025-03-02T20:35:21.417-0600][gc,task     ] GC(5) Using 3 workers of 3 for marking
[2025-03-02T20:35:21.420-0600][gc,marking  ] GC(5) Concurrent Mark From Roots 2.487ms
[2025-03-02T20:35:21.420-0600][gc,marking  ] GC(5) Concurrent Preclean
[2025-03-02T20:35:21.420-0600][gc,marking  ] GC(5) Concurrent Preclean 0.071ms
[2025-03-02T20:35:21.420-0600][gc,start    ] GC(5) Pause Remark
[2025-03-02T20:35:21.421-0600][gc          ] GC(5) Pause Remark 26M->26M(1024M) 0.797ms
[2025-03-02T20:35:21.421-0600][gc,cpu      ] GC(5) User=0.00s Sys=0.00s Real=0.00s
[2025-03-02T20:35:21.421-0600][gc,marking  ] GC(5) Concurrent Mark 3.596ms
[2025-03-02T20:35:21.421-0600][gc,marking  ] GC(5) Concurrent Rebuild Remembered Sets
[2025-03-02T20:35:21.422-0600][gc,marking  ] GC(5) Concurrent Rebuild Remembered Sets 1.143ms
[2025-03-02T20:35:21.422-0600][gc,start    ] GC(5) Pause Cleanup
[2025-03-02T20:35:21.422-0600][gc          ] GC(5) Pause Cleanup 26M->26M(1024M) 0.053ms
[2025-03-02T20:35:21.422-0600][gc,cpu      ] GC(5) User=0.00s Sys=0.00s Real=0.00s
[2025-03-02T20:35:21.422-0600][gc,marking  ] GC(5) Concurrent Cleanup for Next Mark
[2025-03-02T20:35:21.425-0600][gc,marking  ] GC(5) Concurrent Cleanup for Next Mark 1.482ms
[2025-03-02T20:35:21.425-0600][gc          ] GC(5) Concurrent Mark Cycle 8.473ms
[2025-03-02T20:39:30.855-0600][gc,start    ] GC(6) Pause Young (Normal) (G1 Evacuation Pause)
[2025-03-02T20:39:30.855-0600][gc,task     ] GC(6) Using 10 workers of 10 for evacuation
[2025-03-02T20:39:30.857-0600][gc,phases   ] GC(6)   Pre Evacuate Collection Set: 0.1ms
[2025-03-02T20:39:30.858-0600][gc,phases   ] GC(6)   Merge Heap Roots: 0.0ms
[2025-03-02T20:39:30.858-0600][gc,phases   ] GC(6)   Evacuate Collection Set: 2.7ms
[2025-03-02T20:39:30.858-0600][gc,phases   ] GC(6)   Post Evacuate Collection Set: 0.3ms
[2025-03-02T20:39:30.858-0600][gc,phases   ] GC(6)   Other: 0.1ms
[2025-03-02T20:39:30.858-0600][gc,heap     ] GC(6) Eden regions: 44->0(45)
[2025-03-02T20:39:30.858-0600][gc,heap     ] GC(6) Survivor regions: 7->6(7)
[2025-03-02T20:39:30.858-0600][gc,heap     ] GC(6) Old regions: 10->14
[2025-03-02T20:39:30.858-0600][gc,heap     ] GC(6) Archive regions: 0->0
[2025-03-02T20:39:30.858-0600][gc,heap     ] GC(6) Humongous regions: 138->138
[2025-03-02T20:39:30.858-0600][gc,metaspace] GC(6) Metaspace: 40880K(41344K)->40880K(41344K) NonClass: 36274K(36544K)->36274K(36544K) Class: 4605K(4800K)->4605K(4800K)
[2025-03-02T20:39:30.858-0600][gc          ] GC(6) Pause Young (Normal) (G1 Evacuation Pause) 198M->157M(1024M) 3.310ms
[2025-03-02T20:39:30.858-0600][gc,cpu      ] GC(6) User=0.00s Sys=0.00s Real=0.00s
[2025-03-02T20:43:12.701-0600][gc,start    ] GC(7) Pause Young (Normal) (G1 Evacuation Pause)
[2025-03-02T20:43:12.701-0600][gc,task     ] GC(7) Using 10 workers of 10 for evacuation
[2025-03-02T20:43:12.703-0600][gc,phases   ] GC(7)   Pre Evacuate Collection Set: 0.1ms
[2025-03-02T20:43:12.703-0600][gc,phases   ] GC(7)   Merge Heap Roots: 0.0ms
[2025-03-02T20:43:12.703-0600][gc,phases   ] GC(7)   Evacuate Collection Set: 1.9ms
[2025-03-02T20:43:12.703-0600][gc,phases   ] GC(7)   Post Evacuate Collection Set: 0.2ms
[2025-03-02T20:43:12.703-0600][gc,phases   ] GC(7)   Other: 0.1ms
[2025-03-02T20:43:12.703-0600][gc,heap     ] GC(7) Eden regions: 45->0(46)
[2025-03-02T20:43:12.703-0600][gc,heap     ] GC(7) Survivor regions: 6->5(7)
[2025-03-02T20:43:12.703-0600][gc,heap     ] GC(7) Old regions: 14->17
[2025-03-02T20:43:12.703-0600][gc,heap     ] GC(7) Archive regions: 0->0
[2025-03-02T20:43:12.703-0600][gc,heap     ] GC(7) Humongous regions: 138->138
[2025-03-02T20:43:12.703-0600][gc,metaspace] GC(7) Metaspace: 43610K(44224K)->43610K(44224K) NonClass: 38598K(38912K)->38598K(38912K) Class: 5011K(5312K)->5011K(5312K)
[2025-03-02T20:43:12.703-0600][gc          ] GC(7) Pause Young (Normal) (G1 Evacuation Pause) 202M->159M(1024M) 2.475ms
[2025-03-02T20:43:12.703-0600][gc,cpu      ] GC(7) User=0.00s Sys=0.00s Real=0.00s
[2025-03-02T20:44:17.404-0600][gc,heap,exit] Heap
[2025-03-02T20:44:17.404-0600][gc,heap,exit]  garbage-first heap   total 1048576K, used 192842K [0x00000000c0000000, 0x0000000100000000)
[2025-03-02T20:44:17.404-0600][gc,heap,exit]   region size 1024K, 35 young (35840K), 5 survivors (5120K)
[2025-03-02T20:44:17.404-0600][gc,heap,exit]  Metaspace       used 45334K, committed 45952K, reserved 1114112K
[2025-03-02T20:44:17.404-0600][gc,heap,exit]   class space    used 5283K, committed 5568K, reserved 1048576K
